#Timing report of worst 1 path(s)
# Unit scale: 1e-09 seconds
# Output precision: 3

#Path 1
Startpoint: Q.inpad[0] (.input clocked by virtual_io_clock)
Endpoint  : out:F.outpad[0] (.output clocked by virtual_io_clock)
Path Type : setup

Point                                                               Incr      Path
----------------------------------------------------------------------------------
clock virtual_io_clock (rise edge)                                 0.000     0.000
clock source latency                                               0.000     0.000
input external delay                                               0.000     0.000
Q.inpad[0] (.input)                                                0.000     0.000
$iopadmap$blink.Q.I_PAD_$inp[0] (BIDIR_CELL)                       0.000     0.000
$iopadmap$blink.Q.I_DAT[0] (BIDIR_CELL)                           10.958    10.958
F_LUT3_O.t_frag.XA1[0] (T_FRAG)                                    7.391    18.349
F_LUT3_O.t_frag.XZ[0] (T_FRAG)                                     1.549    19.898
$iopadmap$blink.F.O_DAT[0] (BIDIR_CELL)                            8.604    28.503
$iopadmap$blink.F.O_PAD_$out[0] (BIDIR_CELL)                       9.809    38.312
out:F.outpad[0] (.output)                                          0.000    38.312
data arrival time                                                           38.312

clock virtual_io_clock (rise edge)                                 0.000     0.000
clock source latency                                               0.000     0.000
clock uncertainty                                                  0.000     0.000
output external delay                                              0.000     0.000
data required time                                                           0.000
----------------------------------------------------------------------------------
data required time                                                           0.000
data arrival time                                                          -38.312
----------------------------------------------------------------------------------
slack (VIOLATED)                                                           -38.312


#End of timing report
