VPR FPGA Placement and Routing.
Version: 8.1.0-dev+dadca7ecf-dirty
Revision: v8.0.0-rc2-2909-gdadca7ecf-dirty
Compiled: 2025-09-16T09:59:15
Compiler: GNU 12.2.0 on Linux-6.2.1-PRoot-Distro armv8l
Build Info: release IPO VTR_ASSERT_LEVEL=2

University of Toronto
verilogtorouting.org
vtr-users@googlegroups.com
This is free open source code under MIT license.

VPR was run with the following command-line:
vpr /root/symbiflow/quicklogic-arch-defs/share/arch/ql-eos-s3_wlcsp/arch.timing.xml decade_counter.eblif --device ql-eos-s3 --max_router_iterations 500 --routing_failure_predictor off --router_high_fanout_threshold -1 --constant_net_method route --route_chan_width 100 --clock_modeling route --place_delay_model delta_override --router_lookahead map --check_route quick --strict_checks off --allow_dangling_combinational_nodes on --disable_errors check_unbuffered_edges:check_route --congested_routing_iteration_threshold 0.8 --incremental_reroute_delay_ripup off --base_cost_type delay_normalized_length_bounded --bb_factor 10 --initial_pres_fac 4.0 --check_rr_graph off --suppress_warnings ,sum_pin_class:check_unbuffered_edges:load_rr_indexed_data_T_values:check_rr_node:trans_per_R:check_route:set_rr_graph_tool_comment:warn_model_missing_timing --read_rr_graph /root/symbiflow/quicklogic-arch-defs/share/arch/ql-eos-s3_wlcsp/rr_graph_ql-eos-s3_wlcsp.rr_graph.real.bin --read_placement_delay_lookup /root/symbiflow/quicklogic-arch-defs/share/arch/ql-eos-s3_wlcsp/rr_graph_ql-eos-s3_wlcsp.place_delay.bin --sdc_file /root/vaman/fpga/sevenseg/codes/loop/build/decade_counter_dummy.sdc --fix_clusters decade_counter_constraints.place --place


Architecture file: /root/symbiflow/quicklogic-arch-defs/share/arch/ql-eos-s3_wlcsp/arch.timing.xml
Circuit name: decade_counter

# Loading Architecture Description
# Loading Architecture Description took 1.90 seconds (max_rss 21.6 MiB, delta_rss +17.9 MiB)
# Building complex block graph
# Building complex block graph took 0.52 seconds (max_rss 22.2 MiB, delta_rss +0.6 MiB)
# Load circuit
# Load circuit took 0.08 seconds (max_rss 23.7 MiB, delta_rss +1.5 MiB)
# Clean circuit
Absorbed 1144 LUT buffers
Inferred  106 additional primitive pins as constant generators since they have no combinationally connected inputs
Inferred   44 additional primitive pins as constant generators due to constant inputs
Inferred    0 additional primitive pins as constant generators since they have no combinationally connected inputs
Inferred    0 additional primitive pins as constant generators due to constant inputs
Inferred    0 additional primitive pins as constant generators since they have no combinationally connected inputs
Inferred    0 additional primitive pins as constant generators due to constant inputs
Swept input(s)      : 0
Swept output(s)     : 0 (0 dangling, 0 constant)
Swept net(s)        : 141
Swept block(s)      : 1
Constant Pins Marked: 150
# Clean circuit took 0.04 seconds (max_rss 25.1 MiB, delta_rss +1.3 MiB)
# Compress circuit
# Compress circuit took 0.01 seconds (max_rss 25.1 MiB, delta_rss +0.0 MiB)
# Verify circuit
# Verify circuit took 0.00 seconds (max_rss 25.1 MiB, delta_rss +0.0 MiB)
Circuit Statistics:
  Blocks: 156
    .output   :       7
    ASSP      :       1
    BIDIR_CELL:       7
    C_FRAG    :      20
    F_FRAG    :       1
    GND       :       1
    Q_FRAG    :      35
    T_FRAG    :      83
    VCC       :       1
  Nets  : 149
    Avg Fanout:     8.6
    Max Fanout:   541.0
    Min Fanout:     1.0
  Netlist Clocks: 1
# Build Timing Graph
  Timing Graph Nodes: 1427
  Timing Graph Edges: 2311
  Timing Graph Levels: 28
# Build Timing Graph took 0.01 seconds (max_rss 25.1 MiB, delta_rss +0.0 MiB)
Netlist contains 1 clocks
  Netlist Clock 'clk' Fanout: 35 pins (2.5%), 35 blocks (22.4%)
# Load Timing Constraints

SDC file '/root/vaman/fpga/sevenseg/codes/loop/build/decade_counter_dummy.sdc' contained no SDC commands
Setting default timing constraints:
   * constrain all primay inputs and primary outputs on netlist clock 'clk'
   * optimize netlist clock to run as fast as possible
Timing constraints created 1 clocks
  Constrained Clock 'clk' Source: 'u_qlal4s3b_cell_macro.Sys_Clk0[0]'

# Load Timing Constraints took 0.00 seconds (max_rss 25.1 MiB, delta_rss +0.0 MiB)
Timing analysis: ON
Circuit netlist file: decade_counter.net
Circuit placement file: decade_counter.place
Circuit routing file: decade_counter.route
Circuit SDC file: /root/vaman/fpga/sevenseg/codes/loop/build/decade_counter_dummy.sdc

Packer: ENABLED
Placer: ENABLED
Router: DISABLED
Analysis: DISABLED

NetlistOpts.abosrb_buffer_luts            : true
NetlistOpts.sweep_dangling_primary_ios    : true
NetlistOpts.sweep_dangling_nets           : true
NetlistOpts.sweep_dangling_blocks         : true
NetlistOpts.sweep_constant_primary_outputs: false
NetlistOpts.netlist_verbosity             : 1
NetlistOpts.const_gen_inference           : COMB_SEQ

PackerOpts.allow_unrelated_clustering: auto
PackerOpts.alpha_clustering: 0.750000
PackerOpts.beta_clustering: 0.900000
PackerOpts.cluster_seed_type: BLEND2
PackerOpts.connection_driven: true
PackerOpts.global_clocks: true
PackerOpts.hill_climbing_flag: false
PackerOpts.inter_cluster_net_delay: 1.000000
PackerOpts.timing_driven: true
PackerOpts.target_external_pin_util: auto

PlacerOpts.place_freq: PLACE_ONCE
PlacerOpts.place_algorithm: CRITICALITY_TIMING_PLACE
PlacerOpts.pad_loc_type: FREE
PlacerOpts.constraints_file: Using constraints file 'decade_counter_constraints.place'
PlacerOpts.place_cost_exp: 1.000000
PlacerOpts.place_chan_width: 100
PlacerOpts.inner_loop_recompute_divider: 0
PlacerOpts.recompute_crit_iter: 1
PlacerOpts.timing_tradeoff: 0.500000
PlacerOpts.td_place_exp_first: 1.000000
PlacerOpts.td_place_exp_last: 8.000000
PlacerOpts.delay_offset: 0.000000
PlacerOpts.delay_ramp_delta_threshold: -1
PlacerOpts.delay_ramp_slope: 0.000000
PlacerOpts.tsu_rel_margin: 1.000000
PlacerOpts.tsu_abs_margin: 0.000000
PlacerOpts.post_place_timing_report_file: 
PlacerOpts.allowed_tiles_for_delay_model: 
PlacerOpts.delay_model_reducer: MIN
PlacerOpts.delay_model_type: DELTA_OVERRIDE
PlacerOpts.rlim_escape_fraction: 0.000000
PlacerOpts.move_stats_file: 
PlacerOpts.placement_saves_per_temperature: 0
PlacerOpts.effort_scaling: CIRCUIT
PlacerOpts.place_delta_delay_matrix_calculation_method: ASTAR_ROUTE
PlaceOpts.seed: 1
AnnealSched.type: AUTO_SCHED
AnnealSched.inner_num: 1.000000

RoutingArch.directionality: BI_DIRECTIONAL
RoutingArch.switch_block_type: WILTON
RoutingArch.Fs: 3

# Load Packing
Begin loading packed FPGA netlist file.
Netlist generated from file 'decade_counter.net'.
Detected 2 constant generators (to see names run with higher pack verbosity)
Finished loading packed FPGA netlist file (took 0.129571 seconds).
# Load Packing took 0.14 seconds (max_rss 26.4 MiB, delta_rss +1.3 MiB)
Warning 1: Netlist contains 0 global net to non-global architecture pin connections
Warning 2: Logic block #70 ($false) has only 1 output pin '$false.GND0_GND[0]'. It may be a constant generator.
Warning 3: Logic block #71 ($true) has only 1 output pin '$true.VCC0_VCC[0]'. It may be a constant generator.

Netlist num_nets: 113
Netlist num_blocks: 72
Netlist EMPTY blocks: 0.
Netlist PB-GMUX blocks: 0.
Netlist PB-LOGIC blocks: 62.
Netlist PB-CLOCK blocks: 0.
Netlist PB-MULT blocks: 0.
Netlist PB-SDIOMUX blocks: 0.
Netlist PB-RAM blocks: 0.
Netlist PB-SYN_VCC blocks: 1.
Netlist PB-BIDIR blocks: 7.
Netlist PB-SYN_GND blocks: 1.
Netlist PB-ASSP blocks: 1.
Netlist inputs pins: 0
Netlist output pins: 21


Pb types usage...
  PB-LOGIC          : 62
   LOGIC            : 62
    FRAGS           : 62
     c_frag_modes   : 62
      SINGLE        : 20
       c_frag       : 20
      SPLIT         : 42
       b_frag       : 42
       t_frag       : 41
     f_frag         : 1
     q_frag_modes   : 35
      INT           : 29
       q_frag       : 29
      EXT           : 6
       q_frag       : 6
  PB-SYN_VCC        : 1
   VCC              : 1
  PB-BIDIR          : 7
   BIDIR            : 7
    OUTPUT          : 7
     bidir          : 7
     outpad         : 7
  PB-SYN_GND        : 1
   GND              : 1
  PB-ASSP           : 1
   ASSP             : 1

# Create Device
## Build Device Grid
FPGA sized to 39 x 35: 1365 grid tiles (ql-eos-s3)

Resource usage...
	Netlist
		0	blocks of type: PB-GMUX
	Architecture
		5	blocks of type: TL-GMUX
	Netlist
		62	blocks of type: PB-LOGIC
	Architecture
		891	blocks of type: TL-LOGIC
	Netlist
		0	blocks of type: PB-CLOCK
	Architecture
		5	blocks of type: TL-CLOCK
	Netlist
		0	blocks of type: PB-MULT
	Architecture
		2	blocks of type: TL-MULT
	Netlist
		0	blocks of type: PB-SDIOMUX
	Architecture
		14	blocks of type: TL-SDIOMUX
	Netlist
		0	blocks of type: PB-RAM
	Architecture
		4	blocks of type: TL-RAM
	Netlist
		1	blocks of type: PB-SYN_VCC
	Architecture
		1	blocks of type: TL-SYN_VCC
	Netlist
		7	blocks of type: PB-BIDIR
	Architecture
		32	blocks of type: TL-BIDIR
	Netlist
		1	blocks of type: PB-SYN_GND
	Architecture
		1	blocks of type: TL-SYN_GND
	Netlist
		1	blocks of type: PB-ASSP
	Architecture
		1	blocks of type: TL-ASSP

Device Utilization: 0.05 (target 1.00)
	Physical Tile TL-LOGIC:
	Block Utilization: 0.07 Logical Block: PB-LOGIC
	Physical Tile TL-RAM:
	Block Utilization: 0.00 Logical Block: PB-RAM
	Physical Tile TL-MULT:
	Block Utilization: 0.00 Logical Block: PB-MULT
	Physical Tile TL-BIDIR:
	Block Utilization: 0.22 Logical Block: PB-BIDIR
	Physical Tile TL-CLOCK:
	Block Utilization: 0.00 Logical Block: PB-CLOCK
	Physical Tile TL-SDIOMUX:
	Block Utilization: 0.00 Logical Block: PB-SDIOMUX
	Physical Tile TL-GMUX:
	Block Utilization: 0.00 Logical Block: PB-GMUX
	Physical Tile TL-ASSP:
	Block Utilization: 1.00 Logical Block: PB-ASSP
	Physical Tile TL-SYN_VCC:
	Block Utilization: 1.00 Logical Block: PB-SYN_VCC
	Physical Tile TL-SYN_GND:
	Block Utilization: 1.00 Logical Block: PB-SYN_GND

## Build Device Grid took 0.03 seconds (max_rss 26.4 MiB, delta_rss +0.0 MiB)
## Loading routing resource graph



Warning 4: This architecture version is for VPR 8.1.0-dev+dadca7ecf-dirty while your current VPR version is 8.1.0-dev+dadca7ecf compatability issues may arise

## Loading routing resource graph took 3.29 seconds (max_rss 331.9 MiB, delta_rss +305.6 MiB)
  RR Graph Nodes: 1396446
  RR Graph Edges: 2337988
# Create Device took 10.06 seconds (max_rss 331.9 MiB, delta_rss +305.6 MiB)

# Computing router lookahead map
## Computing wire lookahead
Warning 5: Unable to find any sample location for segment CHANX type 'generic' (length 1)
Warning 6: Unable to find any sample location for segment CHANY type 'generic' (length 1)
Warning 7: Unable to find any sample location for segment CHANX type 'pad' (length 1)
Warning 8: Unable to find any sample location for segment CHANY type 'pad' (length 1)
## Computing wire lookahead took 198.98 seconds (max_rss 331.9 MiB, delta_rss +0.0 MiB)
## Computing src/opin lookahead
## Computing src/opin lookahead took 0.00 seconds (max_rss 331.9 MiB, delta_rss +0.0 MiB)
# Computing router lookahead map took 198.99 seconds (max_rss 331.9 MiB, delta_rss +0.0 MiB)
# Placement
## Computing placement delta delay look-up
  RR Graph Nodes: 1396446
  RR Graph Edges: 2337988
## Computing placement delta delay look-up took 6.94 seconds (max_rss 331.9 MiB, delta_rss +0.0 MiB)
Warning 9: CHANX place cost fac is 0 at 2 2
Warning 10: CHANX place cost fac is 0 at 34 34
Warning 11: CHANY place cost fac is 0 at 38 38
## Initial Placement
Reading decade_counter_constraints.place.

Successfully read decade_counter_constraints.place.

## Initial Placement took 0.01 seconds (max_rss 331.9 MiB, delta_rss +0.0 MiB)

There are 1201 point to point connections in this circuit.


BB estimate of min-dist (placement) wire length: 5609

Completed placement consistency check successfully.
Initial placement cost: 1 bb_cost: 8.29188 td_cost: 2.1139e-06
Initial placement estimated Critical Path Delay (CPD): 139.558 ns
Initial placement estimated setup Total Negative Slack (sTNS): -4244.25 ns
Initial placement estimated setup Worst Negative Slack (sWNS): -139.558 ns

Initial placement estimated setup slack histogram:
[ -1.4e-07: -1.3e-07)  2 (  5.4%) |******
[ -1.3e-07: -1.3e-07)  2 (  5.4%) |******
[ -1.3e-07: -1.2e-07)  3 (  8.1%) |*********
[ -1.2e-07: -1.2e-07)  9 ( 24.3%) |***************************
[ -1.2e-07: -1.1e-07) 16 ( 43.2%) |************************************************
[ -1.1e-07:   -1e-07)  0 (  0.0%) |
[   -1e-07: -9.8e-08)  1 (  2.7%) |***
[ -9.8e-08: -9.2e-08)  0 (  0.0%) |
[ -9.2e-08: -8.6e-08)  1 (  2.7%) |***
[ -8.6e-08:   -8e-08)  3 (  8.1%) |*********
Placement contains 0 placement macros involving 0 blocks (average macro size nan)

Moves per temperature: 299
Warning 12: Starting t: 71 of 72 configurations accepted.

---- ------ ------- ------- ---------- ---------- ------- ---------- -------- ------- ------- ------ -------- --------- ------
Tnum   Time       T Av Cost Av BB Cost Av TD Cost     CPD       sTNS     sWNS Ac Rate Std Dev  R lim Crit Exp Tot Moves  Alpha
      (sec)                                          (ns)       (ns)     (ns)                                                 
---- ------ ------- ------- ---------- ---------- ------- ---------- -------- ------- ------- ------ -------- --------- ------
   1    0.0 2.5e-01   0.984       7.94 2.0402e-06 134.073  -3.89e+03 -134.073   0.943  0.0257   38.0     1.00       299  0.200
   2    0.0 2.3e-01   1.025       7.83 1.994e-06  129.827  -3.89e+03 -129.827   0.943  0.0198   38.0     1.00       598  0.900
   3    0.0 2.1e-01   0.978       7.53 1.9226e-06 120.974  -3.78e+03 -120.974   0.930  0.0243   38.0     1.00       897  0.900
   4    0.0 1.9e-01   1.022       8.01 2.0975e-06 125.813  -3.98e+03 -125.813   0.957  0.0282   38.0     1.00      1196  0.900
   5    0.0 1.7e-01   0.953       7.95 1.9827e-06 141.557  -4.06e+03 -141.557   0.930  0.0250   38.0     1.00      1495  0.900
   6    0.0 1.5e-01   0.961       7.98 1.9788e-06 139.872  -4.18e+03 -139.872   0.940  0.0271   38.0     1.00      1794  0.900
   7    0.0 1.3e-01   1.028       8.14 2.0204e-06 142.801  -4.32e+03 -142.801   0.957  0.0338   38.0     1.00      2093  0.900
   8    0.0 1.2e-01   1.007       7.96 2.0093e-06 116.664  -3.65e+03 -116.664   0.946  0.0223   38.0     1.00      2392  0.900
   9    0.0 1.1e-01   1.014       7.83 2.0378e-06 124.421  -4.13e+03 -124.421   0.940  0.0279   38.0     1.00      2691  0.900
  10    0.0 9.8e-02   0.946       7.77 1.8943e-06 148.744  -4.37e+03 -148.744   0.957  0.0268   38.0     1.00      2990  0.900
  11    0.0 8.8e-02   0.977       8.10 2.0134e-06 138.315  -4.12e+03 -138.315   0.923  0.0209   38.0     1.00      3289  0.900
  12    0.0 8.0e-02   0.966       7.79 1.8964e-06 145.577  -4.37e+03 -145.577   0.926  0.0307   38.0     1.00      3588  0.900
  13    0.0 7.2e-02   0.957       7.62 1.9621e-06 127.634   -4.1e+03 -127.634   0.960  0.0223   38.0     1.00      3887  0.900
  14    0.0 6.5e-02   0.973       7.65 1.9164e-06 141.956  -4.16e+03 -141.956   0.916  0.0272   38.0     1.00      4186  0.900
  15    0.0 5.8e-02   1.004       7.66 1.9441e-06 132.863  -3.82e+03 -132.863   0.903  0.0240   38.0     1.00      4485  0.900
  16    0.0 5.2e-02   0.993       7.56 1.9602e-06 124.668  -3.72e+03 -124.668   0.916  0.0205   38.0     1.00      4784  0.900
  17    0.0 4.7e-02   1.014       7.59 1.9829e-06 125.056  -3.87e+03 -125.056   0.900  0.0232   38.0     1.00      5083  0.900
  18    0.0 4.2e-02   0.974       7.65 1.9814e-06 135.339  -3.95e+03 -135.339   0.903  0.0296   38.0     1.00      5382  0.900
  19    0.0 3.8e-02   1.036       7.86 2.066e-06  128.952   -3.8e+03 -128.952   0.920  0.0223   38.0     1.00      5681  0.900
  20    0.0 3.4e-02   0.997       7.79 2.0022e-06 131.843  -4.02e+03 -131.843   0.876  0.0278   38.0     1.00      5980  0.900
  21    0.0 3.1e-02   0.961       7.83 1.973e-06  130.155  -3.89e+03 -130.155   0.906  0.0311   38.0     1.00      6279  0.900
  22    0.0 2.8e-02   0.944       7.89 1.9534e-06 143.941  -4.28e+03 -143.941   0.866  0.0234   38.0     1.00      6578  0.900
  23    0.0 2.5e-02   1.021       7.77 2.0229e-06 114.633  -3.59e+03 -114.633   0.876  0.0349   38.0     1.00      6877  0.900
  24    0.0 2.2e-02   0.947       7.48 1.9026e-06 119.448  -3.82e+03 -119.448   0.836  0.0296   38.0     1.00      7176  0.900
  25    0.0 2.0e-02   0.969       7.19 1.8908e-06 112.697  -3.51e+03 -112.697   0.803  0.0318   38.0     1.00      7475  0.900
  26    0.0 1.8e-02   1.041       7.55 1.9962e-06 107.571  -3.43e+03 -107.571   0.833  0.0222   38.0     1.00      7774  0.900
  27    0.0 1.6e-02   0.993       7.80 1.928e-06  129.331  -4.07e+03 -129.331   0.786  0.0243   38.0     1.00      8073  0.900
  28    0.0 1.6e-02   1.003       7.35 1.864e-06  126.526  -3.86e+03 -126.526   0.809  0.0277   38.0     1.00      8372  0.950
  29    0.0 1.4e-02   1.030       7.45 2.0196e-06 104.662  -3.33e+03 -104.662   0.773  0.0184   38.0     1.00      8671  0.900
  30    0.0 1.3e-02   0.919       7.13 1.7888e-06 132.990  -4.02e+03 -132.990   0.736  0.0400   38.0     1.00      8970  0.950
  31    0.0 1.3e-02   1.013       7.23 1.8787e-06 119.456   -3.6e+03 -119.456   0.722  0.0260   38.0     1.00      9269  0.950
  32    0.0 1.2e-02   0.971       7.05 1.8773e-06 110.587  -3.44e+03 -110.587   0.689  0.0227   38.0     1.00      9568  0.950
  33    0.0 1.1e-02   0.966       6.98 1.7832e-06 123.745  -3.93e+03 -123.745   0.702  0.0384   38.0     1.00      9867  0.950
  34    0.0 1.1e-02   1.017       6.70 1.6872e-06 107.173  -3.37e+03 -107.173   0.625  0.0289   38.0     1.00     10166  0.950
  35    0.0 1.0e-02   1.076       6.94 1.6856e-06 120.174  -3.46e+03 -120.174   0.689  0.0318   38.0     1.00     10465  0.950
  36    0.0 9.8e-03   0.986       6.81 1.7407e-06 116.659  -3.64e+03 -116.659   0.645  0.0328   38.0     1.00     10764  0.950
  37    0.0 9.3e-03   1.024       7.04 1.802e-06  123.592  -3.68e+03 -123.592   0.649  0.0278   38.0     1.00     11063  0.950
  38    0.0 8.8e-03   0.985       7.32 1.8025e-06 125.333   -3.7e+03 -125.333   0.682  0.0275   38.0     1.00     11362  0.950
  39    0.0 8.4e-03   0.966       6.76 1.7791e-06 114.785  -3.41e+03 -114.785   0.615  0.0284   38.0     1.00     11661  0.950
  40    0.0 8.0e-03   0.982       6.35 1.7113e-06 108.743  -3.31e+03 -108.743   0.562  0.0162   38.0     1.00     11960  0.950
  41    0.0 7.6e-03   1.027       6.65 1.6953e-06 114.317  -3.54e+03 -114.317   0.595  0.0168   38.0     1.00     12259  0.950
  42    0.0 7.2e-03   0.975       6.55 1.7232e-06 114.947  -3.46e+03 -114.947   0.595  0.0159   38.0     1.00     12558  0.950
  43    0.0 6.8e-03   0.979       6.47 1.6585e-06 114.357  -3.54e+03 -114.357   0.515  0.0226   38.0     1.00     12857  0.950
  44    0.0 6.5e-03   1.048       6.58 1.6587e-06 109.308  -3.38e+03 -109.308   0.498  0.0291   38.0     1.00     13156  0.950
  45    0.0 6.2e-03   0.952       6.72 1.8151e-06 113.345  -3.58e+03 -113.345   0.498  0.0205   38.0     1.00     13455  0.950
  46    0.0 5.9e-03   0.958       6.53 1.6499e-06 121.558  -3.78e+03 -121.558   0.455  0.0248   38.0     1.00     13754  0.950
  47    0.0 5.6e-03   0.990       6.64 1.6734e-06 115.265   -3.5e+03 -115.265   0.502  0.0177   38.0     1.00     14053  0.950
  48    0.0 5.3e-03   0.959       6.23 1.6534e-06 105.135  -3.32e+03 -105.135   0.428  0.0315   38.0     1.00     14352  0.950
  49    0.0 5.0e-03   0.995       5.94 1.4523e-06 115.056  -3.74e+03 -115.056   0.425  0.0140   37.5     1.09     14651  0.950
  50    0.0 4.8e-03   1.003       5.82 1.5874e-06  93.928     -3e+03  -93.928   0.355  0.0206   37.0     1.19     14950  0.950
  51    0.0 4.5e-03   0.955       5.64 1.2481e-06 108.129  -3.08e+03 -108.129   0.401  0.0417   33.8     1.79     15249  0.950
  52    0.0 4.3e-03   1.025       5.46 1.1577e-06  94.036  -2.88e+03  -94.036   0.358  0.0163   32.5     2.04     15548  0.950
  53    0.0 4.1e-03   0.984       5.14 9.3501e-07 102.106  -3.16e+03 -102.106   0.291  0.0141   29.8     2.54     15847  0.950
  54    0.0 3.9e-03   1.004       5.11 8.2519e-07  91.817  -2.83e+03  -91.817   0.247  0.0065   25.4     3.39     16146  0.950
  55    0.0 3.7e-03   0.965       4.83 6.8248e-07  94.359  -2.87e+03  -94.359   0.251  0.0275   20.5     4.31     16445  0.950
  56    0.0 3.5e-03   0.994       4.61 5.9387e-07  94.818  -2.87e+03  -94.818   0.241  0.0111   16.6     5.04     16744  0.950
  57    0.0 3.3e-03   0.965       4.59 6.4393e-07  80.852  -2.64e+03  -80.852   0.281  0.0146   13.3     5.67     17043  0.950
  58    0.0 3.2e-03   0.953       4.36 5.0155e-07  86.074  -2.64e+03  -86.074   0.274  0.0202   11.2     6.07     17342  0.950
  59    0.0 3.0e-03   0.971       4.15 5.101e-07   86.576  -2.77e+03  -86.576   0.241  0.0125    9.3     6.42     17641  0.950
  60    0.0 2.9e-03   1.008       4.22 4.6698e-07  93.798   -2.9e+03  -93.798   0.334  0.0120    7.5     6.77     17940  0.950
  61    0.0 2.7e-03   0.984       4.25 5.0342e-07  88.137  -2.78e+03  -88.137   0.361  0.0098    6.7     6.92     18239  0.950
  62    0.0 2.6e-03   1.014       4.25 5.1526e-07  81.113  -2.54e+03  -81.113   0.401  0.0110    6.2     7.02     18538  0.950
  63    0.0 2.5e-03   0.990       4.14 5.3805e-07  82.251  -2.56e+03  -82.251   0.391  0.0077    5.9     7.07     18837  0.950
  64    0.0 2.3e-03   0.978       4.15 4.7918e-07  85.002  -2.68e+03  -85.002   0.395  0.0094    5.6     7.12     19136  0.950
  65    0.0 2.2e-03   0.995       4.18 4.7947e-07  84.607  -2.66e+03  -84.607   0.395  0.0169    5.4     7.17     19435  0.950
  66    0.0 2.1e-03   0.986       3.93 5.6953e-07  75.312  -2.48e+03  -75.312   0.321  0.0160    5.1     7.22     19734  0.950
  67    0.0 2.0e-03   0.992       3.87 5.0885e-07  77.415  -2.54e+03  -77.415   0.355  0.0083    4.5     7.33     20033  0.950
  68    0.0 1.9e-03   0.977       3.82 4.8568e-07  78.313  -2.43e+03  -78.313   0.278  0.0132    4.1     7.41     20332  0.950
  69    0.0 1.8e-03   0.982       3.82 4.283e-07   78.954  -2.48e+03  -78.954   0.338  0.0089    3.5     7.53     20631  0.950
  70    0.0 1.7e-03   0.977       3.71 3.8828e-07  76.775  -2.34e+03  -76.775   0.398  0.0099    3.1     7.60     20930  0.950
  71    0.0 1.6e-03   0.996       3.71 4.5381e-07  77.104  -2.51e+03  -77.104   0.418  0.0076    3.0     7.63     21229  0.950
  72    0.0 1.5e-03   0.978       3.59 4.2966e-07  78.799  -2.55e+03  -78.799   0.385  0.0133    2.9     7.64     21528  0.950
  73    0.0 1.5e-03   0.988       3.54 4.1529e-07  77.030  -2.46e+03  -77.030   0.334  0.0083    2.8     7.67     21827  0.950
  74    0.0 1.4e-03   0.983       3.36 4.6824e-07  74.207  -2.34e+03  -74.207   0.338  0.0085    2.5     7.72     22126  0.950
  75    0.0 1.3e-03   1.004       3.41 3.9592e-07  76.421  -2.36e+03  -76.421   0.341  0.0044    2.2     7.77     22425  0.950
  76    0.0 1.3e-03   0.986       3.41 4.7549e-07  70.901  -2.32e+03  -70.901   0.375  0.0095    2.0     7.81     22724  0.950
  77    0.0 1.2e-03   1.004       3.40 4.691e-07   69.285  -2.24e+03  -69.285   0.385  0.0035    1.9     7.84     23023  0.950
  78    0.0 1.1e-03   0.989       3.33 4.2332e-07  71.101  -2.28e+03  -71.101   0.365  0.0055    1.8     7.86     23322  0.950
  79    0.0 1.1e-03   0.985       3.30 4.1834e-07  70.832   -2.2e+03  -70.832   0.368  0.0093    1.6     7.88     23621  0.950
  80    0.0 1.0e-03   0.989       3.15 4.2152e-07  68.608  -2.17e+03  -68.608   0.348  0.0079    1.5     7.90     23920  0.950
  81    0.0 9.7e-04   1.001       3.13 3.6808e-07  71.774  -2.23e+03  -71.774   0.294  0.0052    1.4     7.93     24219  0.950
  82    0.0 9.2e-04   0.992       3.12 3.7029e-07  70.268   -2.2e+03  -70.268   0.284  0.0026    1.2     7.97     24518  0.950
  83    0.0 8.8e-04   0.986       3.08 3.8894e-07  67.521  -2.16e+03  -67.521   0.254  0.0068    1.0     8.00     24817  0.950
  84    0.0 8.3e-04   0.995       3.04 3.9641e-07  67.004  -2.17e+03  -67.004   0.207  0.0039    1.0     8.00     25116  0.950
  85    0.0 7.9e-04   1.000       3.01 4.2019e-07  65.262  -2.12e+03  -65.262   0.211  0.0032    1.0     8.00     25415  0.950
  86    0.0 7.5e-04   0.991       3.00 3.9644e-07  65.878   -2.1e+03  -65.878   0.197  0.0058    1.0     8.00     25714  0.950
  87    0.0 7.2e-04   0.997       2.97 4.2925e-07  64.078   -2.1e+03  -64.078   0.134  0.0040    1.0     8.00     26013  0.950
  88    0.0 5.7e-04   0.994       2.95 4.0168e-07  65.003  -2.12e+03  -65.003   0.107  0.0043    1.0     8.00     26312  0.800
  89    0.0 4.6e-04   0.996       2.93 3.8954e-07  64.572  -2.09e+03  -64.572   0.074  0.0025    1.0     8.00     26611  0.800
  90    0.0 3.7e-04   0.999       2.92 3.8069e-07  64.093  -2.08e+03  -64.093   0.074  0.0015    1.0     8.00     26910  0.800
  91    0.0 2.9e-04   1.000       2.92 3.8808e-07  64.833   -2.1e+03  -64.833   0.043  0.0007    1.0     8.00     27209  0.800
  92    0.0 2.3e-04   0.995       2.91 3.8581e-07  64.842   -2.1e+03  -64.842   0.060  0.0030    1.0     8.00     27508  0.800
  93    0.0 1.9e-04   0.999       2.89 3.8095e-07  64.842   -2.1e+03  -64.842   0.047  0.0010    1.0     8.00     27807  0.800
  94    0.0 1.5e-04   0.999       2.89 3.8639e-07  64.093  -2.08e+03  -64.093   0.020  0.0009    1.0     8.00     28106  0.800
  95    0.0 1.2e-04   1.000       2.89 3.8015e-07  64.667  -2.09e+03  -64.667   0.030  0.0002    1.0     8.00     28405  0.800
  96    0.0 9.6e-05   0.999       2.88 3.7727e-07  64.690   -2.1e+03  -64.690   0.023  0.0007    1.0     8.00     28704  0.800
  97    0.0 7.7e-05   0.999       2.87 3.9521e-07  63.543  -2.11e+03  -63.543   0.020  0.0005    1.0     8.00     29003  0.800
  98    0.0 6.1e-05   0.999       2.87 4.0221e-07  63.081  -2.09e+03  -63.081   0.013  0.0003    1.0     8.00     29302  0.800
  99    0.0 4.9e-05   0.999       2.86 3.9501e-07  63.635  -2.11e+03  -63.635   0.010  0.0004    1.0     8.00     29601  0.800
 100    0.0 0.0e+00   1.000       2.86 4.0015e-07  63.293   -2.1e+03  -63.293   0.003  0.0000    1.0     8.00     29900  0.800
## Placement Quench took 0.01 seconds (max_rss 331.9 MiB)

BB estimate of min-dist (placement) wire length: 1832

Completed placement consistency check successfully.

Swaps called: 29972

Aborted Move Reasons:
  No moves aborted

Placement estimated critical path delay (least slack): 63.2931 ns, Fmax: 15.7995 MHz
Placement estimated setup Worst Negative Slack (sWNS): -63.2931 ns
Placement estimated setup Total Negative Slack (sTNS): -2097.48 ns

Placement estimated setup slack histogram:
[ -6.3e-08: -6.2e-08)  1 (  2.7%) |***
[ -6.2e-08:   -6e-08)  4 ( 10.8%) |**************
[   -6e-08: -5.9e-08)  3 (  8.1%) |**********
[ -5.9e-08: -5.7e-08)  6 ( 16.2%) |*********************
[ -5.7e-08: -5.6e-08) 14 ( 37.8%) |************************************************
[ -5.6e-08: -5.4e-08)  6 ( 16.2%) |*********************
[ -5.4e-08: -5.3e-08)  0 (  0.0%) |
[ -5.3e-08: -5.1e-08)  1 (  2.7%) |***
[ -5.1e-08:   -5e-08)  1 (  2.7%) |***
[   -5e-08: -4.8e-08)  1 (  2.7%) |***

Placement estimated geomean non-virtual intra-domain period: 63.2931 ns (15.7995 MHz)
Placement estimated fanout-weighted geomean non-virtual intra-domain period: 63.2931 ns (15.7995 MHz)

Placement cost: 0.999506, bb_cost: 2.85947, td_cost: 4.01476e-07, 

Placement resource usage:
  PB-LOGIC   implemented as TL-LOGIC  : 62
  PB-SYN_VCC implemented as TL-SYN_VCC: 1
  PB-BIDIR   implemented as TL-BIDIR  : 7
  PB-SYN_GND implemented as TL-SYN_GND: 1
  PB-ASSP    implemented as TL-ASSP   : 1

Placement number of temperatures: 100
Placement total # of swap attempts: 29972
	Swaps accepted: 15192 (50.7 %)
	Swaps rejected: 13424 (44.8 %)
	Swaps aborted :  1356 ( 4.5 %)
Placement Quench timing analysis took 0.00341338 seconds (0.00266 STA, 0.000753385 slack) (1 full updates: 1 setup, 0 hold, 0 combined).
Placement Total  timing analysis took 0.40241 seconds (0.308621 STA, 0.0937891 slack) (102 full updates: 102 setup, 0 hold, 0 combined).
update_td_costs: connections 0 nets 0 sum_nets 0 total 0
Incr Slack updates 102 in 0.0234322 sec
Full Max Req/Worst Slack updates 75 in 0.00704192 sec
Incr Max Req/Worst Slack updates 27 in 0.00230292 sec
Incr Criticality updates 1 in 0.000195769 sec
Full Criticality updates 101 in 0.0259577 sec
# Placement took 7.96 seconds (max_rss 331.9 MiB, delta_rss +0.0 MiB)

Flow timing analysis took 0.40241 seconds (0.308621 STA, 0.0937891 slack) (102 full updates: 102 setup, 0 hold, 0 combined).
VPR succeeded
The entire flow of VPR took 219.90 seconds (max_rss 331.9 MiB)
