VPR FPGA Placement and Routing.
Version: 8.1.0-dev+dadca7ecf-dirty
Revision: v8.0.0-rc2-2909-gdadca7ecf-dirty
Compiled: 2025-09-16T09:59:15
Compiler: GNU 12.2.0 on Linux-6.2.1-PRoot-Distro armv8l
Build Info: release IPO VTR_ASSERT_LEVEL=2

University of Toronto
verilogtorouting.org
vtr-users@googlegroups.com
This is free open source code under MIT license.

VPR was run with the following command-line:
vpr /root/symbiflow/quicklogic-arch-defs/share/arch/ql-eos-s3_wlcsp/arch.timing.xml decade_counter.eblif --device ql-eos-s3 --max_router_iterations 500 --routing_failure_predictor off --router_high_fanout_threshold -1 --constant_net_method route --route_chan_width 100 --clock_modeling route --place_delay_model delta_override --router_lookahead map --check_route quick --strict_checks off --allow_dangling_combinational_nodes on --disable_errors check_unbuffered_edges:check_route --congested_routing_iteration_threshold 0.8 --incremental_reroute_delay_ripup off --base_cost_type delay_normalized_length_bounded --bb_factor 10 --initial_pres_fac 4.0 --check_rr_graph off --suppress_warnings ,sum_pin_class:check_unbuffered_edges:load_rr_indexed_data_T_values:check_rr_node:trans_per_R:check_route:set_rr_graph_tool_comment:warn_model_missing_timing --read_rr_graph /root/symbiflow/quicklogic-arch-defs/share/arch/ql-eos-s3_wlcsp/rr_graph_ql-eos-s3_wlcsp.rr_graph.real.bin --read_placement_delay_lookup /root/symbiflow/quicklogic-arch-defs/share/arch/ql-eos-s3_wlcsp/rr_graph_ql-eos-s3_wlcsp.place_delay.bin --sdc_file /root/vaman/fpga/sevenseg/codes/loop/build/decade_counter_dummy.sdc --route


Architecture file: /root/symbiflow/quicklogic-arch-defs/share/arch/ql-eos-s3_wlcsp/arch.timing.xml
Circuit name: decade_counter

# Loading Architecture Description
# Loading Architecture Description took 1.92 seconds (max_rss 21.6 MiB, delta_rss +17.8 MiB)
# Building complex block graph
# Building complex block graph took 0.61 seconds (max_rss 22.2 MiB, delta_rss +0.6 MiB)
# Load circuit
# Load circuit took 0.08 seconds (max_rss 23.7 MiB, delta_rss +1.5 MiB)
# Clean circuit
Absorbed 1144 LUT buffers
Inferred  106 additional primitive pins as constant generators since they have no combinationally connected inputs
Inferred   44 additional primitive pins as constant generators due to constant inputs
Inferred    0 additional primitive pins as constant generators since they have no combinationally connected inputs
Inferred    0 additional primitive pins as constant generators due to constant inputs
Inferred    0 additional primitive pins as constant generators since they have no combinationally connected inputs
Inferred    0 additional primitive pins as constant generators due to constant inputs
Swept input(s)      : 0
Swept output(s)     : 0 (0 dangling, 0 constant)
Swept net(s)        : 141
Swept block(s)      : 1
Constant Pins Marked: 150
# Clean circuit took 0.04 seconds (max_rss 25.0 MiB, delta_rss +1.3 MiB)
# Compress circuit
# Compress circuit took 0.01 seconds (max_rss 25.0 MiB, delta_rss +0.0 MiB)
# Verify circuit
# Verify circuit took 0.00 seconds (max_rss 25.0 MiB, delta_rss +0.0 MiB)
Circuit Statistics:
  Blocks: 156
    .output   :       7
    ASSP      :       1
    BIDIR_CELL:       7
    C_FRAG    :      20
    F_FRAG    :       1
    GND       :       1
    Q_FRAG    :      35
    T_FRAG    :      83
    VCC       :       1
  Nets  : 149
    Avg Fanout:     8.6
    Max Fanout:   541.0
    Min Fanout:     1.0
  Netlist Clocks: 1
# Build Timing Graph
  Timing Graph Nodes: 1427
  Timing Graph Edges: 2311
  Timing Graph Levels: 28
# Build Timing Graph took 0.01 seconds (max_rss 25.0 MiB, delta_rss +0.0 MiB)
Netlist contains 1 clocks
  Netlist Clock 'clk' Fanout: 35 pins (2.5%), 35 blocks (22.4%)
# Load Timing Constraints

SDC file '/root/vaman/fpga/sevenseg/codes/loop/build/decade_counter_dummy.sdc' contained no SDC commands
Setting default timing constraints:
   * constrain all primay inputs and primary outputs on netlist clock 'clk'
   * optimize netlist clock to run as fast as possible
Timing constraints created 1 clocks
  Constrained Clock 'clk' Source: 'u_qlal4s3b_cell_macro.Sys_Clk0[0]'

# Load Timing Constraints took 0.00 seconds (max_rss 25.0 MiB, delta_rss +0.0 MiB)
Timing analysis: ON
Circuit netlist file: decade_counter.net
Circuit placement file: decade_counter.place
Circuit routing file: decade_counter.route
Circuit SDC file: /root/vaman/fpga/sevenseg/codes/loop/build/decade_counter_dummy.sdc

Packer: ENABLED
Placer: ENABLED
Router: ENABLED
Analysis: ENABLED

NetlistOpts.abosrb_buffer_luts            : true
NetlistOpts.sweep_dangling_primary_ios    : true
NetlistOpts.sweep_dangling_nets           : true
NetlistOpts.sweep_dangling_blocks         : true
NetlistOpts.sweep_constant_primary_outputs: false
NetlistOpts.netlist_verbosity             : 1
NetlistOpts.const_gen_inference           : COMB_SEQ

PackerOpts.allow_unrelated_clustering: auto
PackerOpts.alpha_clustering: 0.750000
PackerOpts.beta_clustering: 0.900000
PackerOpts.cluster_seed_type: BLEND2
PackerOpts.connection_driven: true
PackerOpts.global_clocks: true
PackerOpts.hill_climbing_flag: false
PackerOpts.inter_cluster_net_delay: 1.000000
PackerOpts.timing_driven: true
PackerOpts.target_external_pin_util: auto

PlacerOpts.place_freq: PLACE_ONCE
PlacerOpts.place_algorithm: CRITICALITY_TIMING_PLACE
PlacerOpts.pad_loc_type: FREE
PlacerOpts.constraints_file: No constraints file given
PlacerOpts.place_cost_exp: 1.000000
PlacerOpts.place_chan_width: 100
PlacerOpts.inner_loop_recompute_divider: 0
PlacerOpts.recompute_crit_iter: 1
PlacerOpts.timing_tradeoff: 0.500000
PlacerOpts.td_place_exp_first: 1.000000
PlacerOpts.td_place_exp_last: 8.000000
PlacerOpts.delay_offset: 0.000000
PlacerOpts.delay_ramp_delta_threshold: -1
PlacerOpts.delay_ramp_slope: 0.000000
PlacerOpts.tsu_rel_margin: 1.000000
PlacerOpts.tsu_abs_margin: 0.000000
PlacerOpts.post_place_timing_report_file: 
PlacerOpts.allowed_tiles_for_delay_model: 
PlacerOpts.delay_model_reducer: MIN
PlacerOpts.delay_model_type: DELTA_OVERRIDE
PlacerOpts.rlim_escape_fraction: 0.000000
PlacerOpts.move_stats_file: 
PlacerOpts.placement_saves_per_temperature: 0
PlacerOpts.effort_scaling: CIRCUIT
PlacerOpts.place_delta_delay_matrix_calculation_method: ASTAR_ROUTE
PlaceOpts.seed: 1
AnnealSched.type: AUTO_SCHED
AnnealSched.inner_num: 1.000000

RouterOpts.route_type: DETAILED
RouterOpts.router_algorithm: TIMING_DRIVEN
RouterOpts.base_cost_type: DELAY_NORMALIZED_LENGTH_BOUNDED
RouterOpts.fixed_channel_width: 100
RouterOpts.check_route: QUICK
RouterOpts.trim_empty_chan: false
RouterOpts.trim_obs_chan: false
RouterOpts.acc_fac: 1.000000
RouterOpts.bb_factor: 10
RouterOpts.bend_cost: 0.000000
RouterOpts.first_iter_pres_fac: 0.000000
RouterOpts.initial_pres_fac: 4.000000
RouterOpts.pres_fac_mult: 1.300000
RouterOpts.max_router_iterations: 500
RouterOpts.min_incremental_reroute_fanout: 16
RouterOpts.do_check_rr_graph: false
RouterOpts.verify_binary_search: false
RouterOpts.min_channel_width_hint: 0
RouterOpts.read_rr_edge_metadata: false
RouterOpts.exit_after_first_routing_iteration: false
RouterOpts.astar_fac: 1.200000
RouterOpts.criticality_exp: 1.000000
RouterOpts.max_criticality: 0.990000
RouterOpts.init_wirelength_abort_threshold: 0.850000
RouterOpts.save_routing_per_iteration: false
RouterOpts.congested_routing_iteration_threshold_frac: 0.800000
RouterOpts.high_fanout_threshold: -1
RouterOpts.router_debug_net: -2
RouterOpts.router_debug_sink_rr: -2
RouterOpts.router_debug_iteration: -2
RouterOpts.max_convergence_count: 1
RouterOpts.reconvergence_cpd_threshold: 0.990000
RouterOpts.update_lower_bound_delays: true
RouterOpts.first_iteration_timing_report_file: 
RouterOpts.incr_reroute_delay_ripup: OFF
RouterOpts.route_bb_update: DYNAMIC
RouterOpts.lookahead_type: MAP
RouterOpts.initial_timing: LOOKAHEAD
RouterOpts.router_heap: BINARY_HEAP
RouterOpts.routing_failure_predictor = OFF
RouterOpts.routing_budgets_algorithm = DISABLE

AnalysisOpts.gen_post_synthesis_netlist: false
AnalysisOpts.timing_report_npaths: 100
AnalysisOpts.timing_report_skew: false
AnalysisOpts.echo_dot_timing_graph_node: -1
AnalysisOpts.timing_report_detail: NETLIST

RoutingArch.directionality: BI_DIRECTIONAL
RoutingArch.switch_block_type: WILTON
RoutingArch.Fs: 3

# Load Packing
Begin loading packed FPGA netlist file.
Netlist generated from file 'decade_counter.net'.
Detected 2 constant generators (to see names run with higher pack verbosity)
Finished loading packed FPGA netlist file (took 0.135682 seconds).
# Load Packing took 0.14 seconds (max_rss 26.4 MiB, delta_rss +1.3 MiB)
Warning 1: Netlist contains 0 global net to non-global architecture pin connections
Warning 2: Logic block #70 ($false) has only 1 output pin '$false.GND0_GND[0]'. It may be a constant generator.
Warning 3: Logic block #71 ($true) has only 1 output pin '$true.VCC0_VCC[0]'. It may be a constant generator.

Netlist num_nets: 113
Netlist num_blocks: 72
Netlist EMPTY blocks: 0.
Netlist PB-GMUX blocks: 0.
Netlist PB-LOGIC blocks: 62.
Netlist PB-CLOCK blocks: 0.
Netlist PB-MULT blocks: 0.
Netlist PB-SDIOMUX blocks: 0.
Netlist PB-RAM blocks: 0.
Netlist PB-SYN_VCC blocks: 1.
Netlist PB-BIDIR blocks: 7.
Netlist PB-SYN_GND blocks: 1.
Netlist PB-ASSP blocks: 1.
Netlist inputs pins: 0
Netlist output pins: 21


Pb types usage...
  PB-LOGIC          : 62
   LOGIC            : 62
    FRAGS           : 62
     c_frag_modes   : 62
      SINGLE        : 20
       c_frag       : 20
      SPLIT         : 42
       b_frag       : 42
       t_frag       : 41
     f_frag         : 1
     q_frag_modes   : 35
      INT           : 29
       q_frag       : 29
      EXT           : 6
       q_frag       : 6
  PB-SYN_VCC        : 1
   VCC              : 1
  PB-BIDIR          : 7
   BIDIR            : 7
    OUTPUT          : 7
     bidir          : 7
     outpad         : 7
  PB-SYN_GND        : 1
   GND              : 1
  PB-ASSP           : 1
   ASSP             : 1

# Create Device
## Build Device Grid
FPGA sized to 39 x 35: 1365 grid tiles (ql-eos-s3)

Resource usage...
	Netlist
		0	blocks of type: PB-GMUX
	Architecture
		5	blocks of type: TL-GMUX
	Netlist
		62	blocks of type: PB-LOGIC
	Architecture
		891	blocks of type: TL-LOGIC
	Netlist
		0	blocks of type: PB-CLOCK
	Architecture
		5	blocks of type: TL-CLOCK
	Netlist
		0	blocks of type: PB-MULT
	Architecture
		2	blocks of type: TL-MULT
	Netlist
		0	blocks of type: PB-SDIOMUX
	Architecture
		14	blocks of type: TL-SDIOMUX
	Netlist
		0	blocks of type: PB-RAM
	Architecture
		4	blocks of type: TL-RAM
	Netlist
		1	blocks of type: PB-SYN_VCC
	Architecture
		1	blocks of type: TL-SYN_VCC
	Netlist
		7	blocks of type: PB-BIDIR
	Architecture
		32	blocks of type: TL-BIDIR
	Netlist
		1	blocks of type: PB-SYN_GND
	Architecture
		1	blocks of type: TL-SYN_GND
	Netlist
		1	blocks of type: PB-ASSP
	Architecture
		1	blocks of type: TL-ASSP

Device Utilization: 0.05 (target 1.00)
	Physical Tile TL-LOGIC:
	Block Utilization: 0.07 Logical Block: PB-LOGIC
	Physical Tile TL-RAM:
	Block Utilization: 0.00 Logical Block: PB-RAM
	Physical Tile TL-MULT:
	Block Utilization: 0.00 Logical Block: PB-MULT
	Physical Tile TL-BIDIR:
	Block Utilization: 0.22 Logical Block: PB-BIDIR
	Physical Tile TL-CLOCK:
	Block Utilization: 0.00 Logical Block: PB-CLOCK
	Physical Tile TL-SDIOMUX:
	Block Utilization: 0.00 Logical Block: PB-SDIOMUX
	Physical Tile TL-GMUX:
	Block Utilization: 0.00 Logical Block: PB-GMUX
	Physical Tile TL-ASSP:
	Block Utilization: 1.00 Logical Block: PB-ASSP
	Physical Tile TL-SYN_VCC:
	Block Utilization: 1.00 Logical Block: PB-SYN_VCC
	Physical Tile TL-SYN_GND:
	Block Utilization: 1.00 Logical Block: PB-SYN_GND

## Build Device Grid took 0.04 seconds (max_rss 26.4 MiB, delta_rss +0.0 MiB)
## Loading routing resource graph



Warning 4: This architecture version is for VPR 8.1.0-dev+dadca7ecf-dirty while your current VPR version is 8.1.0-dev+dadca7ecf compatability issues may arise

## Loading routing resource graph took 3.31 seconds (max_rss 331.9 MiB, delta_rss +305.6 MiB)
  RR Graph Nodes: 1396446
  RR Graph Edges: 2337988
# Create Device took 9.84 seconds (max_rss 331.9 MiB, delta_rss +305.6 MiB)

# Load Placement
Reading decade_counter.place.

Successfully read decade_counter.place.

# Load Placement took 0.00 seconds (max_rss 331.9 MiB, delta_rss +0.0 MiB)

# Computing router lookahead map
## Computing wire lookahead
Warning 5: Unable to find any sample location for segment CHANX type 'generic' (length 1)
Warning 6: Unable to find any sample location for segment CHANY type 'generic' (length 1)
Warning 7: Unable to find any sample location for segment CHANX type 'pad' (length 1)
Warning 8: Unable to find any sample location for segment CHANY type 'pad' (length 1)
## Computing wire lookahead took 198.32 seconds (max_rss 331.9 MiB, delta_rss +0.0 MiB)
## Computing src/opin lookahead
## Computing src/opin lookahead took 0.00 seconds (max_rss 331.9 MiB, delta_rss +0.0 MiB)
# Computing router lookahead map took 198.32 seconds (max_rss 331.9 MiB, delta_rss +0.0 MiB)
# Routing
  RR Graph Nodes: 1396446
  RR Graph Edges: 2337988
Confirming router algorithm: TIMING_DRIVEN.
## Initializing router criticalities
Initial Net Connection Criticality Histogram:
[        0:      0.1) 757 ( 63.0%) |***********************************************
[      0.1:      0.2)   0 (  0.0%) |
[      0.2:      0.3)  60 (  5.0%) |****
[      0.3:      0.4)  27 (  2.2%) |**
[      0.4:      0.5)  31 (  2.6%) |**
[      0.5:      0.6)  39 (  3.2%) |**
[      0.6:      0.7)  22 (  1.8%) |*
[      0.7:      0.8)  52 (  4.3%) |***
[      0.8:      0.9) 126 ( 10.5%) |********
[      0.9:        1)  87 (  7.2%) |*****
## Initializing router criticalities took 0.02 seconds (max_rss 331.9 MiB, delta_rss +0.0 MiB)
---- ------ ------- ---- ------- ------- ------- ----------------- --------------- -------- ---------- ---------- ---------- ---------- --------
Iter   Time    pres  BBs    Heap  Re-Rtd  Re-Rtd Overused RR Nodes      Wirelength      CPD       sTNS       sWNS       hTNS       hWNS Est Succ
      (sec)     fac Updt    push    Nets   Conns                                       (ns)       (ns)       (ns)       (ns)       (ns)     Iter
---- ------ ------- ---- ------- ------- ------- ----------------- --------------- -------- ---------- ---------- ---------- ---------- --------
   1   49.3     0.0    0 2.9e+07     113    1201    1600 ( 0.115%)   28607 ( 2.0%)   71.056     -2234.    -71.056      0.000      0.000      N/A
   2   36.2     4.0    0 2.0e+07      94     749     752 ( 0.054%)   29489 ( 2.1%)   71.098     -2237.    -71.098      0.000      0.000      N/A
   3   29.4     5.2    0 1.6e+07      76     531     493 ( 0.035%)   29323 ( 2.1%)   71.058     -2239.    -71.058      0.000      0.000      N/A
   4   19.1     6.8    0 1.1e+07      59     411     282 ( 0.020%)   29617 ( 2.1%)   71.071     -2246.    -71.071      0.000      0.000      N/A
   5   16.5     8.8    0 9867764      49     314     219 ( 0.016%)   29781 ( 2.1%)   71.048     -2249.    -71.048      0.000      0.000      N/A
   6   14.4    11.4    0 8118281      37     249     147 ( 0.011%)   30133 ( 2.1%)   70.946     -2251.    -70.946      0.000      0.000      N/A
   7   13.6    14.9    0 7553624      28     162     115 ( 0.008%)   30220 ( 2.1%)   70.935     -2250.    -70.935      0.000      0.000      N/A
   8   12.0    19.3    0 6560898      17     107      59 ( 0.004%)   30369 ( 2.1%)   70.935     -2252.    -70.935      0.000      0.000      N/A
   9    5.5    25.1    0 2963748      12      67      39 ( 0.003%)   30329 ( 2.1%)   70.935     -2252.    -70.935      0.000      0.000      N/A
  10    2.1    32.6    0 1225348       8      25      17 ( 0.001%)   30408 ( 2.2%)   70.935     -2252.    -70.935      0.000      0.000       17
  11    1.9    42.4    0 1056385       5      19      15 ( 0.001%)   30490 ( 2.2%)   70.813     -2259.    -70.813      0.000      0.000       16
  12    2.3    55.1    0 1289685       5       6       3 ( 0.000%)   30550 ( 2.2%)   70.813     -2260.    -70.813      0.000      0.000       16
  13    0.5    71.7    0  145737       2       2       0 ( 0.000%)   30592 ( 2.2%)   70.813     -2261.    -70.813      0.000      0.000       14
Restoring best routing
Critical path: 70.8129 ns
Successfully routed after 13 routing iterations.
Final Net Connection Criticality Histogram:
[        0:      0.1) 757 ( 63.0%) |***********************************************
[      0.1:      0.2)   0 (  0.0%) |
[      0.2:      0.3)  41 (  3.4%) |***
[      0.3:      0.4)  35 (  2.9%) |**
[      0.4:      0.5)  28 (  2.3%) |**
[      0.5:      0.6)  36 (  3.0%) |**
[      0.6:      0.7)  30 (  2.5%) |**
[      0.7:      0.8)  67 (  5.6%) |****
[      0.8:      0.9)  99 (  8.2%) |******
[      0.9:        1) 108 (  9.0%) |*******
Router Stats: total_nets_routed: 505 total_connections_routed: 3843 total_heap_pushes: 114393265 total_heap_pops: 97000229
# Routing took 209.88 seconds (max_rss 331.9 MiB, delta_rss +0.0 MiB)

Checking to ensure routing is legal...
Completed routing consistency check successfully.

Serial number (magic cookie) for the routing is: -453114865
Circuit successfully routed with a channel width factor of 100.

Incr Slack updates 14 in 0.00600231 sec
Full Max Req/Worst Slack updates 6 in 0.00145569 sec
Incr Max Req/Worst Slack updates 8 in 0.00286846 sec
Incr Criticality updates 5 in 0.00237423 sec
Full Criticality updates 9 in 0.00514546 sec

Average number of bends per net: 228.416  Maximum # of bends: 6601

Number of global nets: 0
Number of routed nets (nonglobal): 113
Wire length results (in units of 1 clb segments)...
	Total wirelength: 29064, average net length: 257.204
	Maximum net length: 8521

Wire length results in terms of physical segments...
	Total wiring segments used: 26309, average wire segments per net: 232.823
	Maximum segments used by a net: 6804
	Total local nets with reserved CLB opins: 0

Routing channel utilization histogram:
[        1:      inf)    0 (  0.0%) |
[      0.9:        1)   54 (  2.1%) |*
[      0.8:      0.9)    0 (  0.0%) |
[      0.7:      0.8)    6 (  0.2%) |
[      0.5:      0.6)    0 (  0.0%) |
[      0.4:      0.5)    0 (  0.0%) |
[      0.3:      0.4)    6 (  0.2%) |
[      0.2:      0.3)   84 (  3.3%) |**
[      0.1:      0.2)   64 (  2.5%) |*
[        0:      0.1) 2370 ( 91.7%) |**********************************************
Maximum routing channel utilization:         1 at (1,3)

X - Directed channels:   j max occ ave occ capacity
                      ---- ------- ------- --------
                         0       2   1.231        2
                         1     161  10.026      221
                         2       0   0.000        0
                         3      91  22.026      635
                         4      68   2.205      623
                         5      70   2.154      658
                         6      81   2.821      623
                         7     131   8.615      623
                         8     178  10.359      623
                         9     189  32.667      623
                        10     261  36.359      665
                        11     270  40.462      623
                        12     240  44.641      647
                        13     231  41.436      623
                        14     209  27.308      623
                        15     197  19.256      623
                        16     166  15.487      623
                        17     186  22.179      623
                        18     198  27.744      725
                        19     102   3.436      623
                        20       0   0.000      623
                        21       0   0.000      623
                        22       0   0.000      623
                        23       0   0.000      623
                        24       0   0.000      623
                        25       0   0.000      657
                        26       0   0.000      634
                        27       0   0.000      623
                        28       0   0.000      623
                        29       0   0.000      624
                        30       0   0.000      625
                        31       0   0.000      626
                        32       0   0.000      786
                        33       0   0.000      269
Y - Directed channels:   i max occ ave occ capacity
                      ---- ------- ------- --------
                         0       0   0.000        2
                         1      47   4.057      287
                         2       1   0.029        4
                         3     177  54.686      848
                         4      36   2.543      874
                         5      54   3.229      819
                         6      30   5.743      760
                         7      46   3.857      761
                         8      11   1.486      761
                         9      46   4.457      761
                        10      16   2.400      757
                        11      11   1.686      775
                        12     216  15.371      757
                        13     191  25.429      761
                        14     166  18.886      761
                        15     230  41.457      761
                        16     264  61.829      761
                        17     247  57.457      761
                        18     220  38.286      761
                        19     194  32.257      816
                        20     170  32.057      761
                        21     154   6.514      883
                        22      12   1.200      761
                        23       0   0.000      761
                        24      30   1.371      761
                        25       0   0.000      761
                        26      30   1.371      757
                        27       0   0.000      775
                        28       0   0.000      757
                        29       0   0.000      761
                        30       0   0.000      761
                        31       0   0.000      761
                        32       0   0.000      761
                        33       0   0.000      763
                        34       0   0.000      762
                        35       0   0.000      764
                        36       0   0.000     1024
                        37       0   0.000      164

Total tracks in x-direction: 19611, in y-direction: 27046

Logic area (in minimum width transistor areas, excludes I/Os and empty grid tiles)...
	Total logic block area (Warning, need to add pitch of routing to blocks with height > 3): 1.3515e+07
	Total used logic block area: 975000

Routing area (in minimum width transistor areas)...
	Assuming no buffer sharing (pessimistic). Total: 1.07847e+09, per logic tile: 790090.
	Assuming buffer sharing (slightly optimistic). Total: 8.38760e+08, per logic tile: 614476.


Segment usage by type (index):    name type utilization
                               ------- ---- -----------
                                  sbox    2      0.0171
                                   vcc    3      0.0829
                                   gnd    4       0.097
                                  hop1    5      0.0199
                                  hop2    6      0.0299
                                  hop3    7      0.0256
                                  hop4    8      0.0149
                                 clock    9           0
                               special   10      0.0828

Segment usage by length: length utilization
                         ------ -----------
                              1      0.0175
                              2      0.0299
                              3      0.0256
                              4      0.0149


Final hold Worst Negative Slack (hWNS): 0 ns
Final hold Total Negative Slack (hTNS): 0 ns

Final hold slack histogram:
[    4e-09:  7.6e-09) 10 ( 27.0%) |****************************
[  7.6e-09:  1.1e-08) 17 ( 45.9%) |************************************************
[  1.1e-08:  1.5e-08)  3 (  8.1%) |********
[  1.5e-08:  1.8e-08)  0 (  0.0%) |
[  1.8e-08:  2.2e-08)  0 (  0.0%) |
[  2.2e-08:  2.5e-08)  0 (  0.0%) |
[  2.5e-08:  2.9e-08)  0 (  0.0%) |
[  2.9e-08:  3.3e-08)  0 (  0.0%) |
[  3.3e-08:  3.6e-08)  3 (  8.1%) |********
[  3.6e-08:    4e-08)  4 ( 10.8%) |***********

Final critical path delay (least slack): 70.7366 ns, Fmax: 14.137 MHz
Final setup Worst Negative Slack (sWNS): -70.7366 ns
Final setup Total Negative Slack (sTNS): -2257.79 ns

Final setup slack histogram:
[ -7.1e-08: -6.9e-08) 1 (  2.7%) |*****
[ -6.9e-08: -6.7e-08) 2 (  5.4%) |***********
[ -6.7e-08: -6.5e-08) 2 (  5.4%) |***********
[ -6.5e-08: -6.3e-08) 3 (  8.1%) |****************
[ -6.3e-08: -6.1e-08) 7 ( 18.9%) |**************************************
[ -6.1e-08: -5.9e-08) 9 ( 24.3%) |*************************************************
[ -5.9e-08: -5.7e-08) 9 ( 24.3%) |*************************************************
[ -5.7e-08: -5.6e-08) 2 (  5.4%) |***********
[ -5.6e-08: -5.4e-08) 1 (  2.7%) |*****
[ -5.4e-08: -5.2e-08) 1 (  2.7%) |*****

Final geomean non-virtual intra-domain period: 70.7366 ns (14.137 MHz)
Final fanout-weighted geomean non-virtual intra-domain period: 70.7366 ns (14.137 MHz)

Incr Slack updates 1 in 0.000549923 sec
Full Max Req/Worst Slack updates 1 in 0.000450462 sec
Incr Max Req/Worst Slack updates 0 in 0 sec
Incr Criticality updates 0 in 0 sec
Full Criticality updates 1 in 0.000597385 sec
Flow timing analysis took 0.19513 seconds (0.153367 STA, 0.0417631 slack) (15 full updates: 0 setup, 0 hold, 15 combined).
VPR succeeded
The entire flow of VPR took 421.94 seconds (max_rss 331.9 MiB)
