VPR FPGA Placement and Routing.
Version: 8.1.0-dev+dadca7ecf-dirty
Revision: v8.0.0-rc2-2909-gdadca7ecf-dirty
Compiled: 2025-09-16T09:59:15
Compiler: GNU 12.2.0 on Linux-6.2.1-PRoot-Distro armv8l
Build Info: release IPO VTR_ASSERT_LEVEL=2

University of Toronto
verilogtorouting.org
vtr-users@googlegroups.com
This is free open source code under MIT license.

VPR was run with the following command-line:
vpr /root/symbiflow/quicklogic-arch-defs/share/arch/ql-eos-s3_wlcsp/arch.timing.xml sevseg.eblif --device ql-eos-s3 --max_router_iterations 500 --routing_failure_predictor off --router_high_fanout_threshold -1 --constant_net_method route --route_chan_width 100 --clock_modeling route --place_delay_model delta_override --router_lookahead map --check_route quick --strict_checks off --allow_dangling_combinational_nodes on --disable_errors check_unbuffered_edges:check_route --congested_routing_iteration_threshold 0.8 --incremental_reroute_delay_ripup off --base_cost_type delay_normalized_length_bounded --bb_factor 10 --initial_pres_fac 4.0 --check_rr_graph off --suppress_warnings ,sum_pin_class:check_unbuffered_edges:load_rr_indexed_data_T_values:check_rr_node:trans_per_R:check_route:set_rr_graph_tool_comment:warn_model_missing_timing --read_rr_graph /root/symbiflow/quicklogic-arch-defs/share/arch/ql-eos-s3_wlcsp/rr_graph_ql-eos-s3_wlcsp.rr_graph.real.bin --read_placement_delay_lookup /root/symbiflow/quicklogic-arch-defs/share/arch/ql-eos-s3_wlcsp/rr_graph_ql-eos-s3_wlcsp.place_delay.bin --sdc_file /root/vaman_task/sevenseg/build/sevseg_dummy.sdc --fix_clusters sevseg_constraints.place --place


Architecture file: /root/symbiflow/quicklogic-arch-defs/share/arch/ql-eos-s3_wlcsp/arch.timing.xml
Circuit name: sevseg

# Loading Architecture Description
# Loading Architecture Description took 1.91 seconds (max_rss 21.5 MiB, delta_rss +17.9 MiB)
# Building complex block graph
# Building complex block graph took 0.52 seconds (max_rss 22.2 MiB, delta_rss +0.6 MiB)
# Load circuit
# Load circuit took 0.00 seconds (max_rss 22.2 MiB, delta_rss +0.0 MiB)
# Clean circuit
Absorbed 7 LUT buffers
Inferred    3 additional primitive pins as constant generators since they have no combinationally connected inputs
Inferred    3 additional primitive pins as constant generators due to constant inputs
Inferred    0 additional primitive pins as constant generators since they have no combinationally connected inputs
Inferred    0 additional primitive pins as constant generators due to constant inputs
Inferred    0 additional primitive pins as constant generators since they have no combinationally connected inputs
Inferred    0 additional primitive pins as constant generators due to constant inputs
Swept input(s)      : 0
Swept output(s)     : 0 (0 dangling, 0 constant)
Swept net(s)        : 1
Swept block(s)      : 1
Constant Pins Marked: 6
# Clean circuit took 0.00 seconds (max_rss 22.2 MiB, delta_rss +0.0 MiB)
# Compress circuit
# Compress circuit took 0.00 seconds (max_rss 22.2 MiB, delta_rss +0.0 MiB)
# Verify circuit
# Verify circuit took 0.00 seconds (max_rss 22.2 MiB, delta_rss +0.0 MiB)
Circuit Statistics:
  Blocks: 23
    .input    :       3
    .output   :       7
    BIDIR_CELL:      10
    GND       :       1
    T_FRAG    :       1
    VCC       :       1
  Nets  : 16
    Avg Fanout:     2.8
    Max Fanout:    14.0
    Min Fanout:     1.0
  Netlist Clocks: 0
# Build Timing Graph
  Timing Graph Nodes: 60
  Timing Graph Edges: 71
  Timing Graph Levels: 8
# Build Timing Graph took 0.00 seconds (max_rss 22.2 MiB, delta_rss +0.0 MiB)
Netlist contains 0 clocks
# Load Timing Constraints

SDC file '/root/vaman_task/sevenseg/build/sevseg_dummy.sdc' contained no SDC commands
Setting default timing constraints:
   * constrain all primay inputs and primary outputs on a virtual external clock 'virtual_io_clock'
   * optimize virtual clock to run as fast as possible
Timing constraints created 1 clocks
  Constrained Clock 'virtual_io_clock' (Virtual Clock)

# Load Timing Constraints took 0.00 seconds (max_rss 22.2 MiB, delta_rss +0.0 MiB)
Timing analysis: ON
Circuit netlist file: sevseg.net
Circuit placement file: sevseg.place
Circuit routing file: sevseg.route
Circuit SDC file: /root/vaman_task/sevenseg/build/sevseg_dummy.sdc

Packer: ENABLED
Placer: ENABLED
Router: DISABLED
Analysis: DISABLED

NetlistOpts.abosrb_buffer_luts            : true
NetlistOpts.sweep_dangling_primary_ios    : true
NetlistOpts.sweep_dangling_nets           : true
NetlistOpts.sweep_dangling_blocks         : true
NetlistOpts.sweep_constant_primary_outputs: false
NetlistOpts.netlist_verbosity             : 1
NetlistOpts.const_gen_inference           : COMB_SEQ

PackerOpts.allow_unrelated_clustering: auto
PackerOpts.alpha_clustering: 0.750000
PackerOpts.beta_clustering: 0.900000
PackerOpts.cluster_seed_type: BLEND2
PackerOpts.connection_driven: true
PackerOpts.global_clocks: true
PackerOpts.hill_climbing_flag: false
PackerOpts.inter_cluster_net_delay: 1.000000
PackerOpts.timing_driven: true
PackerOpts.target_external_pin_util: auto

PlacerOpts.place_freq: PLACE_ONCE
PlacerOpts.place_algorithm: CRITICALITY_TIMING_PLACE
PlacerOpts.pad_loc_type: FREE
PlacerOpts.constraints_file: Using constraints file 'sevseg_constraints.place'
PlacerOpts.place_cost_exp: 1.000000
PlacerOpts.place_chan_width: 100
PlacerOpts.inner_loop_recompute_divider: 0
PlacerOpts.recompute_crit_iter: 1
PlacerOpts.timing_tradeoff: 0.500000
PlacerOpts.td_place_exp_first: 1.000000
PlacerOpts.td_place_exp_last: 8.000000
PlacerOpts.delay_offset: 0.000000
PlacerOpts.delay_ramp_delta_threshold: -1
PlacerOpts.delay_ramp_slope: 0.000000
PlacerOpts.tsu_rel_margin: 1.000000
PlacerOpts.tsu_abs_margin: 0.000000
PlacerOpts.post_place_timing_report_file: 
PlacerOpts.allowed_tiles_for_delay_model: 
PlacerOpts.delay_model_reducer: MIN
PlacerOpts.delay_model_type: DELTA_OVERRIDE
PlacerOpts.rlim_escape_fraction: 0.000000
PlacerOpts.move_stats_file: 
PlacerOpts.placement_saves_per_temperature: 0
PlacerOpts.effort_scaling: CIRCUIT
PlacerOpts.place_delta_delay_matrix_calculation_method: ASTAR_ROUTE
PlaceOpts.seed: 1
AnnealSched.type: AUTO_SCHED
AnnealSched.inner_num: 1.000000

RoutingArch.directionality: BI_DIRECTIONAL
RoutingArch.switch_block_type: WILTON
RoutingArch.Fs: 3

# Load Packing
Begin loading packed FPGA netlist file.
Netlist generated from file 'sevseg.net'.
Detected 2 constant generators (to see names run with higher pack verbosity)
Finished loading packed FPGA netlist file (took 0.015998 seconds).
# Load Packing took 0.02 seconds (max_rss 22.2 MiB, delta_rss +0.0 MiB)
Warning 1: Netlist contains 0 global net to non-global architecture pin connections
Warning 2: Logic block #11 ($false) has only 1 output pin '$false.GND0_GND[0]'. It may be a constant generator.
Warning 3: Logic block #12 ($true) has only 1 output pin '$true.VCC0_VCC[0]'. It may be a constant generator.

Netlist num_nets: 6
Netlist num_blocks: 13
Netlist EMPTY blocks: 0.
Netlist PB-GMUX blocks: 0.
Netlist PB-LOGIC blocks: 1.
Netlist PB-CLOCK blocks: 0.
Netlist PB-MULT blocks: 0.
Netlist PB-SDIOMUX blocks: 0.
Netlist PB-RAM blocks: 0.
Netlist PB-SYN_VCC blocks: 1.
Netlist PB-BIDIR blocks: 10.
Netlist PB-SYN_GND blocks: 1.
Netlist PB-ASSP blocks: 0.
Netlist inputs pins: 3
Netlist output pins: 27


Pb types usage...
  PB-LOGIC          : 1
   LOGIC            : 1
    FRAGS           : 1
     c_frag_modes   : 1
      SPLIT         : 1
       b_frag       : 1
  PB-SYN_VCC        : 1
   VCC              : 1
  PB-BIDIR          : 10
   BIDIR            : 10
    INPUT           : 3
     bidir          : 3
     inpad          : 3
    OUTPUT          : 7
     bidir          : 7
     outpad         : 7
  PB-SYN_GND        : 1
   GND              : 1

# Create Device
## Build Device Grid
FPGA sized to 39 x 35: 1365 grid tiles (ql-eos-s3)

Resource usage...
	Netlist
		0	blocks of type: PB-GMUX
	Architecture
		5	blocks of type: TL-GMUX
	Netlist
		1	blocks of type: PB-LOGIC
	Architecture
		891	blocks of type: TL-LOGIC
	Netlist
		0	blocks of type: PB-CLOCK
	Architecture
		5	blocks of type: TL-CLOCK
	Netlist
		0	blocks of type: PB-MULT
	Architecture
		2	blocks of type: TL-MULT
	Netlist
		0	blocks of type: PB-SDIOMUX
	Architecture
		14	blocks of type: TL-SDIOMUX
	Netlist
		0	blocks of type: PB-RAM
	Architecture
		4	blocks of type: TL-RAM
	Netlist
		1	blocks of type: PB-SYN_VCC
	Architecture
		1	blocks of type: TL-SYN_VCC
	Netlist
		10	blocks of type: PB-BIDIR
	Architecture
		32	blocks of type: TL-BIDIR
	Netlist
		1	blocks of type: PB-SYN_GND
	Architecture
		1	blocks of type: TL-SYN_GND
	Netlist
		0	blocks of type: PB-ASSP
	Architecture
		1	blocks of type: TL-ASSP

Device Utilization: 0.01 (target 1.00)
	Physical Tile TL-LOGIC:
	Block Utilization: 0.00 Logical Block: PB-LOGIC
	Physical Tile TL-RAM:
	Block Utilization: 0.00 Logical Block: PB-RAM
	Physical Tile TL-MULT:
	Block Utilization: 0.00 Logical Block: PB-MULT
	Physical Tile TL-BIDIR:
	Block Utilization: 0.31 Logical Block: PB-BIDIR
	Physical Tile TL-CLOCK:
	Block Utilization: 0.00 Logical Block: PB-CLOCK
	Physical Tile TL-SDIOMUX:
	Block Utilization: 0.00 Logical Block: PB-SDIOMUX
	Physical Tile TL-GMUX:
	Block Utilization: 0.00 Logical Block: PB-GMUX
	Physical Tile TL-ASSP:
	Block Utilization: 0.00 Logical Block: PB-ASSP
	Physical Tile TL-SYN_VCC:
	Block Utilization: 1.00 Logical Block: PB-SYN_VCC
	Physical Tile TL-SYN_GND:
	Block Utilization: 1.00 Logical Block: PB-SYN_GND

## Build Device Grid took 0.03 seconds (max_rss 22.2 MiB, delta_rss +0.0 MiB)
## Loading routing resource graph



Warning 4: This architecture version is for VPR 8.1.0-dev+dadca7ecf-dirty while your current VPR version is 8.1.0-dev+dadca7ecf compatability issues may arise

## Loading routing resource graph took 3.13 seconds (max_rss 330.4 MiB, delta_rss +308.2 MiB)
  RR Graph Nodes: 1396446
  RR Graph Edges: 2337988
# Create Device took 9.84 seconds (max_rss 330.4 MiB, delta_rss +308.2 MiB)

# Computing router lookahead map
## Computing wire lookahead
Warning 5: Unable to find any sample location for segment CHANX type 'generic' (length 1)
Warning 6: Unable to find any sample location for segment CHANY type 'generic' (length 1)
Warning 7: Unable to find any sample location for segment CHANX type 'pad' (length 1)
Warning 8: Unable to find any sample location for segment CHANY type 'pad' (length 1)
## Computing wire lookahead took 204.16 seconds (max_rss 330.4 MiB, delta_rss +0.0 MiB)
## Computing src/opin lookahead
## Computing src/opin lookahead took 0.00 seconds (max_rss 330.4 MiB, delta_rss +0.0 MiB)
# Computing router lookahead map took 204.17 seconds (max_rss 330.4 MiB, delta_rss +0.0 MiB)
# Placement
## Computing placement delta delay look-up
  RR Graph Nodes: 1396446
  RR Graph Edges: 2337988
## Computing placement delta delay look-up took 6.91 seconds (max_rss 330.4 MiB, delta_rss +0.0 MiB)
Warning 9: CHANX place cost fac is 0 at 2 2
Warning 10: CHANX place cost fac is 0 at 34 34
Warning 11: CHANY place cost fac is 0 at 38 38
## Initial Placement
Reading sevseg_constraints.place.

Successfully read sevseg_constraints.place.

## Initial Placement took 0.01 seconds (max_rss 330.4 MiB, delta_rss +0.0 MiB)

There are 34 point to point connections in this circuit.


BB estimate of min-dist (placement) wire length: 259

Completed placement consistency check successfully.
Initial placement cost: 1 bb_cost: 0.41493 td_cost: 5.89578e-08
Initial placement estimated Critical Path Delay (CPD): 38.6805 ns
Initial placement estimated setup Total Negative Slack (sTNS): -151.462 ns
Initial placement estimated setup Worst Negative Slack (sWNS): -38.6805 ns

Initial placement estimated setup slack histogram:
[ -3.9e-08: -3.8e-08) 1 ( 25.0%) |**************************************************
[ -3.8e-08: -3.8e-08) 0 (  0.0%) |
[ -3.8e-08: -3.8e-08) 1 ( 25.0%) |**************************************************
[ -3.8e-08: -3.8e-08) 0 (  0.0%) |
[ -3.8e-08: -3.8e-08) 0 (  0.0%) |
[ -3.8e-08: -3.8e-08) 1 ( 25.0%) |**************************************************
[ -3.8e-08: -3.7e-08) 0 (  0.0%) |
[ -3.7e-08: -3.7e-08) 0 (  0.0%) |
[ -3.7e-08: -3.7e-08) 0 (  0.0%) |
[ -3.7e-08: -3.7e-08) 1 ( 25.0%) |**************************************************
Placement contains 0 placement macros involving 0 blocks (average macro size nan)

Moves per temperature: 30
Warning 12: Starting t: 2 of 13 configurations accepted.

---- ------ ------- ------- ---------- ---------- ------- ---------- -------- ------- ------- ------ -------- --------- ------
Tnum   Time       T Av Cost Av BB Cost Av TD Cost     CPD       sTNS     sWNS Ac Rate Std Dev  R lim Crit Exp Tot Moves  Alpha
      (sec)                                          (ns)       (ns)     (ns)                                                 
---- ------ ------- ------- ---------- ---------- ------- ---------- -------- ------- ------- ------ -------- --------- ------
   1    0.0 5.8e+00   1.161       0.47 6.4093e-08  39.722       -152  -39.722   0.300  0.1801   38.0     1.00        30  0.200
   2    0.0 5.5e+00   1.063       0.46 7.1016e-08  37.808       -147  -37.808   0.500  0.2222   32.7     2.01        60  0.950
   3    0.0 5.2e+00   1.091       0.48 7.3663e-08  39.122       -151  -39.122   0.167  0.2019   34.6     1.64        90  0.950
   4    0.0 5.0e+00   0.800       0.48 6.7022e-08  47.790       -187  -47.790   0.300  0.1915   25.2     3.43       120  0.950
   5    0.0 4.7e+00   0.845       0.44 6.391e-08   45.618       -177  -45.618   0.333  0.1963   21.6     4.09       150  0.950
   6    0.0 4.5e+00   1.126       0.46 5.9802e-08  39.994       -153  -39.994   0.433  0.1696   19.3     4.53       180  0.950
   7    0.0 4.3e+00   1.097       0.44 4.5738e-08  33.481       -130  -33.481   0.167  0.1527   19.2     4.55       210  0.950
   8    0.0 4.0e+00   1.297       0.46 6.0561e-08  35.859       -136  -35.859   0.433  0.2371   14.0     5.55       240  0.950
   9    0.0 3.8e+00   1.326       0.44 5.9414e-08  34.169       -134  -34.169   0.333  0.1771   13.9     5.57       270  0.950
  10    0.0 3.7e+00   1.366       0.46 5.9707e-08  32.812       -127  -32.812   0.367  0.2271   12.4     5.85       300  0.950
  11    0.0 3.5e+00   0.866       0.43 5.1196e-08  40.261       -156  -40.261   0.200  0.1528   11.5     6.02       330  0.950
  12    0.0 3.3e+00   0.933       0.45 6.3796e-08  44.652       -172  -44.652   0.300  0.1460    8.7     6.54       360  0.950
  13    0.0 3.1e+00   1.144       0.47 6.9691e-08  41.578       -160  -41.578   0.433  0.1029    7.5     6.77       390  0.950
  14    0.0 3.0e+00   0.884       0.43 6.1035e-08  43.758       -170  -43.758   0.333  0.0786    7.5     6.78       420  0.950
  15    0.0 2.8e+00   0.953       0.44 6.334e-08   42.235       -165  -42.235   0.333  0.1902    6.7     6.93       450  0.950
  16    0.0 2.7e+00   1.192       0.40 4.8309e-08  35.410       -136  -35.410   0.367  0.1735    5.9     7.06       480  0.950
  17    0.0 2.6e+00   0.873       0.39 4.9678e-08  39.133       -154  -39.133   0.500  0.0892    5.5     7.15       510  0.950
  18    0.0 2.4e+00   0.842       0.40 4.4321e-08  39.902       -156  -39.902   0.367  0.0819    5.8     7.08       540  0.950
  19    0.0 2.3e+00   0.986       0.39 4.8335e-08  37.737       -148  -37.737   0.267  0.0947    5.4     7.16       570  0.950
  20    0.0 2.2e+00   1.265       0.39 5.0801e-08  34.231       -132  -34.231   0.333  0.1134    4.5     7.34       600  0.950
  21    0.0 2.1e+00   1.119       0.41 5.8141e-08  38.143       -148  -38.143   0.300  0.0513    4.0     7.43       630  0.950
  22    0.0 2.0e+00   1.065       0.43 6.1292e-08  41.162       -159  -41.162   0.433  0.0714    3.4     7.54       660  0.950
  23    0.0 1.9e+00   1.071       0.50 7.2033e-08  44.973       -173  -44.973   0.333  0.0656    3.4     7.54       690  0.950
  24    0.0 1.8e+00   0.967       0.51 7.7217e-08  48.094       -186  -48.094   0.333  0.0329    3.1     7.61       720  0.950
  25    0.0 1.7e+00   0.951       0.51 7.57e-08    48.094       -186  -48.094   0.333  0.0449    2.7     7.67       750  0.950
  26    0.0 1.6e+00   1.027       0.51 7.3171e-08  46.234       -178  -46.234   0.167  0.0477    2.4     7.73       780  0.950
  27    0.0 1.5e+00   1.015       0.49 7.3926e-08  46.301       -179  -46.301   0.133  0.0173    1.8     7.85       810  0.950
  28    0.0 1.5e+00   0.963       0.48 6.8962e-08  46.301       -179  -46.301   0.367  0.0215    1.2     7.96       840  0.950
  29    0.0 1.4e+00   1.094       0.50 7.5171e-08  43.763       -170  -43.763   0.500  0.0401    1.1     7.97       870  0.950
  30    0.0 1.3e+00   0.961       0.51 7.467e-08   48.927       -189  -48.927   0.233  0.0533    1.2     7.96       900  0.950
  31    0.0 1.2e+00   1.078       0.50 7.8106e-08  43.997       -171  -43.997   0.333  0.0452    1.0     8.00       930  0.950
  32    0.0 1.2e+00   1.004       0.51 7.8082e-08  46.758       -182  -46.758   0.500  0.0274    1.0     8.00       960  0.950
  33    0.0 1.1e+00   0.994       0.49 7.3201e-08  44.918       -174  -44.918   0.300  0.0386    1.1     7.99       990  0.950
  34    0.0 1.1e+00   1.015       0.50 7.4349e-08  45.479       -176  -45.479   0.233  0.0329    1.0     8.00      1020  0.950
  35    0.0 1.0e+00   1.007       0.51 7.9916e-08  46.032       -179  -46.032   0.233  0.0169    1.0     8.00      1050  0.950
  36    0.0 9.6e-01   0.970       0.49 7.5259e-08  46.240       -179  -46.240   0.467  0.0437    1.0     8.00      1080  0.950
  37    0.0 9.1e-01   0.984       0.50 7.7142e-08  46.240       -179  -46.240   0.167  0.0162    1.0     7.99      1110  0.950
  38    0.0 8.7e-01   0.943       0.47 6.7953e-08  45.479       -176  -45.479   0.267  0.1265    1.0     8.00      1140  0.950
  39    0.0 8.3e-01   0.966       0.35 3.714e-08   36.083       -138  -36.083   0.267  0.0268    1.0     8.00      1170  0.950
  40    0.0 7.8e-01   1.018       0.37 3.2994e-08  34.707       -132  -34.707   0.300  0.0370    1.0     8.00      1200  0.950
  41    0.0 7.5e-01   1.010       0.41 3.2475e-08  34.309       -130  -34.309   0.533  0.0183    1.0     8.00      1230  0.950
  42    0.0 7.1e-01   0.994       0.42 2.9108e-08  33.874       -128  -33.874   0.267  0.0300    1.1     7.98      1260  0.950
  43    0.0 6.7e-01   0.963       0.37 3.4053e-08  34.210       -129  -34.210   0.333  0.0349    1.0     8.00      1290  0.950
  44    0.0 6.4e-01   0.979       0.35 3.6175e-08  35.552       -136  -35.552   0.233  0.0262    1.0     8.00      1320  0.950
  45    0.0 6.1e-01   0.976       0.36 3.6019e-08  35.524       -136  -35.524   0.400  0.0410    1.0     8.00      1350  0.950
  46    0.0 5.8e-01   0.915       0.36 3.582e-08   37.166       -143  -37.166   0.333  0.0257    1.0     8.00      1380  0.950
  47    0.0 5.5e-01   1.057       0.41 3.245e-08   34.140       -131  -34.140   0.267  0.0194    1.0     8.00      1410  0.950
  48    0.0 5.2e-01   0.999       0.36 3.6031e-08  34.309       -130  -34.309   0.400  0.0361    1.0     8.00      1440  0.950
  49    0.0 4.9e-01   0.986       0.36 3.8725e-08  35.605       -136  -35.605   0.400  0.0378    1.0     8.00      1470  0.950
  50    0.0 4.7e-01   1.014       0.35 3.5138e-08  35.325       -133  -35.325   0.300  0.0283    1.0     8.00      1500  0.950
  51    0.0 4.5e-01   0.987       0.39 3.3397e-08  35.410       -136  -35.410   0.167  0.0431    1.0     8.00      1530  0.950
  52    0.0 4.2e-01   0.957       0.37 3.414e-08   33.524       -128  -33.524   0.333  0.0378    1.0     8.00      1560  0.950
  53    0.0 4.0e-01   1.101       0.36 3.9862e-08  35.325       -133  -35.325   0.333  0.0702    1.0     8.00      1590  0.950
  54    0.0 3.8e-01   0.997       0.38 4.641e-08   38.644       -148  -38.644   0.367  0.0482    1.0     8.00      1620  0.950
  55    0.0 3.6e-01   1.035       0.38 4.7074e-08  36.599       -141  -36.599   0.367  0.0510    1.0     8.00      1650  0.950
  56    0.0 3.5e-01   0.956       0.37 4.471e-08   38.644       -148  -38.644   0.233  0.0445    1.0     8.00      1680  0.950
  57    0.0 3.3e-01   1.034       0.40 5.1884e-08  39.129       -151  -39.129   0.400  0.0523    1.0     8.00      1710  0.950
  58    0.0 3.1e-01   1.053       0.42 5.644e-08   39.914       -154  -39.914   0.433  0.0346    1.0     8.00      1740  0.950
  59    0.0 3.0e-01   1.024       0.42 5.1835e-08  40.360       -155  -40.360   0.233  0.0293    1.0     8.00      1770  0.950
  60    0.0 2.8e-01   1.014       0.42 5.5525e-08  40.393       -155  -40.393   0.167  0.0301    1.0     8.00      1800  0.950
  61    0.0 2.7e-01   1.058       0.45 5.8925e-08  41.892       -161  -41.892   0.267  0.0175    1.0     8.00      1830  0.950
  62    0.0 2.5e-01   1.019       0.46 6.0765e-08  42.755       -165  -42.755   0.433  0.0125    1.0     8.00      1860  0.950
  63    0.0 2.4e-01   1.001       0.47 6.4884e-08  42.291       -164  -42.291   0.433  0.0315    1.0     8.00      1890  0.950
  64    0.0 2.3e-01   1.046       0.49 7.3414e-08  42.842       -169  -42.842   0.233  0.0314    1.0     8.00      1920  0.950
  65    0.0 2.2e-01   1.017       0.52 8.064e-08   44.980       -177  -44.980   0.400  0.0419    1.0     8.00      1950  0.950
  66    0.0 2.1e-01   0.933       0.52 8.1768e-08  46.819       -185  -46.819   0.433  0.0557    1.0     8.00      1980  0.950
  67    0.0 2.0e-01   0.991       0.48 6.6648e-08  45.025       -174  -45.025   0.233  0.0313    1.0     8.00      2010  0.950
  68    0.0 1.9e-01   1.036       0.47 6.6523e-08  42.248       -164  -42.248   0.200  0.0404    1.0     8.00      2040  0.950
  69    0.0 1.8e-01   0.937       0.47 6.7109e-08  43.855       -173  -43.855   0.300  0.0265    1.0     8.00      2070  0.950
  70    0.0 1.7e-01   0.945       0.44 6.1135e-08  41.519       -164  -41.519   0.300  0.0604    1.0     8.00      2100  0.950
  71    0.0 1.6e-01   0.993       0.42 5.4952e-08  39.662       -156  -39.662   0.333  0.0325    1.0     8.00      2130  0.950
  72    0.0 1.5e-01   0.995       0.43 5.3714e-08  40.998       -158  -40.998   0.200  0.0236    1.0     8.00      2160  0.950
  73    0.0 1.4e-01   1.009       0.43 5.8671e-08  39.977       -156  -39.977   0.200  0.0295    1.0     8.00      2190  0.950
  74    0.0 1.4e-01   1.007       0.44 5.4642e-08  40.225       -156  -40.225   0.233  0.0200    1.0     8.00      2220  0.950
  75    0.0 1.3e-01   1.059       0.45 6.4278e-08  40.267       -157  -40.267   0.267  0.0386    1.0     8.00      2250  0.950
  76    0.0 1.2e-01   0.995       0.46 6.1944e-08  42.947       -167  -42.947   0.400  0.0476    1.0     8.00      2280  0.950
  77    0.0 1.2e-01   0.967       0.48 6.4005e-08  44.772       -173  -44.772   0.333  0.0203    1.0     8.00      2310  0.950
  78    0.0 1.1e-01   1.013       0.47 6.7763e-08  41.917       -164  -41.917   0.233  0.0361    1.0     8.00      2340  0.950
  79    0.0 1.1e-01   0.913       0.43 6.0377e-08  42.423       -165  -42.423   0.267  0.0444    1.0     8.00      2370  0.950
  80    0.0 1.0e-01   1.002       0.42 5.5948e-08  39.128       -153  -39.128   0.233  0.0453    1.0     8.00      2400  0.950
  81    0.0 9.6e-02   1.039       0.44 6.152e-08   39.133       -154  -39.133   0.200  0.0420    1.0     8.00      2430  0.950
  82    0.0 9.1e-02   0.978       0.42 5.6602e-08  39.595       -156  -39.595   0.267  0.0417    1.0     8.00      2460  0.950
  83    0.0 8.6e-02   0.955       0.40 5.5783e-08  39.226       -154  -39.226   0.133  0.0388    1.0     8.00      2490  0.950
  84    0.0 6.9e-02   1.012       0.40 4.9992e-08  38.081       -148  -38.081   0.467  0.0447    1.0     8.00      2520  0.800
  85    0.0 6.6e-02   1.002       0.39 4.5501e-08  36.756       -144  -36.756   0.233  0.0267    1.0     7.99      2550  0.950
  86    0.0 6.2e-02   0.922       0.38 4.2663e-08  36.501       -143  -36.501   0.300  0.0463    1.0     8.00      2580  0.950
  87    0.0 5.9e-02   1.024       0.38 3.3013e-08  34.507       -132  -34.507   0.267  0.0261    1.0     8.00      2610  0.950
  88    0.0 5.6e-02   1.011       0.38 3.6404e-08  34.663       -133  -34.663   0.100  0.0327    1.0     8.00      2640  0.950
  89    0.0 4.5e-02   0.999       0.36 3.4467e-08  34.707       -132  -34.707   0.300  0.0532    1.0     8.00      2670  0.800
  90    0.0 4.3e-02   1.054       0.38 3.6274e-08  33.962       -130  -33.962   0.133  0.0226    1.0     8.00      2700  0.950
  91    0.0 3.4e-02   0.962       0.37 3.426e-08   34.663       -133  -34.663   0.167  0.0252    1.0     8.00      2730  0.800
  92    0.0 3.3e-02   0.955       0.36 3.1435e-08  34.707       -132  -34.707   0.067  0.0255    1.0     8.00      2760  0.950
  93    0.0 2.6e-02   1.017       0.36 3.3084e-08  33.085       -127  -33.085   0.067  0.0191    1.0     8.00      2790  0.800
  94    0.0 2.1e-02   1.016       0.36 3.1123e-08  34.169       -129  -34.169   0.100  0.0216    1.0     8.00      2820  0.800
  95    0.0 1.7e-02   1.000       0.36 3.1562e-08  33.085       -127  -33.085   0.000  0.0000    1.0     8.00      2850  0.800
  96    0.0 1.3e-02   1.000       0.36 3.1562e-08  33.085       -127  -33.085   0.000  0.0000    1.0     8.00      2880  0.800
  97    0.0 1.1e-02   1.000       0.36 3.1562e-08  33.085       -127  -33.085   0.000  0.0000    1.0     8.00      2910  0.800
  98    0.0 8.5e-03   1.000       0.36 3.1562e-08  33.085       -127  -33.085   0.000  0.0000    1.0     8.00      2940  0.800
  99    0.0 6.8e-03   1.000       0.36 3.1562e-08  33.085       -127  -33.085   0.000  0.0000    1.0     8.00      2970  0.800
 100    0.0 5.5e-03   1.000       0.36 3.1562e-08  33.085       -127  -33.085   0.000  0.0000    1.0     8.00      3000  0.800
 101    0.0 4.4e-03   1.000       0.36 3.1562e-08  33.085       -127  -33.085   0.000  0.0000    1.0     8.00      3030  0.800
 102    0.0 3.5e-03   1.000       0.36 3.1562e-08  33.085       -127  -33.085   0.000  0.0000    1.0     8.00      3060  0.800
 103    0.0 2.8e-03   1.000       0.36 3.1562e-08  33.085       -127  -33.085   0.000  0.0000    1.0     8.00      3090  0.800
 104    0.0 2.2e-03   1.000       0.36 3.1562e-08  33.085       -127  -33.085   0.000  0.0000    1.0     8.00      3120  0.800
 105    0.0 1.8e-03   1.000       0.36 3.1562e-08  33.085       -127  -33.085   0.000  0.0000    1.0     8.00      3150  0.800
 106    0.0 1.4e-03   1.000       0.36 3.1562e-08  33.085       -127  -33.085   0.000  0.0000    1.0     8.00      3180  0.800
 107    0.0 1.1e-03   1.000       0.36 3.1562e-08  33.085       -127  -33.085   0.000  0.0000    1.0     8.00      3210  0.800
 108    0.0 9.2e-04   1.000       0.36 3.1562e-08  33.085       -127  -33.085   0.000  0.0000    1.0     8.00      3240  0.800
 109    0.0 0.0e+00   1.000       0.36 3.1562e-08  33.085       -127  -33.085   0.000  0.0000    1.0     8.00      3270  0.800
## Placement Quench took 0.00 seconds (max_rss 330.4 MiB)

BB estimate of min-dist (placement) wire length: 180

Completed placement consistency check successfully.

Swaps called: 3283

Aborted Move Reasons:
  No moves aborted

Placement estimated critical path delay (least slack): 33.0851 ns, Fmax: 30.2251 MHz
Placement estimated setup Worst Negative Slack (sWNS): -33.0851 ns
Placement estimated setup Total Negative Slack (sTNS): -127.102 ns

Placement estimated setup slack histogram:
[ -3.3e-08: -3.3e-08) 1 ( 25.0%) |**************************************************
[ -3.3e-08: -3.3e-08) 0 (  0.0%) |
[ -3.3e-08: -3.2e-08) 0 (  0.0%) |
[ -3.2e-08: -3.2e-08) 1 ( 25.0%) |**************************************************
[ -3.2e-08: -3.2e-08) 0 (  0.0%) |
[ -3.2e-08: -3.2e-08) 0 (  0.0%) |
[ -3.2e-08: -3.1e-08) 1 ( 25.0%) |**************************************************
[ -3.1e-08: -3.1e-08) 0 (  0.0%) |
[ -3.1e-08: -3.1e-08) 0 (  0.0%) |
[ -3.1e-08:   -3e-08) 1 ( 25.0%) |**************************************************

Placement estimated geomean non-virtual intra-domain period: nan ns (nan MHz)
Placement estimated fanout-weighted geomean non-virtual intra-domain period: nan ns (nan MHz)

Placement cost: 1, bb_cost: 0.362922, td_cost: 3.1562e-08, 

Placement resource usage:
  PB-LOGIC   implemented as TL-LOGIC  : 1
  PB-SYN_VCC implemented as TL-SYN_VCC: 1
  PB-BIDIR   implemented as TL-BIDIR  : 10
  PB-SYN_GND implemented as TL-SYN_GND: 1

Placement number of temperatures: 109
Placement total # of swap attempts: 3283
	Swaps accepted:  848 (25.8 %)
	Swaps rejected:  230 ( 7.0 %)
	Swaps aborted : 2205 (67.2 %)
Placement Quench timing analysis took 0.00312292 seconds (0.00210946 STA, 0.00101346 slack) (1 full updates: 1 setup, 0 hold, 0 combined).
Placement Total  timing analysis took 0.372027 seconds (0.248194 STA, 0.123832 slack) (111 full updates: 111 setup, 0 hold, 0 combined).
update_td_costs: connections 0 nets 0 sum_nets 0 total 0
Incr Slack updates 111 in 0.0186202 sec
Full Max Req/Worst Slack updates 44 in 0.00716223 sec
Incr Max Req/Worst Slack updates 67 in 0.0115178 sec
Incr Criticality updates 18 in 0.00251492 sec
Full Criticality updates 93 in 0.0155384 sec
# Placement took 7.39 seconds (max_rss 330.4 MiB, delta_rss +0.0 MiB)

Flow timing analysis took 0.372027 seconds (0.248194 STA, 0.123832 slack) (111 full updates: 111 setup, 0 hold, 0 combined).
VPR succeeded
The entire flow of VPR took 224.04 seconds (max_rss 330.4 MiB)
