#Timing report of worst 4 path(s)
# Unit scale: 1e-09 seconds
# Output precision: 3

#Path 1
Startpoint: Q.inpad[0] (.input clocked by virtual_io_clock)
Endpoint  : out:a.outpad[0] (.output clocked by virtual_io_clock)
Path Type : setup

Point                                                                Incr      Path
-----------------------------------------------------------------------------------
clock virtual_io_clock (rise edge)                                  0.000     0.000
clock source latency                                                0.000     0.000
input external delay                                                0.000     0.000
Q.inpad[0] (.input)                                                 0.000     0.000
$iopadmap$sevseg.Q.I_PAD_$inp[0] (BIDIR_CELL)                       0.000     0.000
$iopadmap$sevseg.Q.I_DAT[0] (BIDIR_CELL)                           10.958    10.958
a_LUT3_O.t_frag.XB2[0] (T_FRAG)                                     0.000    10.958
a_LUT3_O.t_frag.XZ[0] (T_FRAG)                                      1.552    12.510
$iopadmap$sevseg.a.O_DAT[0] (BIDIR_CELL)                            0.000    12.510
$iopadmap$sevseg.a.O_PAD_$out[0] (BIDIR_CELL)                       9.809    22.319
out:a.outpad[0] (.output)                                           0.000    22.319
data arrival time                                                            22.319

clock virtual_io_clock (rise edge)                                  0.000     0.000
clock source latency                                                0.000     0.000
clock uncertainty                                                   0.000     0.000
output external delay                                               0.000     0.000
data required time                                                            0.000
-----------------------------------------------------------------------------------
data required time                                                            0.000
data arrival time                                                           -22.319
-----------------------------------------------------------------------------------
slack (VIOLATED)                                                            -22.319


#Path 2
Startpoint: Q.inpad[0] (.input clocked by virtual_io_clock)
Endpoint  : out:d.outpad[0] (.output clocked by virtual_io_clock)
Path Type : setup

Point                                                                Incr      Path
-----------------------------------------------------------------------------------
clock virtual_io_clock (rise edge)                                  0.000     0.000
clock source latency                                                0.000     0.000
input external delay                                                0.000     0.000
Q.inpad[0] (.input)                                                 0.000     0.000
$iopadmap$sevseg.Q.I_PAD_$inp[0] (BIDIR_CELL)                       0.000     0.000
$iopadmap$sevseg.Q.I_DAT[0] (BIDIR_CELL)                           10.958    10.958
a_LUT3_O.t_frag.XB2[0] (T_FRAG)                                     0.000    10.958
a_LUT3_O.t_frag.XZ[0] (T_FRAG)                                      1.552    12.510
$iopadmap$sevseg.d.O_DAT[0] (BIDIR_CELL)                            0.000    12.510
$iopadmap$sevseg.d.O_PAD_$out[0] (BIDIR_CELL)                       9.809    22.319
out:d.outpad[0] (.output)                                           0.000    22.319
data arrival time                                                            22.319

clock virtual_io_clock (rise edge)                                  0.000     0.000
clock source latency                                                0.000     0.000
clock uncertainty                                                   0.000     0.000
output external delay                                               0.000     0.000
data required time                                                            0.000
-----------------------------------------------------------------------------------
data required time                                                            0.000
data arrival time                                                           -22.319
-----------------------------------------------------------------------------------
slack (VIOLATED)                                                            -22.319


#Path 3
Startpoint: Q.inpad[0] (.input clocked by virtual_io_clock)
Endpoint  : out:e.outpad[0] (.output clocked by virtual_io_clock)
Path Type : setup

Point                                                                Incr      Path
-----------------------------------------------------------------------------------
clock virtual_io_clock (rise edge)                                  0.000     0.000
clock source latency                                                0.000     0.000
input external delay                                                0.000     0.000
Q.inpad[0] (.input)                                                 0.000     0.000
$iopadmap$sevseg.Q.I_PAD_$inp[0] (BIDIR_CELL)                       0.000     0.000
$iopadmap$sevseg.Q.I_DAT[0] (BIDIR_CELL)                           10.958    10.958
a_LUT3_O.t_frag.XB2[0] (T_FRAG)                                     0.000    10.958
a_LUT3_O.t_frag.XZ[0] (T_FRAG)                                      1.552    12.510
$iopadmap$sevseg.e.O_DAT[0] (BIDIR_CELL)                            0.000    12.510
$iopadmap$sevseg.e.O_PAD_$out[0] (BIDIR_CELL)                       9.809    22.319
out:e.outpad[0] (.output)                                           0.000    22.319
data arrival time                                                            22.319

clock virtual_io_clock (rise edge)                                  0.000     0.000
clock source latency                                                0.000     0.000
clock uncertainty                                                   0.000     0.000
output external delay                                               0.000     0.000
data required time                                                            0.000
-----------------------------------------------------------------------------------
data required time                                                            0.000
data arrival time                                                           -22.319
-----------------------------------------------------------------------------------
slack (VIOLATED)                                                            -22.319


#Path 4
Startpoint: Q.inpad[0] (.input clocked by virtual_io_clock)
Endpoint  : out:f.outpad[0] (.output clocked by virtual_io_clock)
Path Type : setup

Point                                                                Incr      Path
-----------------------------------------------------------------------------------
clock virtual_io_clock (rise edge)                                  0.000     0.000
clock source latency                                                0.000     0.000
input external delay                                                0.000     0.000
Q.inpad[0] (.input)                                                 0.000     0.000
$iopadmap$sevseg.Q.I_PAD_$inp[0] (BIDIR_CELL)                       0.000     0.000
$iopadmap$sevseg.Q.I_DAT[0] (BIDIR_CELL)                           10.958    10.958
a_LUT3_O.t_frag.XB2[0] (T_FRAG)                                     0.000    10.958
a_LUT3_O.t_frag.XZ[0] (T_FRAG)                                      1.552    12.510
$iopadmap$sevseg.f.O_DAT[0] (BIDIR_CELL)                            0.000    12.510
$iopadmap$sevseg.f.O_PAD_$out[0] (BIDIR_CELL)                       9.809    22.319
out:f.outpad[0] (.output)                                           0.000    22.319
data arrival time                                                            22.319

clock virtual_io_clock (rise edge)                                  0.000     0.000
clock source latency                                                0.000     0.000
clock uncertainty                                                   0.000     0.000
output external delay                                               0.000     0.000
data required time                                                            0.000
-----------------------------------------------------------------------------------
data required time                                                            0.000
data arrival time                                                           -22.319
-----------------------------------------------------------------------------------
slack (VIOLATED)                                                            -22.319


#End of timing report
