#Timing report of worst 1 path(s)
# Unit scale: 1e-09 seconds
# Output precision: 3

#Path 1
Startpoint: P.inpad[0] (.input clocked by virtual_io_clock)
Endpoint  : out:F.outpad[0] (.output clocked by virtual_io_clock)
Path Type : setup

Point                                                              Incr      Path
---------------------------------------------------------------------------------
clock virtual_io_clock (rise edge)                                0.000     0.000
clock source latency                                              0.000     0.000
input external delay                                              0.000     0.000
P.inpad[0] (.input)                                               0.000     0.000
$iopadmap$kmap.P.I_PAD_$inp[0] (BIDIR_CELL)                       0.000     0.000
$iopadmap$kmap.P.I_DAT[0] (BIDIR_CELL)                           10.958    10.958
F_LUT3_O.t_frag.XAB[0] (T_FRAG)                                   7.506    18.464
F_LUT3_O.t_frag.XZ[0] (T_FRAG)                                    1.305    19.769
$iopadmap$kmap.F.O_DAT[0] (BIDIR_CELL)                            5.007    24.777
$iopadmap$kmap.F.O_PAD_$out[0] (BIDIR_CELL)                       9.809    34.586
out:F.outpad[0] (.output)                                         0.000    34.586
data arrival time                                                          34.586

clock virtual_io_clock (rise edge)                                0.000     0.000
clock source latency                                              0.000     0.000
clock uncertainty                                                 0.000     0.000
output external delay                                             0.000     0.000
data required time                                                          0.000
---------------------------------------------------------------------------------
data required time                                                          0.000
data arrival time                                                         -34.586
---------------------------------------------------------------------------------
slack (VIOLATED)                                                          -34.586


#End of timing report
