VPR FPGA Placement and Routing.
Version: 8.1.0-dev+dadca7ecf-dirty
Revision: v8.0.0-rc2-2909-gdadca7ecf-dirty
Compiled: 2025-09-16T09:59:15
Compiler: GNU 12.2.0 on Linux-6.2.1-PRoot-Distro armv8l
Build Info: release IPO VTR_ASSERT_LEVEL=2

University of Toronto
verilogtorouting.org
vtr-users@googlegroups.com
This is free open source code under MIT license.

VPR was run with the following command-line:
vpr /root/symbiflow/quicklogic-arch-defs/share/arch/ql-eos-s3_wlcsp/arch.timing.xml helloworldfpga.eblif --device ql-eos-s3 --max_router_iterations 500 --routing_failure_predictor off --router_high_fanout_threshold -1 --constant_net_method route --route_chan_width 100 --clock_modeling route --place_delay_model delta_override --router_lookahead map --check_route quick --strict_checks off --allow_dangling_combinational_nodes on --disable_errors check_unbuffered_edges:check_route --congested_routing_iteration_threshold 0.8 --incremental_reroute_delay_ripup off --base_cost_type delay_normalized_length_bounded --bb_factor 10 --initial_pres_fac 4.0 --check_rr_graph off --suppress_warnings ,sum_pin_class:check_unbuffered_edges:load_rr_indexed_data_T_values:check_rr_node:trans_per_R:check_route:set_rr_graph_tool_comment:warn_model_missing_timing --read_rr_graph /root/symbiflow/quicklogic-arch-defs/share/arch/ql-eos-s3_wlcsp/rr_graph_ql-eos-s3_wlcsp.rr_graph.real.bin --read_placement_delay_lookup /root/symbiflow/quicklogic-arch-defs/share/arch/ql-eos-s3_wlcsp/rr_graph_ql-eos-s3_wlcsp.place_delay.bin --sdc_file /root/vaman/fpga/setup/codes/blink/build/helloworldfpga_dummy.sdc --route


Architecture file: /root/symbiflow/quicklogic-arch-defs/share/arch/ql-eos-s3_wlcsp/arch.timing.xml
Circuit name: helloworldfpga

# Loading Architecture Description
# Loading Architecture Description took 2.22 seconds (max_rss 21.7 MiB, delta_rss +17.9 MiB)
# Building complex block graph
# Building complex block graph took 0.60 seconds (max_rss 22.3 MiB, delta_rss +0.6 MiB)
# Load circuit
# Load circuit took 0.07 seconds (max_rss 23.3 MiB, delta_rss +1.0 MiB)
# Clean circuit
Absorbed 979 LUT buffers
Inferred  106 additional primitive pins as constant generators since they have no combinationally connected inputs
Inferred   39 additional primitive pins as constant generators due to constant inputs
Inferred    0 additional primitive pins as constant generators since they have no combinationally connected inputs
Inferred    0 additional primitive pins as constant generators due to constant inputs
Inferred    0 additional primitive pins as constant generators since they have no combinationally connected inputs
Inferred    0 additional primitive pins as constant generators due to constant inputs
Swept input(s)      : 0
Swept output(s)     : 0 (0 dangling, 0 constant)
Swept net(s)        : 141
Swept block(s)      : 1
Constant Pins Marked: 145
# Clean circuit took 0.03 seconds (max_rss 24.4 MiB, delta_rss +1.1 MiB)
# Compress circuit
# Compress circuit took 0.01 seconds (max_rss 24.4 MiB, delta_rss +0.0 MiB)
# Verify circuit
# Verify circuit took 0.00 seconds (max_rss 24.4 MiB, delta_rss +0.0 MiB)
Circuit Statistics:
  Blocks: 112
    .output   :       3
    ASSP      :       1
    BIDIR_CELL:       3
    C_FRAG    :      32
    F_FRAG    :       1
    GND       :       1
    Q_FRAG    :      28
    T_FRAG    :      42
    VCC       :       1
  Nets  : 109
    Avg Fanout:     9.9
    Max Fanout:   505.0
    Min Fanout:     1.0
  Netlist Clocks: 1
# Build Timing Graph
  Timing Graph Nodes: 1191
  Timing Graph Edges: 1941
  Timing Graph Levels: 24
# Build Timing Graph took 0.01 seconds (max_rss 24.4 MiB, delta_rss +0.0 MiB)
Netlist contains 1 clocks
  Netlist Clock 'clk' Fanout: 28 pins (2.4%), 28 blocks (25.0%)
# Load Timing Constraints

SDC file '/root/vaman/fpga/setup/codes/blink/build/helloworldfpga_dummy.sdc' contained no SDC commands
Setting default timing constraints:
   * constrain all primay inputs and primary outputs on netlist clock 'clk'
   * optimize netlist clock to run as fast as possible
Timing constraints created 1 clocks
  Constrained Clock 'clk' Source: 'u_qlal4s3b_cell_macro.Sys_Clk0[0]'

# Load Timing Constraints took 0.00 seconds (max_rss 24.4 MiB, delta_rss +0.0 MiB)
Timing analysis: ON
Circuit netlist file: helloworldfpga.net
Circuit placement file: helloworldfpga.place
Circuit routing file: helloworldfpga.route
Circuit SDC file: /root/vaman/fpga/setup/codes/blink/build/helloworldfpga_dummy.sdc

Packer: ENABLED
Placer: ENABLED
Router: ENABLED
Analysis: ENABLED

NetlistOpts.abosrb_buffer_luts            : true
NetlistOpts.sweep_dangling_primary_ios    : true
NetlistOpts.sweep_dangling_nets           : true
NetlistOpts.sweep_dangling_blocks         : true
NetlistOpts.sweep_constant_primary_outputs: false
NetlistOpts.netlist_verbosity             : 1
NetlistOpts.const_gen_inference           : COMB_SEQ

PackerOpts.allow_unrelated_clustering: auto
PackerOpts.alpha_clustering: 0.750000
PackerOpts.beta_clustering: 0.900000
PackerOpts.cluster_seed_type: BLEND2
PackerOpts.connection_driven: true
PackerOpts.global_clocks: true
PackerOpts.hill_climbing_flag: false
PackerOpts.inter_cluster_net_delay: 1.000000
PackerOpts.timing_driven: true
PackerOpts.target_external_pin_util: auto

PlacerOpts.place_freq: PLACE_ONCE
PlacerOpts.place_algorithm: CRITICALITY_TIMING_PLACE
PlacerOpts.pad_loc_type: FREE
PlacerOpts.constraints_file: No constraints file given
PlacerOpts.place_cost_exp: 1.000000
PlacerOpts.place_chan_width: 100
PlacerOpts.inner_loop_recompute_divider: 0
PlacerOpts.recompute_crit_iter: 1
PlacerOpts.timing_tradeoff: 0.500000
PlacerOpts.td_place_exp_first: 1.000000
PlacerOpts.td_place_exp_last: 8.000000
PlacerOpts.delay_offset: 0.000000
PlacerOpts.delay_ramp_delta_threshold: -1
PlacerOpts.delay_ramp_slope: 0.000000
PlacerOpts.tsu_rel_margin: 1.000000
PlacerOpts.tsu_abs_margin: 0.000000
PlacerOpts.post_place_timing_report_file: 
PlacerOpts.allowed_tiles_for_delay_model: 
PlacerOpts.delay_model_reducer: MIN
PlacerOpts.delay_model_type: DELTA_OVERRIDE
PlacerOpts.rlim_escape_fraction: 0.000000
PlacerOpts.move_stats_file: 
PlacerOpts.placement_saves_per_temperature: 0
PlacerOpts.effort_scaling: CIRCUIT
PlacerOpts.place_delta_delay_matrix_calculation_method: ASTAR_ROUTE
PlaceOpts.seed: 1
AnnealSched.type: AUTO_SCHED
AnnealSched.inner_num: 1.000000

RouterOpts.route_type: DETAILED
RouterOpts.router_algorithm: TIMING_DRIVEN
RouterOpts.base_cost_type: DELAY_NORMALIZED_LENGTH_BOUNDED
RouterOpts.fixed_channel_width: 100
RouterOpts.check_route: QUICK
RouterOpts.trim_empty_chan: false
RouterOpts.trim_obs_chan: false
RouterOpts.acc_fac: 1.000000
RouterOpts.bb_factor: 10
RouterOpts.bend_cost: 0.000000
RouterOpts.first_iter_pres_fac: 0.000000
RouterOpts.initial_pres_fac: 4.000000
RouterOpts.pres_fac_mult: 1.300000
RouterOpts.max_router_iterations: 500
RouterOpts.min_incremental_reroute_fanout: 16
RouterOpts.do_check_rr_graph: false
RouterOpts.verify_binary_search: false
RouterOpts.min_channel_width_hint: 0
RouterOpts.read_rr_edge_metadata: false
RouterOpts.exit_after_first_routing_iteration: false
RouterOpts.astar_fac: 1.200000
RouterOpts.criticality_exp: 1.000000
RouterOpts.max_criticality: 0.990000
RouterOpts.init_wirelength_abort_threshold: 0.850000
RouterOpts.save_routing_per_iteration: false
RouterOpts.congested_routing_iteration_threshold_frac: 0.800000
RouterOpts.high_fanout_threshold: -1
RouterOpts.router_debug_net: -2
RouterOpts.router_debug_sink_rr: -2
RouterOpts.router_debug_iteration: -2
RouterOpts.max_convergence_count: 1
RouterOpts.reconvergence_cpd_threshold: 0.990000
RouterOpts.update_lower_bound_delays: true
RouterOpts.first_iteration_timing_report_file: 
RouterOpts.incr_reroute_delay_ripup: OFF
RouterOpts.route_bb_update: DYNAMIC
RouterOpts.lookahead_type: MAP
RouterOpts.initial_timing: LOOKAHEAD
RouterOpts.router_heap: BINARY_HEAP
RouterOpts.routing_failure_predictor = OFF
RouterOpts.routing_budgets_algorithm = DISABLE

AnalysisOpts.gen_post_synthesis_netlist: false
AnalysisOpts.timing_report_npaths: 100
AnalysisOpts.timing_report_skew: false
AnalysisOpts.echo_dot_timing_graph_node: -1
AnalysisOpts.timing_report_detail: NETLIST

RoutingArch.directionality: BI_DIRECTIONAL
RoutingArch.switch_block_type: WILTON
RoutingArch.Fs: 3

# Load Packing
Begin loading packed FPGA netlist file.
Netlist generated from file 'helloworldfpga.net'.
Detected 2 constant generators (to see names run with higher pack verbosity)
Finished loading packed FPGA netlist file (took 0.114001 seconds).
# Load Packing took 0.12 seconds (max_rss 25.4 MiB, delta_rss +1.0 MiB)
Warning 1: Netlist contains 0 global net to non-global architecture pin connections
Warning 2: Logic block #57 ($false) has only 1 output pin '$false.GND0_GND[0]'. It may be a constant generator.
Warning 3: Logic block #58 ($true) has only 1 output pin '$true.VCC0_VCC[0]'. It may be a constant generator.

Netlist num_nets: 81
Netlist num_blocks: 59
Netlist EMPTY blocks: 0.
Netlist PB-GMUX blocks: 0.
Netlist PB-LOGIC blocks: 53.
Netlist PB-CLOCK blocks: 0.
Netlist PB-MULT blocks: 0.
Netlist PB-SDIOMUX blocks: 0.
Netlist PB-RAM blocks: 0.
Netlist PB-SYN_VCC blocks: 1.
Netlist PB-BIDIR blocks: 3.
Netlist PB-SYN_GND blocks: 1.
Netlist PB-ASSP blocks: 1.
Netlist inputs pins: 0
Netlist output pins: 9


Pb types usage...
  PB-LOGIC          : 53
   LOGIC            : 53
    FRAGS           : 53
     c_frag_modes   : 53
      SINGLE        : 32
       c_frag       : 32
      SPLIT         : 21
       b_frag       : 21
       t_frag       : 21
     f_frag         : 1
     q_frag_modes   : 28
      INT           : 25
       q_frag       : 25
      EXT           : 3
       q_frag       : 3
  PB-SYN_VCC        : 1
   VCC              : 1
  PB-BIDIR          : 3
   BIDIR            : 3
    OUTPUT          : 3
     bidir          : 3
     outpad         : 3
  PB-SYN_GND        : 1
   GND              : 1
  PB-ASSP           : 1
   ASSP             : 1

# Create Device
## Build Device Grid
FPGA sized to 39 x 35: 1365 grid tiles (ql-eos-s3)

Resource usage...
	Netlist
		0	blocks of type: PB-GMUX
	Architecture
		5	blocks of type: TL-GMUX
	Netlist
		53	blocks of type: PB-LOGIC
	Architecture
		891	blocks of type: TL-LOGIC
	Netlist
		0	blocks of type: PB-CLOCK
	Architecture
		5	blocks of type: TL-CLOCK
	Netlist
		0	blocks of type: PB-MULT
	Architecture
		2	blocks of type: TL-MULT
	Netlist
		0	blocks of type: PB-SDIOMUX
	Architecture
		14	blocks of type: TL-SDIOMUX
	Netlist
		0	blocks of type: PB-RAM
	Architecture
		4	blocks of type: TL-RAM
	Netlist
		1	blocks of type: PB-SYN_VCC
	Architecture
		1	blocks of type: TL-SYN_VCC
	Netlist
		3	blocks of type: PB-BIDIR
	Architecture
		32	blocks of type: TL-BIDIR
	Netlist
		1	blocks of type: PB-SYN_GND
	Architecture
		1	blocks of type: TL-SYN_GND
	Netlist
		1	blocks of type: PB-ASSP
	Architecture
		1	blocks of type: TL-ASSP

Device Utilization: 0.04 (target 1.00)
	Physical Tile TL-LOGIC:
	Block Utilization: 0.06 Logical Block: PB-LOGIC
	Physical Tile TL-RAM:
	Block Utilization: 0.00 Logical Block: PB-RAM
	Physical Tile TL-MULT:
	Block Utilization: 0.00 Logical Block: PB-MULT
	Physical Tile TL-BIDIR:
	Block Utilization: 0.09 Logical Block: PB-BIDIR
	Physical Tile TL-CLOCK:
	Block Utilization: 0.00 Logical Block: PB-CLOCK
	Physical Tile TL-SDIOMUX:
	Block Utilization: 0.00 Logical Block: PB-SDIOMUX
	Physical Tile TL-GMUX:
	Block Utilization: 0.00 Logical Block: PB-GMUX
	Physical Tile TL-ASSP:
	Block Utilization: 1.00 Logical Block: PB-ASSP
	Physical Tile TL-SYN_VCC:
	Block Utilization: 1.00 Logical Block: PB-SYN_VCC
	Physical Tile TL-SYN_GND:
	Block Utilization: 1.00 Logical Block: PB-SYN_GND

## Build Device Grid took 0.03 seconds (max_rss 25.4 MiB, delta_rss +0.0 MiB)
## Loading routing resource graph



Warning 4: This architecture version is for VPR 8.1.0-dev+dadca7ecf-dirty while your current VPR version is 8.1.0-dev+dadca7ecf compatability issues may arise

## Loading routing resource graph took 3.11 seconds (max_rss 331.7 MiB, delta_rss +306.3 MiB)
  RR Graph Nodes: 1396446
  RR Graph Edges: 2337988
# Create Device took 9.45 seconds (max_rss 331.7 MiB, delta_rss +306.3 MiB)

# Load Placement
Reading helloworldfpga.place.

Successfully read helloworldfpga.place.

# Load Placement took 0.00 seconds (max_rss 331.7 MiB, delta_rss +0.0 MiB)

# Computing router lookahead map
## Computing wire lookahead
Warning 5: Unable to find any sample location for segment CHANX type 'generic' (length 1)
Warning 6: Unable to find any sample location for segment CHANY type 'generic' (length 1)
Warning 7: Unable to find any sample location for segment CHANX type 'pad' (length 1)
Warning 8: Unable to find any sample location for segment CHANY type 'pad' (length 1)
## Computing wire lookahead took 167.81 seconds (max_rss 331.7 MiB, delta_rss +0.0 MiB)
## Computing src/opin lookahead
## Computing src/opin lookahead took 0.00 seconds (max_rss 331.7 MiB, delta_rss +0.0 MiB)
# Computing router lookahead map took 167.81 seconds (max_rss 331.7 MiB, delta_rss +0.0 MiB)
# Routing
  RR Graph Nodes: 1396446
  RR Graph Edges: 2337988
Confirming router algorithm: TIMING_DRIVEN.
## Initializing router criticalities
Initial Net Connection Criticality Histogram:
[        0:      0.1) 648 ( 62.7%) |***********************************************
[      0.1:      0.2)   0 (  0.0%) |
[      0.2:      0.3)   4 (  0.4%) |
[      0.3:      0.4)  46 (  4.5%) |***
[      0.4:      0.5)  29 (  2.8%) |**
[      0.5:      0.6)  37 (  3.6%) |***
[      0.6:      0.7)  25 (  2.4%) |**
[      0.7:      0.8)  34 (  3.3%) |**
[      0.8:      0.9)  21 (  2.0%) |**
[      0.9:        1) 189 ( 18.3%) |**************
## Initializing router criticalities took 0.02 seconds (max_rss 331.7 MiB, delta_rss +0.0 MiB)
---- ------ ------- ---- ------- ------- ------- ----------------- --------------- -------- ---------- ---------- ---------- ---------- --------
Iter   Time    pres  BBs    Heap  Re-Rtd  Re-Rtd Overused RR Nodes      Wirelength      CPD       sTNS       sWNS       hTNS       hWNS Est Succ
      (sec)     fac Updt    push    Nets   Conns                                       (ns)       (ns)       (ns)       (ns)       (ns)     Iter
---- ------ ------- ---- ------- ------- ------- ----------------- --------------- -------- ---------- ---------- ---------- ---------- --------
   1   54.5     0.0    0 3.2e+07      81    1033    1610 ( 0.115%)   25075 ( 1.8%)   53.813     -1348.    -53.813      0.000      0.000      N/A
   2   41.7     4.0    0 2.4e+07      78     705    1009 ( 0.072%)   26092 ( 1.8%)   53.851     -1348.    -53.851      0.000      0.000      N/A
   3   39.3     5.2    0 2.2e+07      55     529     711 ( 0.051%)   26357 ( 1.9%)   53.852     -1351.    -53.852      0.000      0.000      N/A
   4   28.9     6.8    0 1.7e+07      47     432     427 ( 0.031%)   26480 ( 1.9%)   53.999     -1353.    -53.999      0.000      0.000      N/A
   5   25.4     8.8    0 1.4e+07      35     313     259 ( 0.019%)   26955 ( 1.9%)   53.812     -1353.    -53.812      0.000      0.000      N/A
   6   20.5    11.4    0 1.2e+07      30     211     200 ( 0.014%)   27064 ( 1.9%)   53.852     -1357.    -53.852      0.000      0.000      N/A
   7   15.2    14.9    0 1.1e+07      29     187     148 ( 0.011%)   27241 ( 1.9%)   53.887     -1358.    -53.887      0.000      0.000      N/A
   8   15.1    19.3    0 8580582      19     116      64 ( 0.005%)   27295 ( 1.9%)   53.887     -1358.    -53.887      0.000      0.000      N/A
   9    7.0    25.1    0 5239798      11      61      48 ( 0.003%)   27342 ( 1.9%)   54.004     -1361.    -54.004      0.000      0.000      N/A
  10    6.9    32.6    0 4658925       9      53      36 ( 0.003%)   27313 ( 1.9%)   54.004     -1362.    -54.004      0.000      0.000       18
  11    3.2    42.4    0 2300800       8      31       3 ( 0.000%)   27379 ( 1.9%)   54.043     -1362.    -54.043      0.000      0.000       18
  12    1.2    55.1    0  873588       2       4       9 ( 0.001%)   27377 ( 1.9%)   54.043     -1362.    -54.043      0.000      0.000       14
  13    1.0    71.7    0  521861       3       6       6 ( 0.000%)   27371 ( 1.9%)   54.043     -1370.    -54.043      0.000      0.000       14
  14    0.5    93.2    0  211228       1       4       0 ( 0.000%)   27380 ( 1.9%)   54.043     -1370.    -54.043      0.000      0.000       15
Restoring best routing
Critical path: 54.0426 ns
Successfully routed after 14 routing iterations.
Final Net Connection Criticality Histogram:
[        0:      0.1) 648 ( 62.7%) |***********************************************
[      0.1:      0.2)   0 (  0.0%) |
[      0.2:      0.3)   0 (  0.0%) |
[      0.3:      0.4)  25 (  2.4%) |**
[      0.4:      0.5)  40 (  3.9%) |***
[      0.5:      0.6)  45 (  4.4%) |***
[      0.6:      0.7)  31 (  3.0%) |**
[      0.7:      0.8)  23 (  2.2%) |**
[      0.8:      0.9)  33 (  3.2%) |**
[      0.9:        1) 188 ( 18.2%) |**************
Router Stats: total_nets_routed: 408 total_connections_routed: 3685 total_heap_pushes: 153070671 total_heap_pops: 133785806
# Routing took 267.61 seconds (max_rss 331.7 MiB, delta_rss +0.0 MiB)

Checking to ensure routing is legal...
Completed routing consistency check successfully.

Serial number (magic cookie) for the routing is: -1346314066
Circuit successfully routed with a channel width factor of 100.

Incr Slack updates 15 in 0.00604638 sec
Full Max Req/Worst Slack updates 2 in 0.000466461 sec
Incr Max Req/Worst Slack updates 13 in 0.00423608 sec
Incr Criticality updates 5 in 0.00214308 sec
Full Criticality updates 10 in 0.00581254 sec

Average number of bends per net: 274.099  Maximum # of bends: 6195

Number of global nets: 0
Number of routed nets (nonglobal): 81
Wire length results (in units of 1 clb segments)...
	Total wirelength: 25621, average net length: 316.309
	Maximum net length: 8254

Wire length results in terms of physical segments...
	Total wiring segments used: 22946, average wire segments per net: 283.284
	Maximum segments used by a net: 6537
	Total local nets with reserved CLB opins: 0

Routing channel utilization histogram:
[        1:      inf)    0 (  0.0%) |
[      0.9:        1)   62 (  2.4%) |*
[      0.8:      0.9)    0 (  0.0%) |
[      0.7:      0.8)    6 (  0.2%) |
[      0.5:      0.6)    0 (  0.0%) |
[      0.4:      0.5)    0 (  0.0%) |
[      0.3:      0.4)    2 (  0.1%) |
[      0.2:      0.3)   72 (  2.8%) |*
[      0.1:      0.2)   60 (  2.3%) |*
[        0:      0.1) 2382 ( 92.2%) |**********************************************
Maximum routing channel utilization:         1 at (1,3)

X - Directed channels:   j max occ ave occ capacity
                      ---- ------- ------- --------
                         0       2   1.436        2
                         1     161  10.026      221
                         2       0   0.000        0
                         3      83  15.795      635
                         4      68   2.641      623
                         5      72   3.051      658
                         6      77   1.974      623
                         7      74   2.154      623
                         8      28   1.846      623
                         9      13   1.128      623
                        10       9   0.590      665
                        11      64   1.821      623
                        12      76   3.077      647
                        13      76   3.333      623
                        14      66   2.308      623
                        15      66   1.692      623
                        16      69   4.769      623
                        17     203  18.872      623
                        18     220  41.179      725
                        19     238  49.462      623
                        20     224  44.359      623
                        21     209  37.667      623
                        22     216  34.615      623
                        23     181  29.026      623
                        24     136   4.769      623
                        25       0   0.000      657
                        26       7   0.179      634
                        27       0   0.000      623
                        28      10   0.256      623
                        29       0   0.000      624
                        30       0   0.000      625
                        31       0   0.000      626
                        32      30   2.103      786
                        33       0   0.000      269
Y - Directed channels:   i max occ ave occ capacity
                      ---- ------- ------- --------
                         0       0   0.000        2
                         1      47   4.057      287
                         2       1   0.029        4
                         3     179  55.286      848
                         4      36   3.200      874
                         5      46   2.286      819
                         6      23   4.829      760
                         7      46   3.600      761
                         8       6   0.943      761
                         9      46   4.114      761
                        10      11   2.143      757
                        11       6   0.971      775
                        12      31   4.286      757
                        13     185  22.086      761
                        14     204  25.171      761
                        15     184  29.857      761
                        16     228  42.057      761
                        17     221  39.086      761
                        18     211  39.229      761
                        19     195  26.000      816
                        20     212  33.629      761
                        21     201  21.829      883
                        22      25   3.800      761
                        23       0   0.000      761
                        24      25   2.486      761
                        25       0   0.000      761
                        26      11   0.314      757
                        27       0   0.000      775
                        28       0   0.000      757
                        29       0   0.000      761
                        30      30   4.029      761
                        31       0   0.000      761
                        32       0   0.000      761
                        33       0   0.000      763
                        34       0   0.000      762
                        35       0   0.000      764
                        36       0   0.000     1024
                        37       0   0.000      164

Total tracks in x-direction: 19611, in y-direction: 27046

Logic area (in minimum width transistor areas, excludes I/Os and empty grid tiles)...
	Total logic block area (Warning, need to add pitch of routing to blocks with height > 3): 1.3515e+07
	Total used logic block area: 840000

Routing area (in minimum width transistor areas)...
	Assuming no buffer sharing (pessimistic). Total: 1.07847e+09, per logic tile: 790090.
	Assuming buffer sharing (slightly optimistic). Total: 8.38760e+08, per logic tile: 614476.


Segment usage by type (index):    name type utilization
                               ------- ---- -----------
                                  sbox    2      0.0147
                                   vcc    3       0.125
                                   gnd    4       0.138
                                  hop1    5      0.0188
                                  hop2    6      0.0232
                                  hop3    7           0
                                  hop4    8       0.018
                                 clock    9           0
                               special   10      0.0828

Segment usage by length: length utilization
                         ------ -----------
                              1      0.0154
                              2      0.0232
                              3           0
                              4       0.018


Final hold Worst Negative Slack (hWNS): 0 ns
Final hold Total Negative Slack (hTNS): 0 ns

Final hold slack histogram:
[  4.4e-09:  7.4e-09)  3 ( 10.7%) |*******
[  7.4e-09:    1e-08) 22 ( 78.6%) |************************************************
[    1e-08:  1.3e-08)  2 (  7.1%) |****
[  1.3e-08:  1.7e-08)  0 (  0.0%) |
[  1.7e-08:    2e-08)  0 (  0.0%) |
[    2e-08:  2.3e-08)  0 (  0.0%) |
[  2.3e-08:  2.6e-08)  0 (  0.0%) |
[  2.6e-08:  2.9e-08)  0 (  0.0%) |
[  2.9e-08:  3.2e-08)  0 (  0.0%) |
[  3.2e-08:  3.5e-08)  1 (  3.6%) |**

Final critical path delay (least slack): 54.0426 ns, Fmax: 18.5039 MHz
Final setup Worst Negative Slack (sWNS): -54.0426 ns
Final setup Total Negative Slack (sTNS): -1370.22 ns

Final setup slack histogram:
[ -5.4e-08: -4.9e-08) 23 ( 82.1%) |************************************************
[ -4.9e-08: -4.5e-08)  3 ( 10.7%) |******
[ -4.5e-08:   -4e-08)  0 (  0.0%) |
[   -4e-08: -3.6e-08)  0 (  0.0%) |
[ -3.6e-08: -3.1e-08)  1 (  3.6%) |**
[ -3.1e-08: -2.7e-08)  0 (  0.0%) |
[ -2.7e-08: -2.2e-08)  0 (  0.0%) |
[ -2.2e-08: -1.8e-08)  0 (  0.0%) |
[ -1.8e-08: -1.3e-08)  0 (  0.0%) |
[ -1.3e-08: -8.6e-09)  1 (  3.6%) |**

Final geomean non-virtual intra-domain period: 54.0426 ns (18.5039 MHz)
Final fanout-weighted geomean non-virtual intra-domain period: 54.0426 ns (18.5039 MHz)

Incr Slack updates 1 in 0.000561461 sec
Full Max Req/Worst Slack updates 1 in 0.000588923 sec
Incr Max Req/Worst Slack updates 0 in 0 sec
Incr Criticality updates 0 in 0 sec
Full Criticality updates 1 in 0.000830846 sec
Flow timing analysis took 0.186458 seconds (0.139506 STA, 0.0469517 slack) (16 full updates: 0 setup, 0 hold, 16 combined).
VPR succeeded
The entire flow of VPR took 448.75 seconds (max_rss 331.7 MiB)
