VPR FPGA Placement and Routing.
Version: 8.1.0-dev+dadca7ecf-dirty
Revision: v8.0.0-rc2-2909-gdadca7ecf-dirty
Compiled: 2025-09-16T09:59:15
Compiler: GNU 12.2.0 on Linux-6.2.1-PRoot-Distro armv8l
Build Info: release IPO VTR_ASSERT_LEVEL=2

University of Toronto
verilogtorouting.org
vtr-users@googlegroups.com
This is free open source code under MIT license.

VPR was run with the following command-line:
vpr /root/symbiflow/quicklogic-arch-defs/share/arch/ql-eos-s3_wlcsp/arch.timing.xml helloworldfpga.eblif --device ql-eos-s3 --max_router_iterations 500 --routing_failure_predictor off --router_high_fanout_threshold -1 --constant_net_method route --route_chan_width 100 --clock_modeling route --place_delay_model delta_override --router_lookahead map --check_route quick --strict_checks off --allow_dangling_combinational_nodes on --disable_errors check_unbuffered_edges:check_route --congested_routing_iteration_threshold 0.8 --incremental_reroute_delay_ripup off --base_cost_type delay_normalized_length_bounded --bb_factor 10 --initial_pres_fac 4.0 --check_rr_graph off --suppress_warnings ,sum_pin_class:check_unbuffered_edges:load_rr_indexed_data_T_values:check_rr_node:trans_per_R:check_route:set_rr_graph_tool_comment:warn_model_missing_timing --read_rr_graph /root/symbiflow/quicklogic-arch-defs/share/arch/ql-eos-s3_wlcsp/rr_graph_ql-eos-s3_wlcsp.rr_graph.real.bin --read_placement_delay_lookup /root/symbiflow/quicklogic-arch-defs/share/arch/ql-eos-s3_wlcsp/rr_graph_ql-eos-s3_wlcsp.place_delay.bin --sdc_file /root/vaman/fpga/setup/codes/blink/build/helloworldfpga_dummy.sdc --fix_clusters helloworldfpga_constraints.place --place


Architecture file: /root/symbiflow/quicklogic-arch-defs/share/arch/ql-eos-s3_wlcsp/arch.timing.xml
Circuit name: helloworldfpga

# Loading Architecture Description
# Loading Architecture Description took 1.98 seconds (max_rss 21.7 MiB, delta_rss +17.9 MiB)
# Building complex block graph
# Building complex block graph took 0.60 seconds (max_rss 22.3 MiB, delta_rss +0.6 MiB)
# Load circuit
# Load circuit took 0.07 seconds (max_rss 23.3 MiB, delta_rss +1.0 MiB)
# Clean circuit
Absorbed 979 LUT buffers
Inferred  106 additional primitive pins as constant generators since they have no combinationally connected inputs
Inferred   39 additional primitive pins as constant generators due to constant inputs
Inferred    0 additional primitive pins as constant generators since they have no combinationally connected inputs
Inferred    0 additional primitive pins as constant generators due to constant inputs
Inferred    0 additional primitive pins as constant generators since they have no combinationally connected inputs
Inferred    0 additional primitive pins as constant generators due to constant inputs
Swept input(s)      : 0
Swept output(s)     : 0 (0 dangling, 0 constant)
Swept net(s)        : 141
Swept block(s)      : 1
Constant Pins Marked: 145
# Clean circuit took 0.03 seconds (max_rss 24.4 MiB, delta_rss +1.1 MiB)
# Compress circuit
# Compress circuit took 0.01 seconds (max_rss 24.4 MiB, delta_rss +0.0 MiB)
# Verify circuit
# Verify circuit took 0.00 seconds (max_rss 24.4 MiB, delta_rss +0.0 MiB)
Circuit Statistics:
  Blocks: 112
    .output   :       3
    ASSP      :       1
    BIDIR_CELL:       3
    C_FRAG    :      32
    F_FRAG    :       1
    GND       :       1
    Q_FRAG    :      28
    T_FRAG    :      42
    VCC       :       1
  Nets  : 109
    Avg Fanout:     9.9
    Max Fanout:   505.0
    Min Fanout:     1.0
  Netlist Clocks: 1
# Build Timing Graph
  Timing Graph Nodes: 1191
  Timing Graph Edges: 1941
  Timing Graph Levels: 24
# Build Timing Graph took 0.01 seconds (max_rss 24.4 MiB, delta_rss +0.0 MiB)
Netlist contains 1 clocks
  Netlist Clock 'clk' Fanout: 28 pins (2.4%), 28 blocks (25.0%)
# Load Timing Constraints

SDC file '/root/vaman/fpga/setup/codes/blink/build/helloworldfpga_dummy.sdc' contained no SDC commands
Setting default timing constraints:
   * constrain all primay inputs and primary outputs on netlist clock 'clk'
   * optimize netlist clock to run as fast as possible
Timing constraints created 1 clocks
  Constrained Clock 'clk' Source: 'u_qlal4s3b_cell_macro.Sys_Clk0[0]'

# Load Timing Constraints took 0.00 seconds (max_rss 24.4 MiB, delta_rss +0.0 MiB)
Timing analysis: ON
Circuit netlist file: helloworldfpga.net
Circuit placement file: helloworldfpga.place
Circuit routing file: helloworldfpga.route
Circuit SDC file: /root/vaman/fpga/setup/codes/blink/build/helloworldfpga_dummy.sdc

Packer: ENABLED
Placer: ENABLED
Router: DISABLED
Analysis: DISABLED

NetlistOpts.abosrb_buffer_luts            : true
NetlistOpts.sweep_dangling_primary_ios    : true
NetlistOpts.sweep_dangling_nets           : true
NetlistOpts.sweep_dangling_blocks         : true
NetlistOpts.sweep_constant_primary_outputs: false
NetlistOpts.netlist_verbosity             : 1
NetlistOpts.const_gen_inference           : COMB_SEQ

PackerOpts.allow_unrelated_clustering: auto
PackerOpts.alpha_clustering: 0.750000
PackerOpts.beta_clustering: 0.900000
PackerOpts.cluster_seed_type: BLEND2
PackerOpts.connection_driven: true
PackerOpts.global_clocks: true
PackerOpts.hill_climbing_flag: false
PackerOpts.inter_cluster_net_delay: 1.000000
PackerOpts.timing_driven: true
PackerOpts.target_external_pin_util: auto

PlacerOpts.place_freq: PLACE_ONCE
PlacerOpts.place_algorithm: CRITICALITY_TIMING_PLACE
PlacerOpts.pad_loc_type: FREE
PlacerOpts.constraints_file: Using constraints file 'helloworldfpga_constraints.place'
PlacerOpts.place_cost_exp: 1.000000
PlacerOpts.place_chan_width: 100
PlacerOpts.inner_loop_recompute_divider: 0
PlacerOpts.recompute_crit_iter: 1
PlacerOpts.timing_tradeoff: 0.500000
PlacerOpts.td_place_exp_first: 1.000000
PlacerOpts.td_place_exp_last: 8.000000
PlacerOpts.delay_offset: 0.000000
PlacerOpts.delay_ramp_delta_threshold: -1
PlacerOpts.delay_ramp_slope: 0.000000
PlacerOpts.tsu_rel_margin: 1.000000
PlacerOpts.tsu_abs_margin: 0.000000
PlacerOpts.post_place_timing_report_file: 
PlacerOpts.allowed_tiles_for_delay_model: 
PlacerOpts.delay_model_reducer: MIN
PlacerOpts.delay_model_type: DELTA_OVERRIDE
PlacerOpts.rlim_escape_fraction: 0.000000
PlacerOpts.move_stats_file: 
PlacerOpts.placement_saves_per_temperature: 0
PlacerOpts.effort_scaling: CIRCUIT
PlacerOpts.place_delta_delay_matrix_calculation_method: ASTAR_ROUTE
PlaceOpts.seed: 1
AnnealSched.type: AUTO_SCHED
AnnealSched.inner_num: 1.000000

RoutingArch.directionality: BI_DIRECTIONAL
RoutingArch.switch_block_type: WILTON
RoutingArch.Fs: 3

# Load Packing
Begin loading packed FPGA netlist file.
Netlist generated from file 'helloworldfpga.net'.
Detected 2 constant generators (to see names run with higher pack verbosity)
Finished loading packed FPGA netlist file (took 0.113854 seconds).
# Load Packing took 0.14 seconds (max_rss 25.4 MiB, delta_rss +1.0 MiB)
Warning 1: Netlist contains 0 global net to non-global architecture pin connections
Warning 2: Logic block #57 ($false) has only 1 output pin '$false.GND0_GND[0]'. It may be a constant generator.
Warning 3: Logic block #58 ($true) has only 1 output pin '$true.VCC0_VCC[0]'. It may be a constant generator.

Netlist num_nets: 81
Netlist num_blocks: 59
Netlist EMPTY blocks: 0.
Netlist PB-GMUX blocks: 0.
Netlist PB-LOGIC blocks: 53.
Netlist PB-CLOCK blocks: 0.
Netlist PB-MULT blocks: 0.
Netlist PB-SDIOMUX blocks: 0.
Netlist PB-RAM blocks: 0.
Netlist PB-SYN_VCC blocks: 1.
Netlist PB-BIDIR blocks: 3.
Netlist PB-SYN_GND blocks: 1.
Netlist PB-ASSP blocks: 1.
Netlist inputs pins: 0
Netlist output pins: 9


Pb types usage...
  PB-LOGIC          : 53
   LOGIC            : 53
    FRAGS           : 53
     c_frag_modes   : 53
      SINGLE        : 32
       c_frag       : 32
      SPLIT         : 21
       b_frag       : 21
       t_frag       : 21
     f_frag         : 1
     q_frag_modes   : 28
      INT           : 25
       q_frag       : 25
      EXT           : 3
       q_frag       : 3
  PB-SYN_VCC        : 1
   VCC              : 1
  PB-BIDIR          : 3
   BIDIR            : 3
    OUTPUT          : 3
     bidir          : 3
     outpad         : 3
  PB-SYN_GND        : 1
   GND              : 1
  PB-ASSP           : 1
   ASSP             : 1

# Create Device
## Build Device Grid
FPGA sized to 39 x 35: 1365 grid tiles (ql-eos-s3)

Resource usage...
	Netlist
		0	blocks of type: PB-GMUX
	Architecture
		5	blocks of type: TL-GMUX
	Netlist
		53	blocks of type: PB-LOGIC
	Architecture
		891	blocks of type: TL-LOGIC
	Netlist
		0	blocks of type: PB-CLOCK
	Architecture
		5	blocks of type: TL-CLOCK
	Netlist
		0	blocks of type: PB-MULT
	Architecture
		2	blocks of type: TL-MULT
	Netlist
		0	blocks of type: PB-SDIOMUX
	Architecture
		14	blocks of type: TL-SDIOMUX
	Netlist
		0	blocks of type: PB-RAM
	Architecture
		4	blocks of type: TL-RAM
	Netlist
		1	blocks of type: PB-SYN_VCC
	Architecture
		1	blocks of type: TL-SYN_VCC
	Netlist
		3	blocks of type: PB-BIDIR
	Architecture
		32	blocks of type: TL-BIDIR
	Netlist
		1	blocks of type: PB-SYN_GND
	Architecture
		1	blocks of type: TL-SYN_GND
	Netlist
		1	blocks of type: PB-ASSP
	Architecture
		1	blocks of type: TL-ASSP

Device Utilization: 0.04 (target 1.00)
	Physical Tile TL-LOGIC:
	Block Utilization: 0.06 Logical Block: PB-LOGIC
	Physical Tile TL-RAM:
	Block Utilization: 0.00 Logical Block: PB-RAM
	Physical Tile TL-MULT:
	Block Utilization: 0.00 Logical Block: PB-MULT
	Physical Tile TL-BIDIR:
	Block Utilization: 0.09 Logical Block: PB-BIDIR
	Physical Tile TL-CLOCK:
	Block Utilization: 0.00 Logical Block: PB-CLOCK
	Physical Tile TL-SDIOMUX:
	Block Utilization: 0.00 Logical Block: PB-SDIOMUX
	Physical Tile TL-GMUX:
	Block Utilization: 0.00 Logical Block: PB-GMUX
	Physical Tile TL-ASSP:
	Block Utilization: 1.00 Logical Block: PB-ASSP
	Physical Tile TL-SYN_VCC:
	Block Utilization: 1.00 Logical Block: PB-SYN_VCC
	Physical Tile TL-SYN_GND:
	Block Utilization: 1.00 Logical Block: PB-SYN_GND

## Build Device Grid took 0.03 seconds (max_rss 25.4 MiB, delta_rss +0.0 MiB)
## Loading routing resource graph



Warning 4: This architecture version is for VPR 8.1.0-dev+dadca7ecf-dirty while your current VPR version is 8.1.0-dev+dadca7ecf compatability issues may arise

## Loading routing resource graph took 3.13 seconds (max_rss 331.7 MiB, delta_rss +306.3 MiB)
  RR Graph Nodes: 1396446
  RR Graph Edges: 2337988
# Create Device took 9.85 seconds (max_rss 331.7 MiB, delta_rss +306.3 MiB)

# Computing router lookahead map
## Computing wire lookahead
Warning 5: Unable to find any sample location for segment CHANX type 'generic' (length 1)
Warning 6: Unable to find any sample location for segment CHANY type 'generic' (length 1)
Warning 7: Unable to find any sample location for segment CHANX type 'pad' (length 1)
Warning 8: Unable to find any sample location for segment CHANY type 'pad' (length 1)
## Computing wire lookahead took 183.09 seconds (max_rss 331.7 MiB, delta_rss +0.0 MiB)
## Computing src/opin lookahead
## Computing src/opin lookahead took 0.00 seconds (max_rss 331.7 MiB, delta_rss +0.0 MiB)
# Computing router lookahead map took 183.10 seconds (max_rss 331.7 MiB, delta_rss +0.0 MiB)
# Placement
## Computing placement delta delay look-up
  RR Graph Nodes: 1396446
  RR Graph Edges: 2337988
## Computing placement delta delay look-up took 6.38 seconds (max_rss 331.7 MiB, delta_rss +0.0 MiB)
Warning 9: CHANX place cost fac is 0 at 2 2
Warning 10: CHANX place cost fac is 0 at 34 34
Warning 11: CHANY place cost fac is 0 at 38 38
## Initial Placement
Reading helloworldfpga_constraints.place.

Successfully read helloworldfpga_constraints.place.

## Initial Placement took 0.00 seconds (max_rss 331.7 MiB, delta_rss +0.0 MiB)

There are 1033 point to point connections in this circuit.


BB estimate of min-dist (placement) wire length: 4277

Completed placement consistency check successfully.
Initial placement cost: 1 bb_cost: 6.34542 td_cost: 1.96526e-06
Initial placement estimated Critical Path Delay (CPD): 99.8381 ns
Initial placement estimated setup Total Negative Slack (sTNS): -2471.42 ns
Initial placement estimated setup Worst Negative Slack (sWNS): -99.8381 ns

Initial placement estimated setup slack histogram:
[   -1e-07: -9.1e-08) 16 ( 57.1%) |************************************************
[ -9.1e-08: -8.3e-08)  9 ( 32.1%) |***************************
[ -8.3e-08: -7.5e-08)  1 (  3.6%) |***
[ -7.5e-08: -6.6e-08)  0 (  0.0%) |
[ -6.6e-08: -5.8e-08)  0 (  0.0%) |
[ -5.8e-08:   -5e-08)  0 (  0.0%) |
[   -5e-08: -4.1e-08)  0 (  0.0%) |
[ -4.1e-08: -3.3e-08)  0 (  0.0%) |
[ -3.3e-08: -2.5e-08)  1 (  3.6%) |***
[ -2.5e-08: -1.6e-08)  1 (  3.6%) |***
Placement contains 0 placement macros involving 0 blocks (average macro size nan)

Moves per temperature: 229
Warning 12: Starting t: 56 of 59 configurations accepted.

---- ------ ------- ------- ---------- ---------- ------- ---------- -------- ------- ------- ------ -------- --------- ------
Tnum   Time       T Av Cost Av BB Cost Av TD Cost     CPD       sTNS     sWNS Ac Rate Std Dev  R lim Crit Exp Tot Moves  Alpha
      (sec)                                          (ns)       (ns)     (ns)                                                 
---- ------ ------- ------- ---------- ---------- ------- ---------- -------- ------- ------- ------ -------- --------- ------
   1    0.0 2.2e-01   1.009       6.05 2.0119e-06  99.449  -2.46e+03  -99.449   0.921  0.0237   38.0     1.00       229  0.200
   2    0.0 2.0e-01   1.050       6.41 2.0602e-06 106.667  -2.67e+03 -106.667   0.943  0.0249   38.0     1.00       458  0.900
   3    0.0 1.8e-01   0.970       6.15 1.9324e-06 112.025  -2.69e+03 -112.025   0.934  0.0309   38.0     1.00       687  0.900
   4    0.0 1.6e-01   1.046       6.24 1.9386e-06 111.802  -2.76e+03 -111.802   0.926  0.0196   38.0     1.00       916  0.900
   5    0.0 1.4e-01   1.028       6.36 1.9387e-06 115.452  -2.77e+03 -115.452   0.869  0.0153   38.0     1.00      1145  0.900
   6    0.0 1.3e-01   0.998       6.54 2.0379e-06 116.705  -2.79e+03 -116.705   0.943  0.0155   38.0     1.00      1374  0.900
   7    0.0 1.2e-01   1.006       6.45 2.0213e-06 120.206  -2.93e+03 -120.206   0.930  0.0210   38.0     1.00      1603  0.900
   8    0.0 1.1e-01   1.006       6.35 1.9197e-06 113.538   -2.7e+03 -113.538   0.926  0.0316   38.0     1.00      1832  0.900
   9    0.0 9.5e-02   1.042       6.27 2.0509e-06  93.199  -2.32e+03  -93.199   0.934  0.0243   38.0     1.00      2061  0.900
  10    0.0 8.6e-02   0.993       6.35 2.0688e-06 104.709  -2.57e+03 -104.709   0.961  0.0266   38.0     1.00      2290  0.900
  11    0.0 4.3e-02   1.006       6.31 2.0077e-06 106.198  -2.52e+03 -106.198   0.878  0.0185   38.0     1.00      2519  0.500
  12    0.0 3.8e-02   0.988       6.16 2.0371e-06  96.607  -2.35e+03  -96.607   0.895  0.0210   38.0     1.00      2748  0.900
  13    0.0 3.5e-02   1.003       5.94 1.9944e-06  99.265  -2.52e+03  -99.265   0.873  0.0233   38.0     1.00      2977  0.900
  14    0.0 3.1e-02   1.015       6.14 2.0373e-06 105.193  -2.53e+03 -105.193   0.843  0.0247   38.0     1.00      3206  0.900
  15    0.0 2.8e-02   1.009       6.27 1.9379e-06 106.190  -2.67e+03 -106.190   0.847  0.0202   38.0     1.00      3435  0.900
  16    0.0 2.5e-02   1.011       6.23 1.9235e-06 109.278  -2.62e+03 -109.278   0.834  0.0218   38.0     1.00      3664  0.900
  17    0.0 2.3e-02   1.036       6.42 1.9506e-06 111.093  -2.73e+03 -111.093   0.869  0.0245   38.0     1.00      3893  0.900
  18    0.0 2.0e-02   1.023       6.11 1.8749e-06 120.992  -2.83e+03 -120.992   0.838  0.0153   38.0     1.00      4122  0.900
  19    0.0 1.8e-02   0.976       5.99 1.8924e-06 104.243  -2.62e+03 -104.243   0.782  0.0292   38.0     1.00      4351  0.900
  20    0.0 1.7e-02   0.952       6.03 1.875e-06  118.238  -2.87e+03 -118.238   0.812  0.0340   38.0     1.00      4580  0.950
  21    0.0 1.6e-02   1.008       5.56 1.774e-06  110.605  -2.55e+03 -110.605   0.742  0.0341   38.0     1.00      4809  0.900
  22    0.0 1.5e-02   0.949       5.80 1.9304e-06 101.956  -2.53e+03 -101.956   0.760  0.0170   38.0     1.00      5038  0.950
  23    0.0 1.4e-02   0.977       5.75 1.7891e-06 114.213  -2.89e+03 -114.213   0.777  0.0310   38.0     1.00      5267  0.950
  24    0.0 1.3e-02   0.972       6.13 1.9086e-06 104.723  -2.62e+03 -104.723   0.742  0.0325   38.0     1.00      5496  0.950
  25    0.0 1.3e-02   1.008       6.04 1.7978e-06 108.673  -2.72e+03 -108.673   0.755  0.0257   38.0     1.00      5725  0.950
  26    0.0 1.2e-02   1.017       5.84 1.8609e-06  93.210   -2.3e+03  -93.210   0.716  0.0234   38.0     1.00      5954  0.950
  27    0.0 1.2e-02   0.994       5.64 1.8868e-06  95.686  -2.33e+03  -95.686   0.646  0.0159   38.0     1.00      6183  0.950
  28    0.0 1.1e-02   0.959       5.54 1.7323e-06 106.064  -2.52e+03 -106.064   0.672  0.0347   38.0     1.00      6412  0.950
  29    0.0 1.0e-02   1.014       5.56 1.7144e-06  90.148  -2.17e+03  -90.148   0.620  0.0253   38.0     1.00      6641  0.950
  30    0.0 9.9e-03   1.029       5.46 1.7834e-06  94.204  -2.38e+03  -94.204   0.629  0.0191   38.0     1.00      6870  0.950
  31    0.0 9.4e-03   0.959       5.27 1.6439e-06  99.089  -2.48e+03  -99.089   0.550  0.0238   38.0     1.00      7099  0.950
  32    0.0 9.0e-03   0.997       5.48 1.6713e-06  95.522  -2.37e+03  -95.522   0.620  0.0187   38.0     1.00      7328  0.950
  33    0.0 8.5e-03   1.001       5.39 1.7703e-06  91.299  -2.14e+03  -91.299   0.590  0.0252   38.0     1.00      7557  0.950
  34    0.0 8.1e-03   1.036       5.66 1.7718e-06 110.067  -2.64e+03 -110.067   0.616  0.0229   38.0     1.00      7786  0.950
  35    0.0 7.7e-03   0.995       5.71 1.734e-06   98.564  -2.36e+03  -98.564   0.624  0.0155   38.0     1.00      8015  0.950
  36    0.0 7.3e-03   1.023       5.64 1.7106e-06 101.371  -2.36e+03 -101.371   0.568  0.0172   38.0     1.00      8244  0.950
  37    0.0 6.9e-03   0.981       5.70 1.6926e-06  95.815  -2.26e+03  -95.815   0.607  0.0214   38.0     1.00      8473  0.950
  38    0.0 6.6e-03   0.941       5.14 1.6085e-06  90.928  -2.24e+03  -90.928   0.524  0.0308   38.0     1.00      8702  0.950
  39    0.0 6.3e-03   1.004       5.15 1.5645e-06  85.381  -2.11e+03  -85.381   0.511  0.0232   38.0     1.00      8931  0.950
  40    0.0 5.9e-03   0.992       5.12 1.5198e-06  97.462  -2.43e+03  -97.462   0.476  0.0158   38.0     1.00      9160  0.950
  41    0.0 5.6e-03   0.970       4.94 1.5416e-06  94.415   -2.3e+03  -94.415   0.367  0.0125   38.0     1.00      9389  0.950
  42    0.0 5.4e-03   1.004       4.93 1.4192e-06  80.840  -2.02e+03  -80.840   0.472  0.0194   35.2     1.53      9618  0.950
  43    0.0 5.1e-03   0.973       4.82 1.5303e-06  79.398  -1.96e+03  -79.398   0.358  0.0184   36.3     1.32      9847  0.950
  44    0.0 4.8e-03   0.976       4.79 1.2374e-06  83.319  -1.95e+03  -83.319   0.371  0.0113   33.4     1.88     10076  0.950
  45    0.0 4.6e-03   0.973       4.77 1.0938e-06  85.045  -1.97e+03  -85.045   0.371  0.0206   31.1     2.31     10305  0.950
  46    0.0 4.4e-03   1.008       4.62 1.0401e-06  78.444  -1.89e+03  -78.444   0.288  0.0092   28.9     2.72     10534  0.950
  47    0.0 4.1e-03   0.956       4.44 7.7231e-07  86.835  -2.06e+03  -86.835   0.319  0.0305   24.5     3.55     10763  0.950
  48    0.0 3.9e-03   0.991       4.45 7.5268e-07  75.518  -1.78e+03  -75.518   0.297  0.0122   21.6     4.11     10992  0.950
  49    0.0 3.7e-03   0.957       4.26 6.6929e-07  80.211  -1.98e+03  -80.211   0.258  0.0228   18.5     4.69     11221  0.950
  50    0.0 3.6e-03   0.994       4.04 6.4116e-07  66.083  -1.61e+03  -66.083   0.231  0.0094   15.1     5.33     11450  0.950
  51    0.0 3.4e-03   0.994       3.97 7.0557e-07  65.182  -1.62e+03  -65.182   0.293  0.0123   12.0     5.93     11679  0.950
  52    0.0 3.2e-03   0.986       3.91 6.3409e-07  67.870   -1.7e+03  -67.870   0.310  0.0094   10.2     6.26     11908  0.950
  53    0.0 3.0e-03   0.968       3.83 5.9169e-07  68.159  -1.68e+03  -68.159   0.293  0.0166    8.9     6.51     12137  0.950
  54    0.0 2.9e-03   0.979       3.82 6.0959e-07  66.262  -1.63e+03  -66.262   0.362  0.0134    7.6     6.76     12366  0.950
  55    0.0 2.8e-03   0.983       3.74 5.1361e-07  67.347  -1.67e+03  -67.347   0.380  0.0109    7.0     6.87     12595  0.950
  56    0.0 2.6e-03   0.958       3.58 5.4521e-07  65.998  -1.66e+03  -65.998   0.284  0.0138    6.6     6.95     12824  0.950
  57    0.0 2.5e-03   1.003       3.59 5.4007e-07  64.252  -1.64e+03  -64.252   0.393  0.0089    5.5     7.14     13053  0.950
  58    0.0 2.4e-03   1.000       3.51 5.2483e-07  60.992  -1.55e+03  -60.992   0.328  0.0073    5.3     7.19     13282  0.950
  59    0.0 2.2e-03   0.983       3.53 6.3332e-07  65.808  -1.67e+03  -65.808   0.384  0.0126    4.7     7.30     13511  0.950
  60    0.0 2.1e-03   0.979       3.47 6.1539e-07  61.061  -1.54e+03  -61.061   0.332  0.0108    4.4     7.35     13740  0.950
  61    0.0 2.0e-03   0.994       3.37 4.4318e-07  61.832  -1.56e+03  -61.832   0.349  0.0054    3.9     7.44     13969  0.950
  62    0.0 1.9e-03   1.010       3.47 5.3611e-07  57.241  -1.43e+03  -57.241   0.397  0.0058    3.6     7.51     14198  0.950
  63    0.0 1.8e-03   0.988       3.40 5.9042e-07  60.974  -1.55e+03  -60.974   0.384  0.0064    3.4     7.54     14427  0.950
  64    0.0 1.7e-03   0.989       3.38 5.3279e-07  58.062  -1.46e+03  -58.062   0.336  0.0091    3.2     7.58     14656  0.950
  65    0.0 1.6e-03   0.988       3.29 4.9771e-07  57.685  -1.46e+03  -57.685   0.402  0.0078    2.9     7.64     14885  0.950
  66    0.0 1.6e-03   0.979       3.21 5.2783e-07  59.666  -1.51e+03  -59.666   0.358  0.0074    2.8     7.66     15114  0.950
  67    0.0 1.5e-03   1.004       3.21 5.3024e-07  59.295  -1.51e+03  -59.295   0.358  0.0062    2.6     7.70     15343  0.950
  68    0.0 1.4e-03   0.992       3.25 5.2123e-07  59.255  -1.51e+03  -59.255   0.297  0.0065    2.4     7.74     15572  0.950
  69    0.0 1.3e-03   0.991       3.24 5.5555e-07  55.626  -1.43e+03  -55.626   0.266  0.0042    2.0     7.81     15801  0.950
  70    0.0 1.3e-03   0.998       3.20 4.3922e-07  55.931  -1.41e+03  -55.931   0.459  0.0042    1.7     7.87     16030  0.950
  71    0.0 1.2e-03   0.986       3.11 4.8377e-07  58.015  -1.46e+03  -58.015   0.432  0.0083    1.7     7.87     16259  0.950
  72    0.0 1.2e-03   1.000       3.11 4.652e-07   57.610  -1.42e+03  -57.610   0.410  0.0041    1.7     7.87     16488  0.950
  73    0.0 1.1e-03   1.005       3.12 5.4389e-07  57.103  -1.46e+03  -57.103   0.485  0.0041    1.6     7.88     16717  0.950
  74    0.0 1.0e-03   0.994       3.14 4.2187e-07  59.193  -1.46e+03  -59.193   0.310  0.0031    1.7     7.87     16946  0.950
  75    0.0 9.9e-04   0.999       3.20 4.5657e-07  56.324  -1.42e+03  -56.324   0.358  0.0042    1.5     7.91     17175  0.950
  76    0.0 9.4e-04   0.986       3.18 5.173e-07   56.503  -1.46e+03  -56.503   0.319  0.0086    1.4     7.93     17404  0.950
  77    0.0 8.9e-04   0.991       3.13 5.1534e-07  55.604  -1.42e+03  -55.604   0.293  0.0031    1.2     7.96     17633  0.950
  78    0.0 8.5e-04   0.987       3.07 4.3325e-07  56.953  -1.41e+03  -56.953   0.345  0.0052    1.0     8.00     17862  0.950
  79    0.0 8.0e-04   0.988       3.04 4.7517e-07  52.508  -1.34e+03  -52.508   0.231  0.0048    1.0     8.00     18091  0.950
  80    0.0 7.6e-04   0.999       3.04 4.9726e-07  49.717  -1.27e+03  -49.717   0.218  0.0022    1.0     8.00     18320  0.950
  81    0.0 7.3e-04   0.991       3.00 4.983e-07   52.378  -1.34e+03  -52.378   0.275  0.0038    1.0     8.00     18549  0.950
  82    0.0 6.9e-04   0.996       2.98 4.8944e-07  49.769  -1.27e+03  -49.769   0.170  0.0043    1.0     8.00     18778  0.950
  83    0.0 6.5e-04   0.997       2.94 4.4929e-07  51.989  -1.33e+03  -51.989   0.127  0.0028    1.0     8.00     19007  0.950
  84    0.0 5.2e-04   1.001       2.93 4.8954e-07  51.314  -1.31e+03  -51.314   0.223  0.0016    1.0     8.00     19236  0.800
  85    0.0 5.0e-04   0.994       2.95 4.6201e-07  49.983  -1.27e+03  -49.983   0.100  0.0022    1.0     8.00     19465  0.950
  86    0.0 4.0e-04   0.998       2.94 4.9079e-07  49.683  -1.26e+03  -49.683   0.074  0.0015    1.0     8.00     19694  0.800
  87    0.0 3.2e-04   0.998       2.94 4.2756e-07  49.981  -1.26e+03  -49.981   0.100  0.0011    1.0     8.00     19923  0.800
  88    0.0 2.5e-04   0.998       2.94 4.8879e-07  48.633  -1.23e+03  -48.633   0.100  0.0030    1.0     8.00     20152  0.800
  89    0.0 2.0e-04   0.998       2.91 4.9e-07     49.942  -1.25e+03  -49.942   0.061  0.0013    1.0     8.00     20381  0.800
  90    0.0 1.6e-04   0.993       2.89 4.622e-07   50.127  -1.25e+03  -50.127   0.100  0.0039    1.0     8.00     20610  0.800
  91    0.0 1.3e-04   0.998       2.88 4.7312e-07  49.750  -1.27e+03  -49.750   0.061  0.0017    1.0     8.00     20839  0.800
  92    0.0 1.0e-04   0.999       2.89 5.0368e-07  49.815  -1.27e+03  -49.815   0.070  0.0014    1.0     8.00     21068  0.800
  93    0.0 8.3e-05   0.995       2.88 5.1874e-07  49.772  -1.27e+03  -49.772   0.052  0.0024    1.0     8.00     21297  0.800
  94    0.0 6.7e-05   0.997       2.87 4.9802e-07  49.708  -1.27e+03  -49.708   0.057  0.0018    1.0     8.00     21526  0.800
  95    0.0 0.0e+00   0.997       2.86 4.8662e-07  49.394  -1.25e+03  -49.394   0.035  0.0020    1.0     8.00     21755  0.800
## Placement Quench took 0.01 seconds (max_rss 331.7 MiB)

BB estimate of min-dist (placement) wire length: 1892

Completed placement consistency check successfully.

Swaps called: 21814

Aborted Move Reasons:
  No moves aborted

Placement estimated critical path delay (least slack): 48.3301 ns, Fmax: 20.6911 MHz
Placement estimated setup Worst Negative Slack (sWNS): -48.3301 ns
Placement estimated setup Total Negative Slack (sTNS): -1228.45 ns

Placement estimated setup slack histogram:
[ -4.8e-08: -4.4e-08) 26 ( 92.9%) |************************************************
[ -4.4e-08:   -4e-08)  0 (  0.0%) |
[   -4e-08: -3.6e-08)  0 (  0.0%) |
[ -3.6e-08: -3.2e-08)  0 (  0.0%) |
[ -3.2e-08: -2.8e-08)  1 (  3.6%) |**
[ -2.8e-08: -2.4e-08)  0 (  0.0%) |
[ -2.4e-08:   -2e-08)  0 (  0.0%) |
[   -2e-08: -1.6e-08)  0 (  0.0%) |
[ -1.6e-08: -1.1e-08)  0 (  0.0%) |
[ -1.1e-08: -7.3e-09)  1 (  3.6%) |**

Placement estimated geomean non-virtual intra-domain period: 48.3301 ns (20.6911 MHz)
Placement estimated fanout-weighted geomean non-virtual intra-domain period: 48.3301 ns (20.6911 MHz)

Placement cost: 0.994738, bb_cost: 2.85671, td_cost: 5.05734e-07, 

Placement resource usage:
  PB-LOGIC   implemented as TL-LOGIC  : 53
  PB-SYN_VCC implemented as TL-SYN_VCC: 1
  PB-BIDIR   implemented as TL-BIDIR  : 3
  PB-SYN_GND implemented as TL-SYN_GND: 1
  PB-ASSP    implemented as TL-ASSP   : 1

Placement number of temperatures: 95
Placement total # of swap attempts: 21814
	Swaps accepted: 10547 (48.3 %)
	Swaps rejected: 10116 (46.4 %)
	Swaps aborted :  1151 ( 5.3 %)
Placement Quench timing analysis took 0.00313777 seconds (0.00249777 STA, 0.00064 slack) (1 full updates: 1 setup, 0 hold, 0 combined).
Placement Total  timing analysis took 0.327198 seconds (0.246352 STA, 0.0808456 slack) (97 full updates: 97 setup, 0 hold, 0 combined).
update_td_costs: connections 0 nets 0 sum_nets 0 total 0
Incr Slack updates 97 in 0.0174817 sec
Full Max Req/Worst Slack updates 74 in 0.00644639 sec
Incr Max Req/Worst Slack updates 23 in 0.00186808 sec
Incr Criticality updates 0 in 0 sec
Full Criticality updates 97 in 0.022064 sec
# Placement took 7.15 seconds (max_rss 331.7 MiB, delta_rss +0.0 MiB)

Flow timing analysis took 0.327198 seconds (0.246352 STA, 0.0808456 slack) (97 full updates: 97 setup, 0 hold, 0 combined).
VPR succeeded
The entire flow of VPR took 203.10 seconds (max_rss 331.7 MiB)
