VPR FPGA Placement and Routing.
Version: 8.1.0-dev+dadca7ecf-dirty
Revision: v8.0.0-rc2-2909-gdadca7ecf-dirty
Compiled: 2025-09-16T09:59:15
Compiler: GNU 12.2.0 on Linux-6.2.1-PRoot-Distro armv8l
Build Info: release IPO VTR_ASSERT_LEVEL=2

University of Toronto
verilogtorouting.org
vtr-users@googlegroups.com
This is free open source code under MIT license.

VPR was run with the following command-line:
vpr /root/symbiflow/quicklogic-arch-defs/share/arch/ql-eos-s3_wlcsp/arch.timing.xml fsm.eblif --device ql-eos-s3 --max_router_iterations 500 --routing_failure_predictor off --router_high_fanout_threshold -1 --constant_net_method route --route_chan_width 100 --clock_modeling route --place_delay_model delta_override --router_lookahead map --check_route quick --strict_checks off --allow_dangling_combinational_nodes on --disable_errors check_unbuffered_edges:check_route --congested_routing_iteration_threshold 0.8 --incremental_reroute_delay_ripup off --base_cost_type delay_normalized_length_bounded --bb_factor 10 --initial_pres_fac 4.0 --check_rr_graph off --suppress_warnings ,sum_pin_class:check_unbuffered_edges:load_rr_indexed_data_T_values:check_rr_node:trans_per_R:check_route:set_rr_graph_tool_comment:warn_model_missing_timing --read_rr_graph /root/symbiflow/quicklogic-arch-defs/share/arch/ql-eos-s3_wlcsp/rr_graph_ql-eos-s3_wlcsp.rr_graph.real.bin --read_placement_delay_lookup /root/symbiflow/quicklogic-arch-defs/share/arch/ql-eos-s3_wlcsp/rr_graph_ql-eos-s3_wlcsp.place_delay.bin --sdc_file /root/vaman_task/fsm/build/fsm_dummy.sdc --route


Architecture file: /root/symbiflow/quicklogic-arch-defs/share/arch/ql-eos-s3_wlcsp/arch.timing.xml
Circuit name: fsm

# Loading Architecture Description
# Loading Architecture Description took 1.93 seconds (max_rss 21.6 MiB, delta_rss +17.9 MiB)
# Building complex block graph
# Building complex block graph took 0.61 seconds (max_rss 22.2 MiB, delta_rss +0.6 MiB)
# Load circuit
# Load circuit took 0.06 seconds (max_rss 22.9 MiB, delta_rss +0.7 MiB)
# Clean circuit
Absorbed 715 LUT buffers
Inferred  106 additional primitive pins as constant generators since they have no combinationally connected inputs
Inferred   39 additional primitive pins as constant generators due to constant inputs
Inferred    0 additional primitive pins as constant generators since they have no combinationally connected inputs
Inferred    0 additional primitive pins as constant generators due to constant inputs
Inferred    0 additional primitive pins as constant generators since they have no combinationally connected inputs
Inferred    0 additional primitive pins as constant generators due to constant inputs
Swept input(s)      : 0
Swept output(s)     : 0 (0 dangling, 0 constant)
Swept net(s)        : 141
Swept block(s)      : 1
Constant Pins Marked: 145
# Clean circuit took 0.02 seconds (max_rss 23.5 MiB, delta_rss +0.6 MiB)
# Compress circuit
# Compress circuit took 0.00 seconds (max_rss 23.5 MiB, delta_rss +0.0 MiB)
# Verify circuit
# Verify circuit took 0.00 seconds (max_rss 23.5 MiB, delta_rss +0.0 MiB)
Circuit Statistics:
  Blocks: 111
    .output   :       5
    ASSP      :       1
    BIDIR_CELL:       5
    C_FRAG    :       8
    F_FRAG    :       1
    GND       :       1
    Q_FRAG    :      30
    T_FRAG    :      59
    VCC       :       1
  Nets  : 106
    Avg Fanout:     8.6
    Max Fanout:   446.0
    Min Fanout:     1.0
  Netlist Clocks: 1
# Build Timing Graph
  Timing Graph Nodes: 1017
  Timing Graph Edges: 1591
  Timing Graph Levels: 18
# Build Timing Graph took 0.01 seconds (max_rss 23.5 MiB, delta_rss +0.0 MiB)
Netlist contains 1 clocks
  Netlist Clock 'clk' Fanout: 30 pins (2.9%), 30 blocks (27.0%)
# Load Timing Constraints

SDC file '/root/vaman_task/fsm/build/fsm_dummy.sdc' contained no SDC commands
Setting default timing constraints:
   * constrain all primay inputs and primary outputs on netlist clock 'clk'
   * optimize netlist clock to run as fast as possible
Timing constraints created 1 clocks
  Constrained Clock 'clk' Source: 'u_qlal4s3b_cell_macro.Sys_Clk0[0]'

# Load Timing Constraints took 0.00 seconds (max_rss 23.5 MiB, delta_rss +0.0 MiB)
Timing analysis: ON
Circuit netlist file: fsm.net
Circuit placement file: fsm.place
Circuit routing file: fsm.route
Circuit SDC file: /root/vaman_task/fsm/build/fsm_dummy.sdc

Packer: ENABLED
Placer: ENABLED
Router: ENABLED
Analysis: ENABLED

NetlistOpts.abosrb_buffer_luts            : true
NetlistOpts.sweep_dangling_primary_ios    : true
NetlistOpts.sweep_dangling_nets           : true
NetlistOpts.sweep_dangling_blocks         : true
NetlistOpts.sweep_constant_primary_outputs: false
NetlistOpts.netlist_verbosity             : 1
NetlistOpts.const_gen_inference           : COMB_SEQ

PackerOpts.allow_unrelated_clustering: auto
PackerOpts.alpha_clustering: 0.750000
PackerOpts.beta_clustering: 0.900000
PackerOpts.cluster_seed_type: BLEND2
PackerOpts.connection_driven: true
PackerOpts.global_clocks: true
PackerOpts.hill_climbing_flag: false
PackerOpts.inter_cluster_net_delay: 1.000000
PackerOpts.timing_driven: true
PackerOpts.target_external_pin_util: auto

PlacerOpts.place_freq: PLACE_ONCE
PlacerOpts.place_algorithm: CRITICALITY_TIMING_PLACE
PlacerOpts.pad_loc_type: FREE
PlacerOpts.constraints_file: No constraints file given
PlacerOpts.place_cost_exp: 1.000000
PlacerOpts.place_chan_width: 100
PlacerOpts.inner_loop_recompute_divider: 0
PlacerOpts.recompute_crit_iter: 1
PlacerOpts.timing_tradeoff: 0.500000
PlacerOpts.td_place_exp_first: 1.000000
PlacerOpts.td_place_exp_last: 8.000000
PlacerOpts.delay_offset: 0.000000
PlacerOpts.delay_ramp_delta_threshold: -1
PlacerOpts.delay_ramp_slope: 0.000000
PlacerOpts.tsu_rel_margin: 1.000000
PlacerOpts.tsu_abs_margin: 0.000000
PlacerOpts.post_place_timing_report_file: 
PlacerOpts.allowed_tiles_for_delay_model: 
PlacerOpts.delay_model_reducer: MIN
PlacerOpts.delay_model_type: DELTA_OVERRIDE
PlacerOpts.rlim_escape_fraction: 0.000000
PlacerOpts.move_stats_file: 
PlacerOpts.placement_saves_per_temperature: 0
PlacerOpts.effort_scaling: CIRCUIT
PlacerOpts.place_delta_delay_matrix_calculation_method: ASTAR_ROUTE
PlaceOpts.seed: 1
AnnealSched.type: AUTO_SCHED
AnnealSched.inner_num: 1.000000

RouterOpts.route_type: DETAILED
RouterOpts.router_algorithm: TIMING_DRIVEN
RouterOpts.base_cost_type: DELAY_NORMALIZED_LENGTH_BOUNDED
RouterOpts.fixed_channel_width: 100
RouterOpts.check_route: QUICK
RouterOpts.trim_empty_chan: false
RouterOpts.trim_obs_chan: false
RouterOpts.acc_fac: 1.000000
RouterOpts.bb_factor: 10
RouterOpts.bend_cost: 0.000000
RouterOpts.first_iter_pres_fac: 0.000000
RouterOpts.initial_pres_fac: 4.000000
RouterOpts.pres_fac_mult: 1.300000
RouterOpts.max_router_iterations: 500
RouterOpts.min_incremental_reroute_fanout: 16
RouterOpts.do_check_rr_graph: false
RouterOpts.verify_binary_search: false
RouterOpts.min_channel_width_hint: 0
RouterOpts.read_rr_edge_metadata: false
RouterOpts.exit_after_first_routing_iteration: false
RouterOpts.astar_fac: 1.200000
RouterOpts.criticality_exp: 1.000000
RouterOpts.max_criticality: 0.990000
RouterOpts.init_wirelength_abort_threshold: 0.850000
RouterOpts.save_routing_per_iteration: false
RouterOpts.congested_routing_iteration_threshold_frac: 0.800000
RouterOpts.high_fanout_threshold: -1
RouterOpts.router_debug_net: -2
RouterOpts.router_debug_sink_rr: -2
RouterOpts.router_debug_iteration: -2
RouterOpts.max_convergence_count: 1
RouterOpts.reconvergence_cpd_threshold: 0.990000
RouterOpts.update_lower_bound_delays: true
RouterOpts.first_iteration_timing_report_file: 
RouterOpts.incr_reroute_delay_ripup: OFF
RouterOpts.route_bb_update: DYNAMIC
RouterOpts.lookahead_type: MAP
RouterOpts.initial_timing: LOOKAHEAD
RouterOpts.router_heap: BINARY_HEAP
RouterOpts.routing_failure_predictor = OFF
RouterOpts.routing_budgets_algorithm = DISABLE

AnalysisOpts.gen_post_synthesis_netlist: false
AnalysisOpts.timing_report_npaths: 100
AnalysisOpts.timing_report_skew: false
AnalysisOpts.echo_dot_timing_graph_node: -1
AnalysisOpts.timing_report_detail: NETLIST

RoutingArch.directionality: BI_DIRECTIONAL
RoutingArch.switch_block_type: WILTON
RoutingArch.Fs: 3

# Load Packing
Begin loading packed FPGA netlist file.
Netlist generated from file 'fsm.net'.
Detected 2 constant generators (to see names run with higher pack verbosity)
Finished loading packed FPGA netlist file (took 0.09589 seconds).
# Load Packing took 0.10 seconds (max_rss 24.4 MiB, delta_rss +0.9 MiB)
Warning 1: Netlist contains 0 global net to non-global architecture pin connections
Warning 2: Logic block #44 ($false) has only 1 output pin '$false.GND0_GND[0]'. It may be a constant generator.
Warning 3: Logic block #45 ($true) has only 1 output pin '$true.VCC0_VCC[0]'. It may be a constant generator.

Netlist num_nets: 74
Netlist num_blocks: 46
Netlist EMPTY blocks: 0.
Netlist PB-GMUX blocks: 0.
Netlist PB-LOGIC blocks: 38.
Netlist PB-CLOCK blocks: 0.
Netlist PB-MULT blocks: 0.
Netlist PB-SDIOMUX blocks: 0.
Netlist PB-RAM blocks: 0.
Netlist PB-SYN_VCC blocks: 1.
Netlist PB-BIDIR blocks: 5.
Netlist PB-SYN_GND blocks: 1.
Netlist PB-ASSP blocks: 1.
Netlist inputs pins: 0
Netlist output pins: 15


Pb types usage...
  PB-LOGIC          : 38
   LOGIC            : 38
    FRAGS           : 38
     c_frag_modes   : 38
      SINGLE        : 8
       c_frag       : 8
      SPLIT         : 30
       b_frag       : 30
       t_frag       : 29
     f_frag         : 1
     q_frag_modes   : 30
      INT           : 27
       q_frag       : 27
      EXT           : 3
       q_frag       : 3
  PB-SYN_VCC        : 1
   VCC              : 1
  PB-BIDIR          : 5
   BIDIR            : 5
    OUTPUT          : 5
     bidir          : 5
     outpad         : 5
  PB-SYN_GND        : 1
   GND              : 1
  PB-ASSP           : 1
   ASSP             : 1

# Create Device
## Build Device Grid
FPGA sized to 39 x 35: 1365 grid tiles (ql-eos-s3)

Resource usage...
	Netlist
		0	blocks of type: PB-GMUX
	Architecture
		5	blocks of type: TL-GMUX
	Netlist
		38	blocks of type: PB-LOGIC
	Architecture
		891	blocks of type: TL-LOGIC
	Netlist
		0	blocks of type: PB-CLOCK
	Architecture
		5	blocks of type: TL-CLOCK
	Netlist
		0	blocks of type: PB-MULT
	Architecture
		2	blocks of type: TL-MULT
	Netlist
		0	blocks of type: PB-SDIOMUX
	Architecture
		14	blocks of type: TL-SDIOMUX
	Netlist
		0	blocks of type: PB-RAM
	Architecture
		4	blocks of type: TL-RAM
	Netlist
		1	blocks of type: PB-SYN_VCC
	Architecture
		1	blocks of type: TL-SYN_VCC
	Netlist
		5	blocks of type: PB-BIDIR
	Architecture
		32	blocks of type: TL-BIDIR
	Netlist
		1	blocks of type: PB-SYN_GND
	Architecture
		1	blocks of type: TL-SYN_GND
	Netlist
		1	blocks of type: PB-ASSP
	Architecture
		1	blocks of type: TL-ASSP

Device Utilization: 0.03 (target 1.00)
	Physical Tile TL-LOGIC:
	Block Utilization: 0.04 Logical Block: PB-LOGIC
	Physical Tile TL-RAM:
	Block Utilization: 0.00 Logical Block: PB-RAM
	Physical Tile TL-MULT:
	Block Utilization: 0.00 Logical Block: PB-MULT
	Physical Tile TL-BIDIR:
	Block Utilization: 0.16 Logical Block: PB-BIDIR
	Physical Tile TL-CLOCK:
	Block Utilization: 0.00 Logical Block: PB-CLOCK
	Physical Tile TL-SDIOMUX:
	Block Utilization: 0.00 Logical Block: PB-SDIOMUX
	Physical Tile TL-GMUX:
	Block Utilization: 0.00 Logical Block: PB-GMUX
	Physical Tile TL-ASSP:
	Block Utilization: 1.00 Logical Block: PB-ASSP
	Physical Tile TL-SYN_VCC:
	Block Utilization: 1.00 Logical Block: PB-SYN_VCC
	Physical Tile TL-SYN_GND:
	Block Utilization: 1.00 Logical Block: PB-SYN_GND

## Build Device Grid took 0.03 seconds (max_rss 24.4 MiB, delta_rss +0.0 MiB)
## Loading routing resource graph



Warning 4: This architecture version is for VPR 8.1.0-dev+dadca7ecf-dirty while your current VPR version is 8.1.0-dev+dadca7ecf compatability issues may arise

## Loading routing resource graph took 3.16 seconds (max_rss 331.3 MiB, delta_rss +307.0 MiB)
  RR Graph Nodes: 1396446
  RR Graph Edges: 2337988
# Create Device took 9.52 seconds (max_rss 331.3 MiB, delta_rss +307.0 MiB)

# Load Placement
Reading fsm.place.

Successfully read fsm.place.

# Load Placement took 0.00 seconds (max_rss 331.3 MiB, delta_rss +0.0 MiB)

# Computing router lookahead map
## Computing wire lookahead
Warning 5: Unable to find any sample location for segment CHANX type 'generic' (length 1)
Warning 6: Unable to find any sample location for segment CHANY type 'generic' (length 1)
Warning 7: Unable to find any sample location for segment CHANX type 'pad' (length 1)
Warning 8: Unable to find any sample location for segment CHANY type 'pad' (length 1)
## Computing wire lookahead took 197.99 seconds (max_rss 331.3 MiB, delta_rss +0.0 MiB)
## Computing src/opin lookahead
## Computing src/opin lookahead took 0.00 seconds (max_rss 331.3 MiB, delta_rss +0.0 MiB)
# Computing router lookahead map took 197.99 seconds (max_rss 331.3 MiB, delta_rss +0.0 MiB)
# Routing
  RR Graph Nodes: 1396446
  RR Graph Edges: 2337988
Confirming router algorithm: TIMING_DRIVEN.
## Initializing router criticalities
Initial Net Connection Criticality Histogram:
[        0:      0.1) 592 ( 69.6%) |***********************************************
[      0.1:      0.2)   0 (  0.0%) |
[      0.2:      0.3)   0 (  0.0%) |
[      0.3:      0.4)  55 (  6.5%) |****
[      0.4:      0.5)  39 (  4.6%) |***
[      0.5:      0.6)  28 (  3.3%) |**
[      0.6:      0.7)  19 (  2.2%) |**
[      0.7:      0.8)  29 (  3.4%) |**
[      0.8:      0.9)  73 (  8.6%) |******
[      0.9:        1)  15 (  1.8%) |*
## Initializing router criticalities took 0.01 seconds (max_rss 331.3 MiB, delta_rss +0.0 MiB)
---- ------ ------- ---- ------- ------- ------- ----------------- --------------- -------- ---------- ---------- ---------- ---------- --------
Iter   Time    pres  BBs    Heap  Re-Rtd  Re-Rtd Overused RR Nodes      Wirelength      CPD       sTNS       sWNS       hTNS       hWNS Est Succ
      (sec)     fac Updt    push    Nets   Conns                                       (ns)       (ns)       (ns)       (ns)       (ns)     Iter
---- ------ ------- ---- ------- ------- ------- ----------------- --------------- -------- ---------- ---------- ---------- ---------- --------
   1   40.6     0.0    0 2.4e+07      74     850    1068 ( 0.076%)   20020 ( 1.4%)   38.760     -1171.    -38.760      0.000      0.000      N/A
   2   30.6     4.0    0 1.6e+07      69     521     506 ( 0.036%)   20351 ( 1.4%)   38.760     -1174.    -38.760      0.000      0.000      N/A
   3   26.4     5.2    0 1.4e+07      45     340     365 ( 0.026%)   20292 ( 1.4%)   38.760     -1173.    -38.760      0.000      0.000      N/A
   4   22.0     6.8    0 1.1e+07      42     283     211 ( 0.015%)   20662 ( 1.5%)   38.748     -1177.    -38.748      0.000      0.000      N/A
   5   13.2     8.8    0 5677808      28     182     141 ( 0.010%)   20702 ( 1.5%)   38.748     -1176.    -38.748      0.000      0.000      N/A
   6   13.7    11.4    0 6786679      26     162     104 ( 0.007%)   20880 ( 1.5%)   38.977     -1183.    -38.977      0.000      0.000      N/A
   7   10.5    14.9    0 5754626      21     119      65 ( 0.005%)   21100 ( 1.5%)   39.067     -1185.    -39.067      0.000      0.000      N/A
   8    7.9    19.3    0 4390938      12      79      51 ( 0.004%)   21195 ( 1.5%)   39.027     -1188.    -39.027      0.000      0.000      N/A
   9    9.2    25.1    0 4876789      12      70      39 ( 0.003%)   21257 ( 1.5%)   39.027     -1188.    -39.027      0.000      0.000      N/A
  10    8.3    32.6    0 4624956       7      52      33 ( 0.002%)   21285 ( 1.5%)   39.027     -1188.    -39.027      0.000      0.000       20
  11    4.2    42.4    0 2186651       9      50      15 ( 0.001%)   21348 ( 1.5%)   39.027     -1189.    -39.027      0.000      0.000       22
  12    6.1    55.1    0 3401357       7      32      21 ( 0.002%)   21326 ( 1.5%)   39.027     -1189.    -39.027      0.000      0.000       20
  13    2.7    71.7    0 1303080       6      23       0 ( 0.000%)   21402 ( 1.5%)   39.027     -1189.    -39.027      0.000      0.000       22
Restoring best routing
Critical path: 39.0273 ns
Successfully routed after 13 routing iterations.
Final Net Connection Criticality Histogram:
[        0:      0.1) 592 ( 69.6%) |***********************************************
[      0.1:      0.2)   0 (  0.0%) |
[      0.2:      0.3)   0 (  0.0%) |
[      0.3:      0.4)  49 (  5.8%) |****
[      0.4:      0.5)  20 (  2.4%) |**
[      0.5:      0.6)  27 (  3.2%) |**
[      0.6:      0.7)  27 (  3.2%) |**
[      0.7:      0.8)  19 (  2.2%) |**
[      0.8:      0.9)  30 (  3.5%) |**
[      0.9:        1)  86 ( 10.1%) |*******
Router Stats: total_nets_routed: 358 total_connections_routed: 2763 total_heap_pushes: 103634142 total_heap_pops: 90816400
# Routing took 202.42 seconds (max_rss 331.3 MiB, delta_rss +0.0 MiB)

Checking to ensure routing is legal...
Completed routing consistency check successfully.

Serial number (magic cookie) for the routing is: -1063629729
Circuit successfully routed with a channel width factor of 100.

Incr Slack updates 14 in 0.00556539 sec
Full Max Req/Worst Slack updates 3 in 0.000730615 sec
Incr Max Req/Worst Slack updates 11 in 0.00210061 sec
Incr Criticality updates 8 in 0.00326246 sec
Full Criticality updates 6 in 0.00218923 sec

Average number of bends per net: 239.770  Maximum # of bends: 5334

Number of global nets: 0
Number of routed nets (nonglobal): 74
Wire length results (in units of 1 clb segments)...
	Total wirelength: 20639, average net length: 278.905
	Maximum net length: 7265

Wire length results in terms of physical segments...
	Total wiring segments used: 18218, average wire segments per net: 246.189
	Maximum segments used by a net: 5548
	Total local nets with reserved CLB opins: 0

Routing channel utilization histogram:
[        1:      inf)    0 (  0.0%) |
[      0.9:        1)   58 (  2.2%) |*
[      0.8:      0.9)    0 (  0.0%) |
[      0.7:      0.8)    6 (  0.2%) |
[      0.5:      0.6)    0 (  0.0%) |
[      0.4:      0.5)    0 (  0.0%) |
[      0.3:      0.4)    4 (  0.2%) |
[      0.2:      0.3)   56 (  2.2%) |*
[      0.1:      0.2)   44 (  1.7%) |*
[        0:      0.1) 2416 ( 93.5%) |**********************************************
Maximum routing channel utilization:         1 at (1,3)

X - Directed channels:   j max occ ave occ capacity
                      ---- ------- ------- --------
                         0       2   1.333        2
                         1     161  10.026      221
                         2       0   0.000        0
                         3      83  21.179      635
                         4      69   2.410      623
                         5      70   2.154      658
                         6      77   2.231      623
                         7      76   4.282      623
                         8      28   1.282      623
                         9      11   0.872      623
                        10      21   1.974      665
                        11     169  15.615      623
                        12     174  11.692      647
                        13     206  29.256      623
                        14     245  40.564      623
                        15     227  47.103      623
                        16     223  32.359      623
                        17     196  24.872      623
                        18     160  10.077      725
                        19       8   0.359      623
                        20       0   0.000      623
                        21       0   0.000      623
                        22       0   0.000      623
                        23       0   0.000      623
                        24       0   0.000      623
                        25       0   0.000      657
                        26       0   0.000      634
                        27       0   0.000      623
                        28       0   0.000      623
                        29       0   0.000      624
                        30       0   0.000      625
                        31       0   0.000      626
                        32       0   0.000      786
                        33       0   0.000      269
Y - Directed channels:   i max occ ave occ capacity
                      ---- ------- ------- --------
                         0       0   0.000        2
                         1      47   4.057      287
                         2       1   0.029        4
                         3     179  54.629      848
                         4      36   3.200      874
                         5      46   2.314      819
                         6      23   4.486      760
                         7      46   3.943      761
                         8       6   1.143      761
                         9      46   4.286      761
                        10      29   3.000      757
                        11      16   2.057      775
                        12      88   7.400      757
                        13     178  20.457      761
                        14     216  24.686      761
                        15     238  40.943      761
                        16     218  25.943      761
                        17     191  22.114      761
                        18     136  11.600      761
                        19     206  28.000      816
                        20     176  15.629      761
                        21     173  15.686      883
                        22      30   1.314      761
                        23       0   0.000      761
                        24      41   1.686      761
                        25       0   0.000      761
                        26      29   0.943      757
                        27       0   0.000      775
                        28      25   0.829      757
                        29       0   0.000      761
                        30       0   0.000      761
                        31       0   0.000      761
                        32       0   0.000      761
                        33       0   0.000      763
                        34       0   0.000      762
                        35       0   0.000      764
                        36       0   0.000     1024
                        37       0   0.000      164

Total tracks in x-direction: 19611, in y-direction: 27046

Logic area (in minimum width transistor areas, excludes I/Os and empty grid tiles)...
	Total logic block area (Warning, need to add pitch of routing to blocks with height > 3): 1.3515e+07
	Total used logic block area: 615000

Routing area (in minimum width transistor areas)...
	Assuming no buffer sharing (pessimistic). Total: 1.07847e+09, per logic tile: 790090.
	Assuming buffer sharing (slightly optimistic). Total: 8.38760e+08, per logic tile: 614476.


Segment usage by type (index):    name type utilization
                               ------- ---- -----------
                                  sbox    2      0.0117
                                   vcc    3      0.0829
                                   gnd    4      0.0942
                                  hop1    5      0.0121
                                  hop2    6      0.0233
                                  hop3    7           0
                                  hop4    8     0.00963
                                 clock    9           0
                               special   10      0.0828

Segment usage by length: length utilization
                         ------ -----------
                              1      0.0122
                              2      0.0233
                              3           0
                              4     0.00963


Final hold Worst Negative Slack (hWNS): 0 ns
Final hold Total Negative Slack (hTNS): 0 ns

Final hold slack histogram:
[    4e-09:  7.1e-09) 23 ( 65.7%) |************************************************
[  7.1e-09:    1e-08)  1 (  2.9%) |**
[    1e-08:  1.3e-08)  6 ( 17.1%) |*************
[  1.3e-08:  1.6e-08)  1 (  2.9%) |**
[  1.6e-08:  1.9e-08)  0 (  0.0%) |
[  1.9e-08:  2.2e-08)  0 (  0.0%) |
[  2.2e-08:  2.6e-08)  0 (  0.0%) |
[  2.6e-08:  2.9e-08)  0 (  0.0%) |
[  2.9e-08:  3.2e-08)  3 (  8.6%) |******
[  3.2e-08:  3.5e-08)  1 (  2.9%) |**

Final critical path delay (least slack): 39.0273 ns, Fmax: 25.6231 MHz
Final setup Worst Negative Slack (sWNS): -39.0273 ns
Final setup Total Negative Slack (sTNS): -1189.35 ns

Final setup slack histogram:
[ -3.9e-08: -3.6e-08) 25 ( 71.4%) |************************************************
[ -3.6e-08: -3.3e-08)  4 ( 11.4%) |********
[ -3.3e-08:   -3e-08)  2 (  5.7%) |****
[   -3e-08: -2.6e-08)  1 (  2.9%) |**
[ -2.6e-08: -2.3e-08)  0 (  0.0%) |
[ -2.3e-08:   -2e-08)  0 (  0.0%) |
[   -2e-08: -1.7e-08)  0 (  0.0%) |
[ -1.7e-08: -1.4e-08)  0 (  0.0%) |
[ -1.4e-08:   -1e-08)  2 (  5.7%) |****
[   -1e-08: -7.3e-09)  1 (  2.9%) |**

Final geomean non-virtual intra-domain period: 39.0273 ns (25.6231 MHz)
Final fanout-weighted geomean non-virtual intra-domain period: 39.0273 ns (25.6231 MHz)

Incr Slack updates 1 in 0.000482615 sec
Full Max Req/Worst Slack updates 1 in 0.000268308 sec
Incr Max Req/Worst Slack updates 0 in 0 sec
Incr Criticality updates 0 in 0 sec
Full Criticality updates 1 in 0.000472923 sec
Flow timing analysis took 0.157369 seconds (0.122269 STA, 0.0350998 slack) (15 full updates: 0 setup, 0 hold, 15 combined).
VPR succeeded
The entire flow of VPR took 413.61 seconds (max_rss 331.3 MiB)
