
 /----------------------------------------------------------------------------\
 |                                                                            |
 |  yosys -- Yosys Open SYnthesis Suite                                       |
 |                                                                            |
 |  Copyright (C) 2012 - 2020  Claire Wolf <claire@symbioticeda.com>          |
 |                                                                            |
 |  Permission to use, copy, modify, and/or distribute this software for any  |
 |  purpose with or without fee is hereby granted, provided that the above    |
 |  copyright notice and this permission notice appear in all copies.         |
 |                                                                            |
 |  THE SOFTWARE IS PROVIDED "AS IS" AND THE AUTHOR DISCLAIMS ALL WARRANTIES  |
 |  WITH REGARD TO THIS SOFTWARE INCLUDING ALL IMPLIED WARRANTIES OF          |
 |  MERCHANTABILITY AND FITNESS. IN NO EVENT SHALL THE AUTHOR BE LIABLE FOR   |
 |  ANY SPECIAL, DIRECT, INDIRECT, OR CONSEQUENTIAL DAMAGES OR ANY DAMAGES    |
 |  WHATSOEVER RESULTING FROM LOSS OF USE, DATA OR PROFITS, WHETHER IN AN     |
 |  ACTION OF CONTRACT, NEGLIGENCE OR OTHER TORTIOUS ACTION, ARISING OUT OF   |
 |  OR IN CONNECTION WITH THE USE OR PERFORMANCE OF THIS SOFTWARE.            |
 |                                                                            |
 \----------------------------------------------------------------------------/

 Yosys 0.9+2406 (git sha1 ca763e6d5, gcc 12.2.0-14+deb12u1 -fPIC -Os)


-- Parsing `/root/vaman_task/fsm/fsm.v' using frontend `verilog' --

1. Executing Verilog-2005 frontend: /root/vaman_task/fsm/fsm.v
Parsing Verilog input from `/root/vaman_task/fsm/fsm.v' to AST representation.
Generating RTLIL representation for module `\fsm'.
Successfully finished Verilog frontend.

-- Running command `tcl /root/symbiflow/quicklogic-arch-defs/share/quicklogic/synth.tcl' --
[TCL: yosys -import] Command name collision: found pre-existing command `cd' -> skip.
[TCL: yosys -import] Command name collision: found pre-existing command `eval' -> skip.
[TCL: yosys -import] Command name collision: found pre-existing command `exec' -> skip.
[TCL: yosys -import] Command name collision: found pre-existing command `read' -> skip.
[TCL: yosys -import] Command name collision: found pre-existing command `trace' -> skip.

2. Executing Verilog-2005 frontend: /root/symbiflow/quicklogic-arch-defs/share/techmaps/quicklogic/pp3/techmap/cells_sim.v
Parsing Verilog input from `/root/symbiflow/quicklogic-arch-defs/share/techmaps/quicklogic/pp3/techmap/cells_sim.v' to AST representation.
Generating RTLIL representation for module `\VCC'.
Generating RTLIL representation for module `\GND'.
Generating RTLIL representation for module `\fpga_interconnect'.
Generating RTLIL representation for module `\CLOCK_CELL'.
Generating RTLIL representation for module `\BIDIR_CELL'.
Generating RTLIL representation for module `\SDIOMUX_CELL'.
Generating RTLIL representation for module `\T_FRAG'.
Generating RTLIL representation for module `\B_FRAG'.
Generating RTLIL representation for module `\Q_FRAG'.
Generating RTLIL representation for module `\F_FRAG'.
Generating RTLIL representation for module `\C_FRAG'.
Generating RTLIL representation for module `\ASSP'.
Generating RTLIL representation for module `\MULT'.
Generating RTLIL representation for module `\GMUX_IP'.
Generating RTLIL representation for module `\GMUX_IC'.
Successfully finished Verilog frontend.

3. Executing Verilog-2005 frontend: /root/symbiflow/quicklogic-arch-defs/bin/../share/arch/ql-eos-s3_wlcsp/cells/ram_sim.v
Parsing Verilog input from `/root/symbiflow/quicklogic-arch-defs/bin/../share/arch/ql-eos-s3_wlcsp/cells/ram_sim.v' to AST representation.
Generating RTLIL representation for module `\RAM_CE0_FE0_PR0_WSA0_WSB0_VPR'.
Generating RTLIL representation for module `\RAM_CE0_FE0_PR0_WSA0_WSB1_VPR'.
Generating RTLIL representation for module `\RAM_CE0_FE0_PR0_WSA1_WSB0_VPR'.
Generating RTLIL representation for module `\RAM_CE0_FE0_PR0_WSA1_WSB1_VPR'.
Generating RTLIL representation for module `\RAM_CE0_FE0_PR1_WSA0_WSB0_VPR'.
Generating RTLIL representation for module `\RAM_CE0_FE0_PR1_WSA0_WSB1_VPR'.
Generating RTLIL representation for module `\RAM_CE0_FE0_PR1_WSA1_WSB0_VPR'.
Generating RTLIL representation for module `\RAM_CE0_FE0_PR1_WSA1_WSB1_VPR'.
Generating RTLIL representation for module `\RAM_CE0_FE1_D0_PR0_WSA0_WSB0_VPR'.
Generating RTLIL representation for module `\RAM_CE0_FE1_D0_PR0_WSA0_WSB1_VPR'.
Generating RTLIL representation for module `\RAM_CE0_FE1_D0_PR0_WSA1_WSB0_VPR'.
Generating RTLIL representation for module `\RAM_CE0_FE1_D0_PR0_WSA1_WSB1_VPR'.
Generating RTLIL representation for module `\RAM_CE0_FE1_D0_PR1_WSA0_WSB0_VPR'.
Generating RTLIL representation for module `\RAM_CE0_FE1_D0_PR1_WSA0_WSB1_VPR'.
Generating RTLIL representation for module `\RAM_CE0_FE1_D0_PR1_WSA1_WSB0_VPR'.
Generating RTLIL representation for module `\RAM_CE0_FE1_D0_PR1_WSA1_WSB1_VPR'.
Generating RTLIL representation for module `\RAM_CE0_FE1_D1_PR0_WSA0_WSB0_VPR'.
Generating RTLIL representation for module `\RAM_CE0_FE1_D1_PR0_WSA0_WSB1_VPR'.
Generating RTLIL representation for module `\RAM_CE0_FE1_D1_PR0_WSA1_WSB0_VPR'.
Generating RTLIL representation for module `\RAM_CE0_FE1_D1_PR0_WSA1_WSB1_VPR'.
Generating RTLIL representation for module `\RAM_CE0_FE1_D1_PR1_WSA0_WSB0_VPR'.
Generating RTLIL representation for module `\RAM_CE0_FE1_D1_PR1_WSA0_WSB1_VPR'.
Generating RTLIL representation for module `\RAM_CE0_FE1_D1_PR1_WSA1_WSB0_VPR'.
Generating RTLIL representation for module `\RAM_CE0_FE1_D1_PR1_WSA1_WSB1_VPR'.
Generating RTLIL representation for module `\RAM_CE1_FE0_PR0_WSA0_WSB0_VPR'.
Generating RTLIL representation for module `\RAM_CE1_FE0_PR0_WSA0_WSB1_VPR'.
Generating RTLIL representation for module `\RAM_CE1_FE0_PR0_WSA0_WSB2_VPR'.
Generating RTLIL representation for module `\RAM_CE1_FE0_PR0_WSA1_WSB0_VPR'.
Generating RTLIL representation for module `\RAM_CE1_FE0_PR0_WSA1_WSB1_VPR'.
Generating RTLIL representation for module `\RAM_CE1_FE0_PR0_WSA1_WSB2_VPR'.
Generating RTLIL representation for module `\RAM_CE1_FE0_PR0_WSA2_WSB0_VPR'.
Generating RTLIL representation for module `\RAM_CE1_FE0_PR0_WSA2_WSB1_VPR'.
Generating RTLIL representation for module `\RAM_CE1_FE0_PR0_WSA2_WSB2_VPR'.
Generating RTLIL representation for module `\RAM_CE1_FE0_PR1_WSA0_WSB0_VPR'.
Generating RTLIL representation for module `\RAM_CE1_FE0_PR1_WSA0_WSB1_VPR'.
Generating RTLIL representation for module `\RAM_CE1_FE0_PR1_WSA0_WSB2_VPR'.
Generating RTLIL representation for module `\RAM_CE1_FE0_PR1_WSA1_WSB0_VPR'.
Generating RTLIL representation for module `\RAM_CE1_FE0_PR1_WSA1_WSB1_VPR'.
Generating RTLIL representation for module `\RAM_CE1_FE0_PR1_WSA1_WSB2_VPR'.
Generating RTLIL representation for module `\RAM_CE1_FE0_PR1_WSA2_WSB0_VPR'.
Generating RTLIL representation for module `\RAM_CE1_FE0_PR1_WSA2_WSB1_VPR'.
Generating RTLIL representation for module `\RAM_CE1_FE0_PR1_WSA2_WSB2_VPR'.
Generating RTLIL representation for module `\RAM_CE1_FE1_D0_PR0_WSA0_WSB0_VPR'.
Generating RTLIL representation for module `\RAM_CE1_FE1_D0_PR0_WSA0_WSB1_VPR'.
Generating RTLIL representation for module `\RAM_CE1_FE1_D0_PR0_WSA0_WSB2_VPR'.
Generating RTLIL representation for module `\RAM_CE1_FE1_D0_PR0_WSA1_WSB0_VPR'.
Generating RTLIL representation for module `\RAM_CE1_FE1_D0_PR0_WSA1_WSB1_VPR'.
Generating RTLIL representation for module `\RAM_CE1_FE1_D0_PR0_WSA1_WSB2_VPR'.
Generating RTLIL representation for module `\RAM_CE1_FE1_D0_PR0_WSA2_WSB0_VPR'.
Generating RTLIL representation for module `\RAM_CE1_FE1_D0_PR0_WSA2_WSB1_VPR'.
Generating RTLIL representation for module `\RAM_CE1_FE1_D0_PR0_WSA2_WSB2_VPR'.
Generating RTLIL representation for module `\RAM_CE1_FE1_D0_PR1_WSA0_WSB0_VPR'.
Generating RTLIL representation for module `\RAM_CE1_FE1_D0_PR1_WSA0_WSB1_VPR'.
Generating RTLIL representation for module `\RAM_CE1_FE1_D0_PR1_WSA0_WSB2_VPR'.
Generating RTLIL representation for module `\RAM_CE1_FE1_D0_PR1_WSA1_WSB0_VPR'.
Generating RTLIL representation for module `\RAM_CE1_FE1_D0_PR1_WSA1_WSB1_VPR'.
Generating RTLIL representation for module `\RAM_CE1_FE1_D0_PR1_WSA1_WSB2_VPR'.
Generating RTLIL representation for module `\RAM_CE1_FE1_D0_PR1_WSA2_WSB0_VPR'.
Generating RTLIL representation for module `\RAM_CE1_FE1_D0_PR1_WSA2_WSB1_VPR'.
Generating RTLIL representation for module `\RAM_CE1_FE1_D0_PR1_WSA2_WSB2_VPR'.
Generating RTLIL representation for module `\RAM_CE1_FE1_D1_PR0_WSA0_WSB0_VPR'.
Generating RTLIL representation for module `\RAM_CE1_FE1_D1_PR0_WSA0_WSB1_VPR'.
Generating RTLIL representation for module `\RAM_CE1_FE1_D1_PR0_WSA0_WSB2_VPR'.
Generating RTLIL representation for module `\RAM_CE1_FE1_D1_PR0_WSA1_WSB0_VPR'.
Generating RTLIL representation for module `\RAM_CE1_FE1_D1_PR0_WSA1_WSB1_VPR'.
Generating RTLIL representation for module `\RAM_CE1_FE1_D1_PR0_WSA1_WSB2_VPR'.
Generating RTLIL representation for module `\RAM_CE1_FE1_D1_PR0_WSA2_WSB0_VPR'.
Generating RTLIL representation for module `\RAM_CE1_FE1_D1_PR0_WSA2_WSB1_VPR'.
Generating RTLIL representation for module `\RAM_CE1_FE1_D1_PR0_WSA2_WSB2_VPR'.
Generating RTLIL representation for module `\RAM_CE1_FE1_D1_PR1_WSA0_WSB0_VPR'.
Generating RTLIL representation for module `\RAM_CE1_FE1_D1_PR1_WSA0_WSB1_VPR'.
Generating RTLIL representation for module `\RAM_CE1_FE1_D1_PR1_WSA0_WSB2_VPR'.
Generating RTLIL representation for module `\RAM_CE1_FE1_D1_PR1_WSA1_WSB0_VPR'.
Generating RTLIL representation for module `\RAM_CE1_FE1_D1_PR1_WSA1_WSB1_VPR'.
Generating RTLIL representation for module `\RAM_CE1_FE1_D1_PR1_WSA1_WSB2_VPR'.
Generating RTLIL representation for module `\RAM_CE1_FE1_D1_PR1_WSA2_WSB0_VPR'.
Generating RTLIL representation for module `\RAM_CE1_FE1_D1_PR1_WSA2_WSB1_VPR'.
Generating RTLIL representation for module `\RAM_CE1_FE1_D1_PR1_WSA2_WSB2_VPR'.
Successfully finished Verilog frontend.

4. Executing SYNTH_QUICKLOGIC pass.

4.1. Executing Verilog-2005 frontend: /root/symbiflow/bin/../share/yosys/quicklogic/cells_sim.v
Parsing Verilog input from `/root/symbiflow/bin/../share/yosys/quicklogic/cells_sim.v' to AST representation.
Generating RTLIL representation for module `\inv'.
Generating RTLIL representation for module `\buff'.
Generating RTLIL representation for module `\logic_0'.
Generating RTLIL representation for module `\logic_1'.
Generating RTLIL representation for module `\gclkbuff'.
Successfully finished Verilog frontend.

4.2. Executing Verilog-2005 frontend: /root/symbiflow/bin/../share/yosys/quicklogic/pp3_cells_sim.v
Parsing Verilog input from `/root/symbiflow/bin/../share/yosys/quicklogic/pp3_cells_sim.v' to AST representation.
Generating RTLIL representation for module `\LUT1'.
Generating RTLIL representation for module `\LUT2'.
Generating RTLIL representation for module `\LUT3'.
Generating RTLIL representation for module `\LUT4'.
Generating RTLIL representation for module `\inpad'.
Generating RTLIL representation for module `\outpad'.
Generating RTLIL representation for module `\ckpad'.
Generating RTLIL representation for module `\bipad'.
Generating RTLIL representation for module `\dff'.
Generating RTLIL representation for module `\dffc'.
Generating RTLIL representation for module `\dffp'.
Generating RTLIL representation for module `\dffpc'.
Generating RTLIL representation for module `\dffe'.
Generating RTLIL representation for module `\dffec'.
Generating RTLIL representation for module `\dffepc'.
Generating RTLIL representation for module `\AND2I0'.
Generating RTLIL representation for module `\mux2x0'.
Generating RTLIL representation for module `\mux2x1'.
Generating RTLIL representation for module `\mux4x0'.
Generating RTLIL representation for module `\mux8x0'.
Generating RTLIL representation for module `\logic_cell_macro'.
Generating RTLIL representation for module `\ahb_gen_bfm'.
Generating RTLIL representation for module `\oscillator_s1'.
Generating RTLIL representation for module `\sdma_bfm'.
Generating RTLIL representation for module `\ahb2fb_asynbrig_if'.
Generating RTLIL representation for module `\fb2ahb_asynbrig_if'.
Generating RTLIL representation for module `\ahb2fb_asynbrig'.
Generating RTLIL representation for module `\qlal4s3b_cell_macro_bfm'.
Generating RTLIL representation for module `\qlal4s3b_cell_macro'.
Generating RTLIL representation for module `\fifo_controller_model'.
Generating RTLIL representation for module `\ram'.
Warning: Replacing memory \ram with list of registers. See /root/symbiflow/bin/../share/yosys/quicklogic/pp3_cells_sim.v:3671, /root/symbiflow/bin/../share/yosys/quicklogic/pp3_cells_sim.v:3585, /root/symbiflow/bin/../share/yosys/quicklogic/pp3_cells_sim.v:3560
Generating RTLIL representation for module `\x2_model'.
Generating RTLIL representation for module `\ram_block_8K'.
Generating RTLIL representation for module `\sw_mux'.
Generating RTLIL representation for module `\ram8k_2x1_cell'.
Generating RTLIL representation for module `\ram8k_2x1_cell_macro'.
Generating RTLIL representation for module `\gpio_cell_macro'.
Generating RTLIL representation for module `\qlal4s3_mult_32x32_cell'.
Generating RTLIL representation for module `\qlal4s3_mult_16x16_cell'.
Generating RTLIL representation for module `\signed_mult'.
Generating RTLIL representation for module `\qlal4s3_mult_cell_macro'.
Generating RTLIL representation for module `\RAM_8K_BLK'.
Generating RTLIL representation for module `\RAM_16K_BLK'.
Generating RTLIL representation for module `\FIFO_8K_BLK'.
Generating RTLIL representation for module `\FIFO_16K_BLK'.
Successfully finished Verilog frontend.

4.3. Executing HIERARCHY pass (managing design hierarchy).

4.3.1. Finding top of design hierarchy..
root of   1 design levels: fsm                 
Automatically selected fsm as design top module.

4.3.2. Analyzing design hierarchy..
Top module:  \fsm

4.3.3. Analyzing design hierarchy..
Top module:  \fsm
Removed 0 unused modules.

4.4. Executing PROC pass (convert processes to netlists).

4.4.1. Executing PROC_CLEAN pass (remove empty switches from decision trees).
Cleaned up 0 empty switches.

4.4.2. Executing PROC_RMDEAD pass (remove dead branches from decision trees).
Marked 1 switch rules as full_case in process $proc$/root/symbiflow/quicklogic-arch-defs/share/techmaps/quicklogic/pp3/techmap/cells_sim.v:4781$49 in module MULT.
Marked 2 switch rules as full_case in process $proc$/root/symbiflow/quicklogic-arch-defs/share/techmaps/quicklogic/pp3/techmap/cells_sim.v:242$31 in module Q_FRAG.
Removed 1 dead cases from process $proc$/root/vaman_task/fsm/fsm.v:38$14 in module fsm.
Marked 1 switch rules as full_case in process $proc$/root/vaman_task/fsm/fsm.v:38$14 in module fsm.
Marked 1 switch rules as full_case in process $proc$/root/vaman_task/fsm/fsm.v:22$1 in module fsm.
Removed a total of 1 dead cases.

4.4.3. Executing PROC_PRUNE pass (remove redundant assignments in processes).
Removed 0 redundant assignments.
Promoted 6 assignments to connections.

4.4.4. Executing PROC_INIT pass (extract init attributes).
Found init rule in `\Q_FRAG.$proc$/root/symbiflow/quicklogic-arch-defs/share/techmaps/quicklogic/pp3/techmap/cells_sim.v:0$32'.
  Set init value: \QZ = 1'0

4.4.5. Executing PROC_ARST pass (detect async resets in processes).
Found async reset \QST in `\Q_FRAG.$proc$/root/symbiflow/quicklogic-arch-defs/share/techmaps/quicklogic/pp3/techmap/cells_sim.v:242$31'.
Found async reset \QRT in `\Q_FRAG.$proc$/root/symbiflow/quicklogic-arch-defs/share/techmaps/quicklogic/pp3/techmap/cells_sim.v:242$31'.

4.4.6. Executing PROC_MUX pass (convert decision trees to multiplexers).
Creating decoders for process `\MULT.$proc$/root/symbiflow/quicklogic-arch-defs/share/techmaps/quicklogic/pp3/techmap/cells_sim.v:4781$49'.
     1/2: $0\Cmult[63:0] [63:32]
     2/2: $0\Cmult[63:0] [31:0]
Creating decoders for process `\Q_FRAG.$proc$/root/symbiflow/quicklogic-arch-defs/share/techmaps/quicklogic/pp3/techmap/cells_sim.v:0$32'.
Creating decoders for process `\Q_FRAG.$proc$/root/symbiflow/quicklogic-arch-defs/share/techmaps/quicklogic/pp3/techmap/cells_sim.v:242$31'.
     1/1: $0\QZ[0:0]
Creating decoders for process `\fsm.$proc$/root/vaman_task/fsm/fsm.v:38$14'.
     1/1: { $1\d[0:0] $1\c[0:0] $1\b[0:0] $1\a[0:0] }
Creating decoders for process `\fsm.$proc$/root/vaman_task/fsm/fsm.v:34$6'.
Creating decoders for process `\fsm.$proc$/root/vaman_task/fsm/fsm.v:22$1'.
     1/2: $0\delay[26:0]
     2/2: $0\minterm[2:0]

4.4.7. Executing PROC_DLATCH pass (convert process syncs to latches).
No latch inferred for signal `\fsm.\d' from process `\fsm.$proc$/root/vaman_task/fsm/fsm.v:38$14'.
No latch inferred for signal `\fsm.\c' from process `\fsm.$proc$/root/vaman_task/fsm/fsm.v:38$14'.
No latch inferred for signal `\fsm.\b' from process `\fsm.$proc$/root/vaman_task/fsm/fsm.v:38$14'.
No latch inferred for signal `\fsm.\a' from process `\fsm.$proc$/root/vaman_task/fsm/fsm.v:38$14'.
No latch inferred for signal `\fsm.\led_f' from process `\fsm.$proc$/root/vaman_task/fsm/fsm.v:34$6'.

4.4.8. Executing PROC_DFF pass (convert process syncs to FFs).
Creating register for signal `\MULT.\Cmult' using process `\MULT.$proc$/root/symbiflow/quicklogic-arch-defs/share/techmaps/quicklogic/pp3/techmap/cells_sim.v:4781$49'.
  created direct connection (no actual register cell created).
Creating register for signal `\Q_FRAG.\QZ' using process `\Q_FRAG.$proc$/root/symbiflow/quicklogic-arch-defs/share/techmaps/quicklogic/pp3/techmap/cells_sim.v:242$31'.
Warning: Complex async reset for dff `\QZ'.
  created $dffsr cell `$procdff$916' with positive edge clock and multiple level-sensitive resets.
Creating register for signal `\fsm.\delay' using process `\fsm.$proc$/root/vaman_task/fsm/fsm.v:22$1'.
  created $dff cell `$procdff$917' with positive edge clock.
Creating register for signal `\fsm.\minterm' using process `\fsm.$proc$/root/vaman_task/fsm/fsm.v:22$1'.
  created $dff cell `$procdff$918' with positive edge clock.

4.4.9. Executing PROC_CLEAN pass (remove empty switches from decision trees).
Found and cleaned up 4 empty switches in `\MULT.$proc$/root/symbiflow/quicklogic-arch-defs/share/techmaps/quicklogic/pp3/techmap/cells_sim.v:4781$49'.
Removing empty process `MULT.$proc$/root/symbiflow/quicklogic-arch-defs/share/techmaps/quicklogic/pp3/techmap/cells_sim.v:4781$49'.
Removing empty process `Q_FRAG.$proc$/root/symbiflow/quicklogic-arch-defs/share/techmaps/quicklogic/pp3/techmap/cells_sim.v:0$32'.
Found and cleaned up 1 empty switch in `\Q_FRAG.$proc$/root/symbiflow/quicklogic-arch-defs/share/techmaps/quicklogic/pp3/techmap/cells_sim.v:242$31'.
Removing empty process `Q_FRAG.$proc$/root/symbiflow/quicklogic-arch-defs/share/techmaps/quicklogic/pp3/techmap/cells_sim.v:242$31'.
Found and cleaned up 1 empty switch in `\fsm.$proc$/root/vaman_task/fsm/fsm.v:38$14'.
Removing empty process `fsm.$proc$/root/vaman_task/fsm/fsm.v:38$14'.
Removing empty process `fsm.$proc$/root/vaman_task/fsm/fsm.v:34$6'.
Found and cleaned up 2 empty switches in `\fsm.$proc$/root/vaman_task/fsm/fsm.v:22$1'.
Removing empty process `fsm.$proc$/root/vaman_task/fsm/fsm.v:22$1'.
Cleaned up 8 empty switches.

4.5. Executing FLATTEN pass (flatten design).

4.6. Executing TRIBUF pass.

4.7. Executing OPT_EXPR pass (perform const folding).
Optimizing module fsm.
<suppressed ~1 debug messages>

4.8. Executing OPT_CLEAN pass (remove unused cells and wires).
Finding unused cells or wires in module \fsm..
Removed 0 unused cells and 16 unused wires.
<suppressed ~1 debug messages>

4.9. Executing DEMINOUT pass (demote inout ports to input or output).

4.10. Executing OPT pass (performing simple optimizations).

4.10.1. Executing OPT_EXPR pass (perform const folding).
Optimizing module fsm.

4.10.2. Executing OPT_MERGE pass (detect identical cells).
Finding identical cells in module `\fsm'.
<suppressed ~6 debug messages>
Removed a total of 2 cells.

4.10.3. Executing OPT_MUXTREE pass (detect dead branches in mux trees).
Running muxtree optimizer on module \fsm..
  Creating internal representation of mux trees.
  Evaluating internal representation of mux trees.
  Analyzing evaluation results.
Removed 0 multiplexer ports.
<suppressed ~3 debug messages>

4.10.4. Executing OPT_REDUCE pass (consolidate $*mux and $reduce_* inputs).
  Optimizing cells in module \fsm.
Performed a total of 0 changes.

4.10.5. Executing OPT_MERGE pass (detect identical cells).
Finding identical cells in module `\fsm'.
Removed a total of 0 cells.

4.10.6. Executing OPT_RMDFF pass (remove dff with constant values).

4.10.7. Executing OPT_CLEAN pass (remove unused cells and wires).
Finding unused cells or wires in module \fsm..
Removed 0 unused cells and 2 unused wires.
<suppressed ~1 debug messages>

4.10.8. Executing OPT_EXPR pass (perform const folding).
Optimizing module fsm.

4.10.9. Rerunning OPT passes. (Maybe there is more to do..)

4.10.10. Executing OPT_MUXTREE pass (detect dead branches in mux trees).
Running muxtree optimizer on module \fsm..
  Creating internal representation of mux trees.
  Evaluating internal representation of mux trees.
  Analyzing evaluation results.
Removed 0 multiplexer ports.
<suppressed ~3 debug messages>

4.10.11. Executing OPT_REDUCE pass (consolidate $*mux and $reduce_* inputs).
  Optimizing cells in module \fsm.
Performed a total of 0 changes.

4.10.12. Executing OPT_MERGE pass (detect identical cells).
Finding identical cells in module `\fsm'.
Removed a total of 0 cells.

4.10.13. Executing OPT_RMDFF pass (remove dff with constant values).

4.10.14. Executing OPT_CLEAN pass (remove unused cells and wires).
Finding unused cells or wires in module \fsm..

4.10.15. Executing OPT_EXPR pass (perform const folding).
Optimizing module fsm.

4.10.16. Finished OPT passes. (There is nothing left to do.)

4.11. Executing OPT_EXPR pass (perform const folding).
Optimizing module fsm.

4.12. Executing OPT_CLEAN pass (remove unused cells and wires).
Finding unused cells or wires in module \fsm..

4.13. Executing CHECK pass (checking for obvious problems).
checking module fsm..
found and reported 0 problems.

4.14. Executing OPT pass (performing simple optimizations).

4.14.1. Executing OPT_EXPR pass (perform const folding).
Optimizing module fsm.

4.14.2. Executing OPT_MERGE pass (detect identical cells).
Finding identical cells in module `\fsm'.
Removed a total of 0 cells.

4.14.3. Executing OPT_MUXTREE pass (detect dead branches in mux trees).
Running muxtree optimizer on module \fsm..
  Creating internal representation of mux trees.
  Evaluating internal representation of mux trees.
  Analyzing evaluation results.
Removed 0 multiplexer ports.
<suppressed ~3 debug messages>

4.14.4. Executing OPT_REDUCE pass (consolidate $*mux and $reduce_* inputs).
  Optimizing cells in module \fsm.
Performed a total of 0 changes.

4.14.5. Executing OPT_MERGE pass (detect identical cells).
Finding identical cells in module `\fsm'.
Removed a total of 0 cells.

4.14.6. Executing OPT_RMDFF pass (remove dff with constant values).

4.14.7. Executing OPT_CLEAN pass (remove unused cells and wires).
Finding unused cells or wires in module \fsm..

4.14.8. Executing OPT_EXPR pass (perform const folding).
Optimizing module fsm.

4.14.9. Finished OPT passes. (There is nothing left to do.)

4.15. Executing WREDUCE pass (reducing word size of cells).
Removed top 31 bits (of 32) from port B of cell fsm.$add$/root/vaman_task/fsm/fsm.v:23$2 ($add).
Removed top 5 bits (of 32) from port Y of cell fsm.$add$/root/vaman_task/fsm/fsm.v:23$2 ($add).
Removed top 7 bits (of 32) from port B of cell fsm.$gt$/root/vaman_task/fsm/fsm.v:24$3 ($gt).
Removed top 31 bits (of 32) from port B of cell fsm.$add$/root/vaman_task/fsm/fsm.v:29$5 ($add).
Removed top 29 bits (of 32) from port Y of cell fsm.$add$/root/vaman_task/fsm/fsm.v:29$5 ($add).
Removed top 1 bits (of 3) from port B of cell fsm.$procmux$893_CMP0 ($eq).
Removed top 1 bits (of 3) from port B of cell fsm.$procmux$894_CMP0 ($eq).
Removed top 2 bits (of 3) from port B of cell fsm.$procmux$895_CMP0 ($eq).
Removed top 5 bits (of 32) from wire fsm.$add$/root/vaman_task/fsm/fsm.v:23$2_Y.

4.16. Executing PEEPOPT pass (run peephole optimizers).

4.17. Executing PMUXTREE pass.

4.18. Executing OPT_CLEAN pass (remove unused cells and wires).
Finding unused cells or wires in module \fsm..
Removed 1 unused cells and 3 unused wires.
<suppressed ~2 debug messages>

4.19. Executing ALUMACC pass (create $alu and $macc cells).
Extracting $alu and $macc cells in module fsm:
  creating $macc model for $add$/root/vaman_task/fsm/fsm.v:23$2 ($add).
  creating $macc model for $add$/root/vaman_task/fsm/fsm.v:29$5 ($add).
  creating $alu model for $macc $add$/root/vaman_task/fsm/fsm.v:29$5.
  creating $alu model for $macc $add$/root/vaman_task/fsm/fsm.v:23$2.
  creating $alu model for $gt$/root/vaman_task/fsm/fsm.v:24$3 ($gt): new $alu
  creating $alu cell for $gt$/root/vaman_task/fsm/fsm.v:24$3: $auto$alumacc.cc:485:replace_alu$941
  creating $alu cell for $add$/root/vaman_task/fsm/fsm.v:23$2: $auto$alumacc.cc:485:replace_alu$946
  creating $alu cell for $add$/root/vaman_task/fsm/fsm.v:29$5: $auto$alumacc.cc:485:replace_alu$949
  created 3 $alu and 0 $macc cells.

4.20. Executing OPT pass (performing simple optimizations).

4.20.1. Executing OPT_EXPR pass (perform const folding).
Optimizing module fsm.
<suppressed ~2 debug messages>

4.20.2. Executing OPT_MERGE pass (detect identical cells).
Finding identical cells in module `\fsm'.
Removed a total of 0 cells.

4.20.3. Executing OPT_MUXTREE pass (detect dead branches in mux trees).
Running muxtree optimizer on module \fsm..
  Creating internal representation of mux trees.
  Evaluating internal representation of mux trees.
  Analyzing evaluation results.
Removed 0 multiplexer ports.
<suppressed ~3 debug messages>

4.20.4. Executing OPT_REDUCE pass (consolidate $*mux and $reduce_* inputs).
  Optimizing cells in module \fsm.
Performed a total of 0 changes.

4.20.5. Executing OPT_MERGE pass (detect identical cells).
Finding identical cells in module `\fsm'.
Removed a total of 0 cells.

4.20.6. Executing OPT_RMDFF pass (remove dff with constant values).

4.20.7. Executing OPT_CLEAN pass (remove unused cells and wires).
Finding unused cells or wires in module \fsm..
Removed 1 unused cells and 2 unused wires.
<suppressed ~2 debug messages>

4.20.8. Executing OPT_EXPR pass (perform const folding).
Optimizing module fsm.

4.20.9. Rerunning OPT passes. (Maybe there is more to do..)

4.20.10. Executing OPT_MUXTREE pass (detect dead branches in mux trees).
Running muxtree optimizer on module \fsm..
  Creating internal representation of mux trees.
  Evaluating internal representation of mux trees.
  Analyzing evaluation results.
Removed 0 multiplexer ports.
<suppressed ~3 debug messages>

4.20.11. Executing OPT_REDUCE pass (consolidate $*mux and $reduce_* inputs).
  Optimizing cells in module \fsm.
Performed a total of 0 changes.

4.20.12. Executing OPT_MERGE pass (detect identical cells).
Finding identical cells in module `\fsm'.
Removed a total of 0 cells.

4.20.13. Executing OPT_RMDFF pass (remove dff with constant values).

4.20.14. Executing OPT_CLEAN pass (remove unused cells and wires).
Finding unused cells or wires in module \fsm..

4.20.15. Executing OPT_EXPR pass (perform const folding).
Optimizing module fsm.

4.20.16. Finished OPT passes. (There is nothing left to do.)

4.21. Executing FSM pass (extract and optimize FSM).

4.21.1. Executing FSM_DETECT pass (finding FSMs in design).

4.21.2. Executing FSM_EXTRACT pass (extracting FSM from design).

4.21.3. Executing FSM_OPT pass (simple optimizations of FSMs).

4.21.4. Executing OPT_CLEAN pass (remove unused cells and wires).
Finding unused cells or wires in module \fsm..

4.21.5. Executing FSM_OPT pass (simple optimizations of FSMs).

4.21.6. Executing FSM_RECODE pass (re-assigning FSM state encoding).

4.21.7. Executing FSM_INFO pass (dumping all available information on FSM cells).

4.21.8. Executing FSM_MAP pass (mapping FSMs to basic logic).

4.22. Executing OPT pass (performing simple optimizations).

4.22.1. Executing OPT_EXPR pass (perform const folding).
Optimizing module fsm.

4.22.2. Executing OPT_MERGE pass (detect identical cells).
Finding identical cells in module `\fsm'.
Removed a total of 0 cells.

4.22.3. Executing OPT_RMDFF pass (remove dff with constant values).

4.22.4. Executing OPT_CLEAN pass (remove unused cells and wires).
Finding unused cells or wires in module \fsm..

4.22.5. Finished fast OPT passes.

4.23. Executing MEMORY pass.

4.23.1. Executing OPT_MEM pass (optimize memories).
Performed a total of 0 transformations.

4.23.2. Executing MEMORY_DFF pass (merging $dff cells to $memrd and $memwr).

4.23.3. Executing OPT_CLEAN pass (remove unused cells and wires).
Finding unused cells or wires in module \fsm..

4.23.4. Executing MEMORY_SHARE pass (consolidating $memrd/$memwr cells).

4.23.5. Executing OPT_CLEAN pass (remove unused cells and wires).
Finding unused cells or wires in module \fsm..

4.23.6. Executing MEMORY_COLLECT pass (generating $mem cells).

4.24. Executing OPT_CLEAN pass (remove unused cells and wires).
Finding unused cells or wires in module \fsm..

4.25. Executing MEMORY_BRAM pass (mapping $mem cells to block memories).

4.26. Executing PP3_BRAMINIT pass.
cell type $and$/root/vaman_task/fsm/fsm.v:35$12
cell type $and$/root/vaman_task/fsm/fsm.v:35$7
cell type $and$/root/vaman_task/fsm/fsm.v:35$9
cell type $auto$alumacc.cc:485:replace_alu$941
cell type $auto$alumacc.cc:485:replace_alu$946
cell type $auto$alumacc.cc:485:replace_alu$949
cell type $auto$pmuxtree.cc:35:or_generator$924
cell type $auto$pmuxtree.cc:35:or_generator$932
cell type $auto$pmuxtree.cc:37:or_generator$936
cell type $auto$pmuxtree.cc:65:recursive_mux_generator$920
cell type $auto$pmuxtree.cc:65:recursive_mux_generator$922
cell type $auto$pmuxtree.cc:65:recursive_mux_generator$926
cell type $auto$pmuxtree.cc:65:recursive_mux_generator$928
cell type $auto$pmuxtree.cc:65:recursive_mux_generator$930
cell type $auto$pmuxtree.cc:65:recursive_mux_generator$934
cell type $auto$pmuxtree.cc:65:recursive_mux_generator$938
cell type $eq$/root/vaman_task/fsm/fsm.v:26$4
cell type $not$/root/vaman_task/fsm/fsm.v:35$11
cell type $or$/root/vaman_task/fsm/fsm.v:35$10
cell type $or$/root/vaman_task/fsm/fsm.v:35$13
cell type $procdff$917
cell type $procdff$918
cell type $procmux$890_CMP0
cell type $procmux$891_CMP0
cell type $procmux$892_CMP0
cell type $procmux$893_CMP0
cell type $procmux$894_CMP0
cell type $procmux$895_CMP0
cell type $procmux$897
cell type $procmux$900
cell type $procmux$902
cell type u_qlal4s3b_cell_macro

4.27. Executing TECHMAP pass (map to technology primitives).

4.27.1. Executing Verilog-2005 frontend: /root/symbiflow/bin/../share/yosys/quicklogic/pp3_brams_map.v
Parsing Verilog input from `/root/symbiflow/bin/../share/yosys/quicklogic/pp3_brams_map.v' to AST representation.
Generating RTLIL representation for module `\$__QUICKLOGIC_RAMB16K'.
/root/symbiflow/bin/../share/yosys/quicklogic/pp3_brams_map.v:21: Warning: Identifier `\VCC' is implicitly declared.
/root/symbiflow/bin/../share/yosys/quicklogic/pp3_brams_map.v:22: Warning: Identifier `\GND' is implicitly declared.
Generating RTLIL representation for module `\$__QUICKLOGIC_RAMB8K'.
/root/symbiflow/bin/../share/yosys/quicklogic/pp3_brams_map.v:235: Warning: Identifier `\GND' is implicitly declared.
/root/symbiflow/bin/../share/yosys/quicklogic/pp3_brams_map.v:236: Warning: Identifier `\VCC' is implicitly declared.
Generating RTLIL representation for module `\RAM_8K_BLK'.
/root/symbiflow/bin/../share/yosys/quicklogic/pp3_brams_map.v:538: Warning: Range [17:0] select out of bounds on signal `\out_reg0': Setting 2 MSB bits to undef.
Generating RTLIL representation for module `\RAM_16K_BLK'.
/root/symbiflow/bin/../share/yosys/quicklogic/pp3_brams_map.v:824: Warning: Range [35:0] select out of bounds on signal `\out_reg0': Setting 4 MSB bits to undef.
Generating RTLIL representation for module `\FIFO_8K_BLK'.
/root/symbiflow/bin/../share/yosys/quicklogic/pp3_brams_map.v:998: Warning: Range [35:0] select out of bounds on signal `\out_reg0': Setting 20 MSB bits to undef.
Generating RTLIL representation for module `\FIFO_16K_BLK'.
/root/symbiflow/bin/../share/yosys/quicklogic/pp3_brams_map.v:1249: Warning: Range [35:0] select out of bounds on signal `\out_reg0': Setting 4 MSB bits to undef.
Successfully finished Verilog frontend.

4.27.2. Continuing TECHMAP pass.
No more expansions possible.

4.28. Executing OPT pass (performing simple optimizations).

4.28.1. Executing OPT_EXPR pass (perform const folding).
Optimizing module fsm.

4.28.2. Executing OPT_MERGE pass (detect identical cells).
Finding identical cells in module `\fsm'.
Removed a total of 0 cells.

4.28.3. Executing OPT_RMDFF pass (remove dff with constant values).

4.28.4. Executing OPT_CLEAN pass (remove unused cells and wires).
Finding unused cells or wires in module \fsm..

4.28.5. Finished fast OPT passes.

4.29. Executing MEMORY_MAP pass (converting $mem cells to logic and flip-flops).

4.30. Executing OPT pass (performing simple optimizations).

4.30.1. Executing OPT_EXPR pass (perform const folding).
Optimizing module fsm.

4.30.2. Executing OPT_MERGE pass (detect identical cells).
Finding identical cells in module `\fsm'.
Removed a total of 0 cells.

4.30.3. Executing OPT_MUXTREE pass (detect dead branches in mux trees).
Running muxtree optimizer on module \fsm..
  Creating internal representation of mux trees.
  Evaluating internal representation of mux trees.
  Analyzing evaluation results.
Removed 0 multiplexer ports.
<suppressed ~3 debug messages>

4.30.4. Executing OPT_REDUCE pass (consolidate $*mux and $reduce_* inputs).
  Optimizing cells in module \fsm.
    Consolidated identical input bits for $mux cell $auto$pmuxtree.cc:65:recursive_mux_generator$920:
      Old ports: A=4'0110, B=4'0111, Y=$auto$rtlil.cc:2037:Mux$921
      New ports: A=1'0, B=1'1, Y=$auto$rtlil.cc:2037:Mux$921 [0]
      New connections: $auto$rtlil.cc:2037:Mux$921 [3:1] = 3'011
    Consolidated identical input bits for $mux cell $auto$pmuxtree.cc:65:recursive_mux_generator$922:
      Old ports: A=4'0100, B=4'0101, Y=$auto$rtlil.cc:2037:Mux$923
      New ports: A=1'0, B=1'1, Y=$auto$rtlil.cc:2037:Mux$923 [0]
      New connections: $auto$rtlil.cc:2037:Mux$923 [3:1] = 3'010
    Consolidated identical input bits for $mux cell $auto$pmuxtree.cc:65:recursive_mux_generator$928:
      Old ports: A=4'0010, B=4'0011, Y=$auto$rtlil.cc:2037:Mux$929
      New ports: A=1'0, B=1'1, Y=$auto$rtlil.cc:2037:Mux$929 [0]
      New connections: $auto$rtlil.cc:2037:Mux$929 [3:1] = 3'001
    Consolidated identical input bits for $mux cell $auto$pmuxtree.cc:65:recursive_mux_generator$930:
      Old ports: A=4'0000, B=4'0001, Y=$auto$rtlil.cc:2037:Mux$931
      New ports: A=1'0, B=1'1, Y=$auto$rtlil.cc:2037:Mux$931 [0]
      New connections: $auto$rtlil.cc:2037:Mux$931 [3:1] = 3'000
  Optimizing cells in module \fsm.
    Consolidated identical input bits for $mux cell $auto$pmuxtree.cc:65:recursive_mux_generator$926:
      Old ports: A=$auto$rtlil.cc:2037:Mux$923, B=$auto$rtlil.cc:2037:Mux$921, Y=$auto$rtlil.cc:2037:Mux$927
      New ports: A={ 1'0 $auto$rtlil.cc:2037:Mux$923 [0] }, B={ 1'1 $auto$rtlil.cc:2037:Mux$921 [0] }, Y=$auto$rtlil.cc:2037:Mux$927 [1:0]
      New connections: $auto$rtlil.cc:2037:Mux$927 [3:2] = 2'01
    Consolidated identical input bits for $mux cell $auto$pmuxtree.cc:65:recursive_mux_generator$934:
      Old ports: A=$auto$rtlil.cc:2037:Mux$931, B=$auto$rtlil.cc:2037:Mux$929, Y=$auto$rtlil.cc:2037:Mux$935
      New ports: A={ 1'0 $auto$rtlil.cc:2037:Mux$931 [0] }, B={ 1'1 $auto$rtlil.cc:2037:Mux$929 [0] }, Y=$auto$rtlil.cc:2037:Mux$935 [1:0]
      New connections: $auto$rtlil.cc:2037:Mux$935 [3:2] = 2'00
  Optimizing cells in module \fsm.
    Consolidated identical input bits for $mux cell $auto$pmuxtree.cc:65:recursive_mux_generator$938:
      Old ports: A=$auto$rtlil.cc:2037:Mux$935, B=$auto$rtlil.cc:2037:Mux$927, Y={ \d \c \b \a }
      New ports: A={ 1'0 $auto$rtlil.cc:2037:Mux$935 [1:0] }, B={ 1'1 $auto$rtlil.cc:2037:Mux$927 [1:0] }, Y={ \c \b \a }
      New connections: \d = 1'0
  Optimizing cells in module \fsm.
Performed a total of 7 changes.

4.30.5. Executing OPT_MERGE pass (detect identical cells).
Finding identical cells in module `\fsm'.
Removed a total of 0 cells.

4.30.6. Executing OPT_RMDFF pass (remove dff with constant values).

4.30.7. Executing OPT_CLEAN pass (remove unused cells and wires).
Finding unused cells or wires in module \fsm..

4.30.8. Executing OPT_EXPR pass (perform const folding).
Optimizing module fsm.

4.30.9. Rerunning OPT passes. (Maybe there is more to do..)

4.30.10. Executing OPT_MUXTREE pass (detect dead branches in mux trees).
Running muxtree optimizer on module \fsm..
  Creating internal representation of mux trees.
  Evaluating internal representation of mux trees.
  Analyzing evaluation results.
Removed 0 multiplexer ports.
<suppressed ~3 debug messages>

4.30.11. Executing OPT_REDUCE pass (consolidate $*mux and $reduce_* inputs).
  Optimizing cells in module \fsm.
Performed a total of 0 changes.

4.30.12. Executing OPT_MERGE pass (detect identical cells).
Finding identical cells in module `\fsm'.
Removed a total of 0 cells.

4.30.13. Executing OPT_RMDFF pass (remove dff with constant values).

4.30.14. Executing OPT_CLEAN pass (remove unused cells and wires).
Finding unused cells or wires in module \fsm..

4.30.15. Executing OPT_EXPR pass (perform const folding).
Optimizing module fsm.

4.30.16. Finished OPT passes. (There is nothing left to do.)

4.31. Executing TECHMAP pass (map to technology primitives).

4.31.1. Executing Verilog-2005 frontend: /root/symbiflow/bin/../share/yosys/techmap.v
Parsing Verilog input from `/root/symbiflow/bin/../share/yosys/techmap.v' to AST representation.
Generating RTLIL representation for module `\_90_simplemap_bool_ops'.
Generating RTLIL representation for module `\_90_simplemap_reduce_ops'.
Generating RTLIL representation for module `\_90_simplemap_logic_ops'.
Generating RTLIL representation for module `\_90_simplemap_compare_ops'.
Generating RTLIL representation for module `\_90_simplemap_various'.
Generating RTLIL representation for module `\_90_simplemap_registers'.
Generating RTLIL representation for module `\_90_shift_ops_shr_shl_sshl_sshr'.
Generating RTLIL representation for module `\_90_shift_shiftx'.
Generating RTLIL representation for module `\_90_fa'.
Generating RTLIL representation for module `\_90_lcu'.
Generating RTLIL representation for module `\_90_alu'.
Generating RTLIL representation for module `\_90_macc'.
Generating RTLIL representation for module `\_90_alumacc'.
Generating RTLIL representation for module `\$__div_mod_u'.
Generating RTLIL representation for module `\$__div_mod_trunc'.
Generating RTLIL representation for module `\_90_div'.
Generating RTLIL representation for module `\_90_mod'.
Generating RTLIL representation for module `\$__div_mod_floor'.
Generating RTLIL representation for module `\_90_divfloor'.
Generating RTLIL representation for module `\_90_modfloor'.
Generating RTLIL representation for module `\_90_pow'.
Generating RTLIL representation for module `\_90_pmux'.
Generating RTLIL representation for module `\_90_lut'.
Successfully finished Verilog frontend.

4.31.2. Continuing TECHMAP pass.
Using template $paramod\_90_alu\A_SIGNED=0\B_SIGNED=0\A_WIDTH=1\B_WIDTH=3\Y_WIDTH=3 for cells of type $alu.
Using template $paramod\_90_alu\A_SIGNED=0\B_SIGNED=0\A_WIDTH=1\B_WIDTH=27\Y_WIDTH=27 for cells of type $alu.
Using extmapper simplemap for cells of type $eq.
Using extmapper simplemap for cells of type $mux.
Using extmapper simplemap for cells of type $and.
Using template $paramod\_90_alu\A_SIGNED=0\B_SIGNED=0\A_WIDTH=25\B_WIDTH=27\Y_WIDTH=27 for cells of type $alu.
Using extmapper simplemap for cells of type $or.
Using extmapper simplemap for cells of type $not.
Using extmapper simplemap for cells of type $reduce_or.
Using extmapper simplemap for cells of type $dff.
Using extmapper simplemap for cells of type $xor.
Using template $paramod\_90_lcu\WIDTH=3 for cells of type $lcu.
Using extmapper simplemap for cells of type $pos.
Using template $paramod\_90_lcu\WIDTH=27 for cells of type $lcu.
No more expansions possible.
<suppressed ~552 debug messages>

4.32. Executing OPT pass (performing simple optimizations).

4.32.1. Executing OPT_EXPR pass (perform const folding).
Optimizing module fsm.
<suppressed ~321 debug messages>

4.32.2. Executing OPT_MERGE pass (detect identical cells).
Finding identical cells in module `\fsm'.
<suppressed ~165 debug messages>
Removed a total of 55 cells.

4.32.3. Executing OPT_RMDFF pass (remove dff with constant values).

4.32.4. Executing OPT_CLEAN pass (remove unused cells and wires).
Finding unused cells or wires in module \fsm..
Removed 59 unused cells and 241 unused wires.
<suppressed ~60 debug messages>

4.32.5. Finished fast OPT passes.

4.33. Executing MUXCOVER pass (mapping to wider MUXes).
Covering MUX trees in module fsm..
  Treeifying 37 MUXes:
    Found tree with 1 MUXes at root \b.
    Found tree with 3 MUXes at root \a.
    Found tree with 1 MUXes at root $0\delay[26:0] [0].
    Found tree with 1 MUXes at root $0\delay[26:0] [1].
    Found tree with 1 MUXes at root $0\delay[26:0] [2].
    Found tree with 1 MUXes at root $0\delay[26:0] [3].
    Found tree with 1 MUXes at root $0\delay[26:0] [4].
    Found tree with 1 MUXes at root $0\delay[26:0] [5].
    Found tree with 1 MUXes at root $0\delay[26:0] [6].
    Found tree with 1 MUXes at root $0\delay[26:0] [7].
    Found tree with 1 MUXes at root $0\delay[26:0] [8].
    Found tree with 1 MUXes at root $0\delay[26:0] [9].
    Found tree with 1 MUXes at root $0\delay[26:0] [10].
    Found tree with 1 MUXes at root $0\delay[26:0] [11].
    Found tree with 1 MUXes at root $0\delay[26:0] [12].
    Found tree with 1 MUXes at root $0\delay[26:0] [13].
    Found tree with 1 MUXes at root $0\delay[26:0] [14].
    Found tree with 1 MUXes at root $0\delay[26:0] [15].
    Found tree with 1 MUXes at root $0\delay[26:0] [16].
    Found tree with 1 MUXes at root $0\delay[26:0] [17].
    Found tree with 1 MUXes at root $0\delay[26:0] [18].
    Found tree with 1 MUXes at root $0\delay[26:0] [19].
    Found tree with 1 MUXes at root $0\delay[26:0] [20].
    Found tree with 1 MUXes at root $0\delay[26:0] [21].
    Found tree with 1 MUXes at root $0\delay[26:0] [22].
    Found tree with 1 MUXes at root $0\delay[26:0] [23].
    Found tree with 1 MUXes at root $0\delay[26:0] [24].
    Found tree with 1 MUXes at root $0\delay[26:0] [25].
    Found tree with 1 MUXes at root $0\delay[26:0] [26].
    Found tree with 2 MUXes at root $0\minterm[2:0] [0].
    Found tree with 2 MUXes at root $0\minterm[2:0] [1].
    Found tree with 2 MUXes at root $0\minterm[2:0] [2].
    Finished treeification: Found 32 trees.
  Covering trees:
    Replaced tree at \b: 1 MUX2, 0 MUX4, 0 MUX8, 0 MUX16
    Replaced tree at \a: 3 MUX2, 0 MUX4, 0 MUX8, 0 MUX16
    Replaced tree at $0\delay[26:0] [0]: 1 MUX2, 0 MUX4, 0 MUX8, 0 MUX16
    Replaced tree at $0\delay[26:0] [1]: 1 MUX2, 0 MUX4, 0 MUX8, 0 MUX16
    Replaced tree at $0\delay[26:0] [2]: 1 MUX2, 0 MUX4, 0 MUX8, 0 MUX16
    Replaced tree at $0\delay[26:0] [3]: 1 MUX2, 0 MUX4, 0 MUX8, 0 MUX16
    Replaced tree at $0\delay[26:0] [4]: 1 MUX2, 0 MUX4, 0 MUX8, 0 MUX16
    Replaced tree at $0\delay[26:0] [5]: 1 MUX2, 0 MUX4, 0 MUX8, 0 MUX16
    Replaced tree at $0\delay[26:0] [6]: 1 MUX2, 0 MUX4, 0 MUX8, 0 MUX16
    Replaced tree at $0\delay[26:0] [7]: 1 MUX2, 0 MUX4, 0 MUX8, 0 MUX16
    Replaced tree at $0\delay[26:0] [8]: 1 MUX2, 0 MUX4, 0 MUX8, 0 MUX16
    Replaced tree at $0\delay[26:0] [9]: 1 MUX2, 0 MUX4, 0 MUX8, 0 MUX16
    Replaced tree at $0\delay[26:0] [10]: 1 MUX2, 0 MUX4, 0 MUX8, 0 MUX16
    Replaced tree at $0\delay[26:0] [11]: 1 MUX2, 0 MUX4, 0 MUX8, 0 MUX16
    Replaced tree at $0\delay[26:0] [12]: 1 MUX2, 0 MUX4, 0 MUX8, 0 MUX16
    Replaced tree at $0\delay[26:0] [13]: 1 MUX2, 0 MUX4, 0 MUX8, 0 MUX16
    Replaced tree at $0\delay[26:0] [14]: 1 MUX2, 0 MUX4, 0 MUX8, 0 MUX16
    Replaced tree at $0\delay[26:0] [15]: 1 MUX2, 0 MUX4, 0 MUX8, 0 MUX16
    Replaced tree at $0\delay[26:0] [16]: 1 MUX2, 0 MUX4, 0 MUX8, 0 MUX16
    Replaced tree at $0\delay[26:0] [17]: 1 MUX2, 0 MUX4, 0 MUX8, 0 MUX16
    Replaced tree at $0\delay[26:0] [18]: 1 MUX2, 0 MUX4, 0 MUX8, 0 MUX16
    Replaced tree at $0\delay[26:0] [19]: 1 MUX2, 0 MUX4, 0 MUX8, 0 MUX16
    Replaced tree at $0\delay[26:0] [20]: 1 MUX2, 0 MUX4, 0 MUX8, 0 MUX16
    Replaced tree at $0\delay[26:0] [21]: 1 MUX2, 0 MUX4, 0 MUX8, 0 MUX16
    Replaced tree at $0\delay[26:0] [22]: 1 MUX2, 0 MUX4, 0 MUX8, 0 MUX16
    Replaced tree at $0\delay[26:0] [23]: 1 MUX2, 0 MUX4, 0 MUX8, 0 MUX16
    Replaced tree at $0\delay[26:0] [24]: 1 MUX2, 0 MUX4, 0 MUX8, 0 MUX16
    Replaced tree at $0\delay[26:0] [25]: 1 MUX2, 0 MUX4, 0 MUX8, 0 MUX16
    Replaced tree at $0\delay[26:0] [26]: 1 MUX2, 0 MUX4, 0 MUX8, 0 MUX16
    Replaced tree at $0\minterm[2:0] [0]: 2 MUX2, 0 MUX4, 0 MUX8, 0 MUX16
    Replaced tree at $0\minterm[2:0] [1]: 2 MUX2, 0 MUX4, 0 MUX8, 0 MUX16
    Replaced tree at $0\minterm[2:0] [2]: 2 MUX2, 0 MUX4, 0 MUX8, 0 MUX16
  Added a total of 0 decoder MUXes.
<suppressed ~941 debug messages>

4.34. Executing OPT_EXPR pass (perform const folding).
Optimizing module fsm.

4.35. Executing OPT pass (performing simple optimizations).

4.35.1. Executing OPT_EXPR pass (perform const folding).
Optimizing module fsm.

4.35.2. Executing OPT_MERGE pass (detect identical cells).
Finding identical cells in module `\fsm'.
Removed a total of 0 cells.

4.35.3. Executing OPT_RMDFF pass (remove dff with constant values).

4.35.4. Executing OPT_CLEAN pass (remove unused cells and wires).
Finding unused cells or wires in module \fsm..
Removed 0 unused cells and 2 unused wires.
<suppressed ~1 debug messages>

4.35.5. Finished fast OPT passes.

4.36. Executing OPT_EXPR pass (perform const folding).
Optimizing module fsm.

4.37. Executing OPT_MERGE pass (detect identical cells).
Finding identical cells in module `\fsm'.
Removed a total of 0 cells.

4.38. Executing OPT_RMDFF pass (remove dff with constant values).

4.39. Executing OPT_CLEAN pass (remove unused cells and wires).
Finding unused cells or wires in module \fsm..

4.40. Executing OPT pass (performing simple optimizations).

4.40.1. Executing OPT_EXPR pass (perform const folding).
Optimizing module fsm.

4.40.2. Executing OPT_MERGE pass (detect identical cells).
Finding identical cells in module `\fsm'.
Removed a total of 0 cells.

4.40.3. Executing OPT_MUXTREE pass (detect dead branches in mux trees).
Running muxtree optimizer on module \fsm..
  Creating internal representation of mux trees.
  No muxes found in this module.
Removed 0 multiplexer ports.

4.40.4. Executing OPT_REDUCE pass (consolidate $*mux and $reduce_* inputs).
  Optimizing cells in module \fsm.
Performed a total of 0 changes.

4.40.5. Executing OPT_MERGE pass (detect identical cells).
Finding identical cells in module `\fsm'.
Removed a total of 0 cells.

4.40.6. Executing OPT_RMDFF pass (remove dff with constant values).

4.40.7. Executing OPT_CLEAN pass (remove unused cells and wires).
Finding unused cells or wires in module \fsm..

4.40.8. Executing OPT_EXPR pass (perform const folding).
Optimizing module fsm.

4.40.9. Finished OPT passes. (There is nothing left to do.)

4.41. Executing OPT_EXPR pass (perform const folding).
Optimizing module fsm.

4.42. Executing DFF2DFFE pass (transform $dff to $dffe where applicable).
Transforming FF to FF+Enable cells in module fsm:
  created $_DFFE_PP_ cell $auto$dff2dffe.cc:219:handle_dff_cell$2051 for $0\minterm[2:0] [0] -> \minterm [0].
  removing now obsolete cell $auto$simplemap.cc:420:simplemap_dff$1227.
  created $_DFFE_PP_ cell $auto$dff2dffe.cc:219:handle_dff_cell$2058 for $0\minterm[2:0] [1] -> \minterm [1].
  removing now obsolete cell $auto$simplemap.cc:420:simplemap_dff$1228.
  created $_DFFE_PP_ cell $auto$dff2dffe.cc:219:handle_dff_cell$2065 for $0\minterm[2:0] [2] -> \minterm [2].
  removing now obsolete cell $auto$simplemap.cc:420:simplemap_dff$1229.

4.43. Executing TECHMAP pass (map to technology primitives).

4.43.1. Executing Verilog-2005 frontend: /root/symbiflow/bin/../share/yosys/quicklogic/pp3_ffs_map.v
Parsing Verilog input from `/root/symbiflow/bin/../share/yosys/quicklogic/pp3_ffs_map.v' to AST representation.
Generating RTLIL representation for module `\$_DFF_N_'.
Generating RTLIL representation for module `\$_DFF_P_'.
Generating RTLIL representation for module `\$_DFF_NN0_'.
Generating RTLIL representation for module `\$_DFF_NN1_'.
Generating RTLIL representation for module `\$_DFF_NP0_'.
Generating RTLIL representation for module `\$_DFF_NP1_'.
Generating RTLIL representation for module `\$_DFF_PN0_'.
Generating RTLIL representation for module `\$_DFF_PN1_'.
Generating RTLIL representation for module `\$_DFF_PP0_'.
Generating RTLIL representation for module `\$_DFF_PP1_'.
Generating RTLIL representation for module `\$_DFFSR_NPP_'.
Generating RTLIL representation for module `\$_DFFSR_PPP_'.
Generating RTLIL representation for module `\$_DFFE_NN_'.
Generating RTLIL representation for module `\$_DFFE_NP_'.
Generating RTLIL representation for module `\$_DFFE_PN_'.
Generating RTLIL representation for module `\$_DFFE_PP_'.
Successfully finished Verilog frontend.

4.43.2. Continuing TECHMAP pass.
Using template \$_DFF_P_ for cells of type $_DFF_P_.
Using template \$_DFFE_PP_ for cells of type $_DFFE_PP_.
No more expansions possible.
<suppressed ~30 debug messages>

4.44. Executing OPT_EXPR pass (perform const folding).
Optimizing module fsm.
<suppressed ~6 debug messages>

4.45. Executing SIMPLEMAP pass (map simple cells to gate primitives).

4.46. Executing OPT_EXPR pass (perform const folding).
Optimizing module fsm.

4.47. Executing OPT_MERGE pass (detect identical cells).
Finding identical cells in module `\fsm'.
<suppressed ~6 debug messages>
Removed a total of 2 cells.

4.48. Executing OPT_RMDFF pass (remove dff with constant values).

4.49. Executing OPT_CLEAN pass (remove unused cells and wires).
Finding unused cells or wires in module \fsm..
Removed 0 unused cells and 102 unused wires.
<suppressed ~1 debug messages>

4.50. Executing OPT pass (performing simple optimizations).

4.50.1. Executing OPT_EXPR pass (perform const folding).
Optimizing module fsm.

4.50.2. Executing OPT_MERGE pass (detect identical cells).
Finding identical cells in module `\fsm'.
Removed a total of 0 cells.

4.50.3. Executing OPT_MUXTREE pass (detect dead branches in mux trees).
Running muxtree optimizer on module \fsm..
  Creating internal representation of mux trees.
  No muxes found in this module.
Removed 0 multiplexer ports.

4.50.4. Executing OPT_REDUCE pass (consolidate $*mux and $reduce_* inputs).
  Optimizing cells in module \fsm.
Performed a total of 0 changes.

4.50.5. Executing OPT_MERGE pass (detect identical cells).
Finding identical cells in module `\fsm'.
Removed a total of 0 cells.

4.50.6. Executing OPT_RMDFF pass (remove dff with constant values).

4.50.7. Executing OPT_CLEAN pass (remove unused cells and wires).
Finding unused cells or wires in module \fsm..

4.50.8. Executing OPT_EXPR pass (perform const folding).
Optimizing module fsm.

4.50.9. Finished OPT passes. (There is nothing left to do.)

4.51. Executing TECHMAP pass (map to technology primitives).

4.51.1. Executing Verilog-2005 frontend: /root/symbiflow/bin/../share/yosys/quicklogic/pp3_latches_map.v
Parsing Verilog input from `/root/symbiflow/bin/../share/yosys/quicklogic/pp3_latches_map.v' to AST representation.
Generating RTLIL representation for module `\$_DLATCH_P_'.
Generating RTLIL representation for module `\$_DLATCH_N_'.
Generating RTLIL representation for module `\$_DLATCHSR_NNN_'.
Generating RTLIL representation for module `\$_DLATCHSR_NNP_'.
Generating RTLIL representation for module `\$_DLATCHSR_NPN_'.
Generating RTLIL representation for module `\$_DLATCHSR_NPP_'.
Generating RTLIL representation for module `\$_DLATCHSR_PNN_'.
Generating RTLIL representation for module `\$_DLATCHSR_PNP_'.
Generating RTLIL representation for module `\$_DLATCHSR_PPN_'.
Generating RTLIL representation for module `\$_DLATCHSR_PPP_'.
Successfully finished Verilog frontend.

4.51.2. Continuing TECHMAP pass.
No more expansions possible.

4.52. Executing ABC pass (technology mapping using ABC).

4.52.1. Extracting gate netlist of module `\fsm' to `<abc-temp-dir>/input.blif'..
Extracted 211 gates and 242 wires to a netlist network with 30 inputs and 35 outputs.

4.52.1.1. Executing ABC.
Running ABC command: <yosys-exe-dir>/yosys-abc -s -f <abc-temp-dir>/abc.script 2>&1
ABC: ABC command line: "source <abc-temp-dir>/abc.script".
ABC: 
ABC: + read_blif <abc-temp-dir>/input.blif 
ABC: + read_lut <abc-temp-dir>/lutdefs.txt 
ABC: + strash 
ABC: + ifraig 
ABC: + scorr 
ABC: Warning: The network is combinational (run "fraig" or "fraig_sweep").
ABC: + dc2 
ABC: + dretime 
ABC: + strash 
ABC: + dch -f 
ABC: + if 
ABC: + mfs2 
ABC: + write_blif <abc-temp-dir>/output.blif 

4.52.1.2. Re-integrating ABC results.
ABC RESULTS:              $lut cells:       71
ABC RESULTS:        internal signals:      177
ABC RESULTS:           input signals:       30
ABC RESULTS:          output signals:       35
Removing temp directory.

4.53. Executing TECHMAP pass (map to technology primitives).

4.53.1. Executing Verilog-2005 frontend: /root/symbiflow/bin/../share/yosys/quicklogic/pp3_ffs_map.v
Parsing Verilog input from `/root/symbiflow/bin/../share/yosys/quicklogic/pp3_ffs_map.v' to AST representation.
Generating RTLIL representation for module `\$_DFF_N_'.
Generating RTLIL representation for module `\$_DFF_P_'.
Generating RTLIL representation for module `\$_DFF_NN0_'.
Generating RTLIL representation for module `\$_DFF_NN1_'.
Generating RTLIL representation for module `\$_DFF_NP0_'.
Generating RTLIL representation for module `\$_DFF_NP1_'.
Generating RTLIL representation for module `\$_DFF_PN0_'.
Generating RTLIL representation for module `\$_DFF_PN1_'.
Generating RTLIL representation for module `\$_DFF_PP0_'.
Generating RTLIL representation for module `\$_DFF_PP1_'.
Generating RTLIL representation for module `\$_DFFSR_NPP_'.
Generating RTLIL representation for module `\$_DFFSR_PPP_'.
Generating RTLIL representation for module `\$_DFFE_NN_'.
Generating RTLIL representation for module `\$_DFFE_NP_'.
Generating RTLIL representation for module `\$_DFFE_PN_'.
Generating RTLIL representation for module `\$_DFFE_PP_'.
Successfully finished Verilog frontend.

4.53.2. Continuing TECHMAP pass.
No more expansions possible.
Removed 0 unused cells and 159 unused wires.

4.54. Executing TECHMAP pass (map to technology primitives).

4.54.1. Executing Verilog-2005 frontend: /root/symbiflow/bin/../share/yosys/quicklogic/pp3_cells_map.v
Parsing Verilog input from `/root/symbiflow/bin/../share/yosys/quicklogic/pp3_cells_map.v' to AST representation.
Generating RTLIL representation for module `\$_MUX8_'.
Generating RTLIL representation for module `\$_MUX4_'.
Generating RTLIL representation for module `\$_MUX_'.
Generating RTLIL representation for module `\$_NOT_'.
Generating RTLIL representation for module `\qlal4s3_mult_16x16_cell'.
/root/symbiflow/bin/../share/yosys/quicklogic/pp3_cells_map.v:44: Warning: Identifier `\Valid_mult_w' is implicitly declared.
Successfully finished Verilog frontend.

4.54.2. Executing Verilog-2005 frontend: /root/symbiflow/bin/../share/yosys/quicklogic/pp3_lut_map.v
Parsing Verilog input from `/root/symbiflow/bin/../share/yosys/quicklogic/pp3_lut_map.v' to AST representation.
Generating RTLIL representation for module `\$lut'.
Successfully finished Verilog frontend.

4.54.3. Continuing TECHMAP pass.
Using template $paramod\$lut\WIDTH=2\LUT=4'1000 for cells of type $lut.
Using template $paramod\$lut\WIDTH=4\LUT=16'1000000000000000 for cells of type $lut.
Using template $paramod\$lut\WIDTH=3\LUT=8'10000000 for cells of type $lut.
Using template $paramod\$lut\WIDTH=2\LUT=4'0001 for cells of type $lut.
Using template $paramod\$lut\WIDTH=3\LUT=8'00000001 for cells of type $lut.
Using template $paramod\$lut\WIDTH=3\LUT=8'01000000 for cells of type $lut.
Using template $paramod\$lut\WIDTH=3\LUT=8'11010000 for cells of type $lut.
Using template $paramod\$lut\WIDTH=3\LUT=8'00001101 for cells of type $lut.
Using template $paramod\$lut\WIDTH=4\LUT=16'1011000011111111 for cells of type $lut.
Using template $paramod\$lut\WIDTH=4\LUT=16'0000000011111000 for cells of type $lut.
Using template $paramod\$lut\WIDTH=3\LUT=8'00010100 for cells of type $lut.
Using template $paramod\$lut\WIDTH=3\LUT=8'01111000 for cells of type $lut.
Using template $paramod\$lut\WIDTH=2\LUT=4'0100 for cells of type $lut.
Using template $paramod\$lut\WIDTH=2\LUT=4'0110 for cells of type $lut.
Using template $paramod\$lut\WIDTH=3\LUT=8'00000111 for cells of type $lut.
Using template $paramod\$lut\WIDTH=1\LUT=2'01 for cells of type $lut.
Using template $paramod\$lut\WIDTH=3\LUT=8'10110010 for cells of type $lut.
No more expansions possible.
<suppressed ~289 debug messages>
Removed 0 unused cells and 136 unused wires.

4.55. Executing Quicklogic_EQN pass (calculate equations for luts).

4.56. Updated 68 of LUT* elements with equation.

4.57. Executing AUTONAME pass.
Renamed 451 objects in module fsm (17 iterations).
<suppressed ~139 debug messages>

4.58. Executing HIERARCHY pass (managing design hierarchy).

4.58.1. Analyzing design hierarchy..
Top module:  \fsm

4.58.2. Analyzing design hierarchy..
Top module:  \fsm
Removed 0 unused modules.

4.59. Printing statistics.

=== fsm ===

   Number of wires:                 52
   Number of wire bits:            108
   Number of public wires:          52
   Number of public wire bits:     108
   Number of memories:               0
   Number of memory bits:            0
   Number of processes:              0
   Number of cells:                 99
     LUT1                            1
     LUT2                           22
     LUT3                           37
     LUT4                            8
     dff                            27
     dffe                            3
     qlal4s3b_cell_macro             1

4.60. Executing CHECK pass (checking for obvious problems).
checking module fsm..
found and reported 0 problems.

4.61. Executing CLKBUFMAP pass (inserting global clock buffers).
Inserting $_BUF_ on fsm.clk[0].

4.62. Executing IOPADMAP pass (mapping inputs/outputs to IO-PAD cells).
Mapping port fsm.a using outpad.
Mapping port fsm.b using outpad.
Mapping port fsm.c using outpad.
Mapping port fsm.d using outpad.
Mapping port fsm.led_f using outpad.

4.63. Executing SPLITNETS pass (splitting up multi-bit signals).

4.64. Executing SETUNDEF pass (replace undef values with defined constants).

4.65. Executing HILOMAP pass (mapping to constant drivers).

4.66. Executing OPT_CLEAN pass (remove unused cells and wires).
Finding unused cells or wires in module \fsm..
Removed 0 unused cells and 10 unused wires.
<suppressed ~6 debug messages>

4.67. Executing CHECK pass (checking for obvious problems).
checking module fsm..
found and reported 0 problems.

5. Printing statistics.

=== fsm ===

   Number of wires:                105
   Number of wire bits:            105
   Number of public wires:         104
   Number of public wire bits:     104
   Number of memories:               0
   Number of memory bits:            0
   Number of processes:              0
   Number of cells:                105
     LUT1                            1
     LUT2                           22
     LUT3                           37
     LUT4                            8
     dff                            27
     dffe                            3
     logic_0                         1
     outpad                          5
     qlal4s3b_cell_macro             1

Loading PCF from '/root/vaman_task/fsm/pygmy.pcf'...
Loading pinmap CSV from '/root/symbiflow/quicklogic-arch-defs/share/arch/ql-eos-s3_wlcsp/pinmap_PU64.csv'...
Processing cells...
  type       | net        | pad        | loc      | type     | instance
 ------------+------------+------------+----------+----------+-----------
  outpad     | a          | 60         | X22Y3    | BIDIR    | $iopadmap$fsm.a
  outpad     | b          | 59         | X24Y3    | BIDIR    | $iopadmap$fsm.b
  outpad     | c          | 57         | X26Y3    | BIDIR    | $iopadmap$fsm.c
  outpad     | d          | 56         | X28Y3    | BIDIR    | $iopadmap$fsm.d
  outpad     | led_f      | 2          | X10Y3    | BIDIR    | $iopadmap$fsm.led_f

6. Executing Verilog backend.
Dumping module `\fsm'.

7. Executing TECHMAP pass (map to technology primitives).

7.1. Executing Verilog-2005 frontend: /root/symbiflow/quicklogic-arch-defs/share/techmaps/quicklogic/pp3/techmap/cells_map.v
Parsing Verilog input from `/root/symbiflow/quicklogic-arch-defs/share/techmaps/quicklogic/pp3/techmap/cells_map.v' to AST representation.
Generating RTLIL representation for module `\logic_0'.
Generating RTLIL representation for module `\logic_1'.
Generating RTLIL representation for module `\inpad'.
Generating RTLIL representation for module `\outpad'.
Generating RTLIL representation for module `\bipad'.
Generating RTLIL representation for module `\ckpad'.
Generating RTLIL representation for module `\qhsckibuff'.
Generating RTLIL representation for module `\qhsckbuff'.
Generating RTLIL representation for module `\gclkbuff'.
Generating RTLIL representation for module `\logic_cell_macro'.
Generating RTLIL representation for module `\inv'.
Generating RTLIL representation for module `\mux2x0'.
Generating RTLIL representation for module `\mux4x0'.
Generating RTLIL representation for module `\mux8x0'.
Generating RTLIL representation for module `\LUT1'.
Generating RTLIL representation for module `\LUT2'.
Generating RTLIL representation for module `\LUT3'.
Generating RTLIL representation for module `\LUT4'.
Generating RTLIL representation for module `\dff'.
Generating RTLIL representation for module `\dffc'.
Generating RTLIL representation for module `\dffp'.
Generating RTLIL representation for module `\dffpc'.
Generating RTLIL representation for module `\dffe'.
Generating RTLIL representation for module `\dffec'.
Generating RTLIL representation for module `\dffepc'.
Generating RTLIL representation for module `\dffsc'.
Generating RTLIL representation for module `\qlal4s3b_cell_macro'.
Generating RTLIL representation for module `\qlal4s3_mult_32x32_cell'.
Generating RTLIL representation for module `\qlal4s3_mult_16x16_cell'.
Generating RTLIL representation for module `\qlal4s3_mult_cell_macro'.
Successfully finished Verilog frontend.

7.2. Continuing TECHMAP pass.
Using template logic_0 for cells of type logic_0.
No more expansions possible.
<suppressed ~1 debug messages>

8. Executing TECHMAP pass (map to technology primitives).

8.1. Executing Verilog-2005 frontend: /root/symbiflow/quicklogic-arch-defs/share/techmaps/quicklogic/pp3/techmap/cells_map.v
Parsing Verilog input from `/root/symbiflow/quicklogic-arch-defs/share/techmaps/quicklogic/pp3/techmap/cells_map.v' to AST representation.
Generating RTLIL representation for module `\logic_0'.
Generating RTLIL representation for module `\logic_1'.
Generating RTLIL representation for module `\inpad'.
Generating RTLIL representation for module `\outpad'.
Generating RTLIL representation for module `\bipad'.
Generating RTLIL representation for module `\ckpad'.
Generating RTLIL representation for module `\qhsckibuff'.
Generating RTLIL representation for module `\qhsckbuff'.
Generating RTLIL representation for module `\gclkbuff'.
Generating RTLIL representation for module `\logic_cell_macro'.
Generating RTLIL representation for module `\inv'.
Generating RTLIL representation for module `\mux2x0'.
Generating RTLIL representation for module `\mux4x0'.
Generating RTLIL representation for module `\mux8x0'.
Generating RTLIL representation for module `\LUT1'.
Generating RTLIL representation for module `\LUT2'.
Generating RTLIL representation for module `\LUT3'.
Generating RTLIL representation for module `\LUT4'.
Generating RTLIL representation for module `\dff'.
Generating RTLIL representation for module `\dffc'.
Generating RTLIL representation for module `\dffp'.
Generating RTLIL representation for module `\dffpc'.
Generating RTLIL representation for module `\dffe'.
Generating RTLIL representation for module `\dffec'.
Generating RTLIL representation for module `\dffepc'.
Generating RTLIL representation for module `\dffsc'.
Generating RTLIL representation for module `\qlal4s3b_cell_macro'.
Generating RTLIL representation for module `\qlal4s3_mult_32x32_cell'.
Generating RTLIL representation for module `\qlal4s3_mult_16x16_cell'.
Generating RTLIL representation for module `\qlal4s3_mult_cell_macro'.
Successfully finished Verilog frontend.

8.2. Continuing TECHMAP pass.
Using template qlal4s3b_cell_macro for cells of type qlal4s3b_cell_macro.
Using template dff for cells of type dff.
Using template $paramod$4a30532bc133c2eb9cd5f67b9a7151b65f5b78fc\LUT3 for cells of type LUT3.
Using template $paramod$8ec3083c78151c28b65d6aa206d62ef0216666fd\LUT3 for cells of type LUT3.
Using template $paramod$a3585111a807d9eb68f35b3cdf72c072f00fd2ee\LUT2 for cells of type LUT2.
Using template $paramod$08b61d33fc5053edb3ff48cc7932a6bed21127f8\LUT3 for cells of type LUT3.
Using template $paramod$0bac8de66bcfb448c202f31a4c603d45054ce4da\LUT4 for cells of type LUT4.
Using template $paramod$bf21fee4b6975de7353dd955d4b3a8eef751c7c5\LUT2 for cells of type LUT2.
Using template $paramod$ef89328d7363dd7125c1eba8428f7d9cbe4f3212\LUT2 for cells of type LUT2.
Using template $paramod\LUT3\INIT=9'000000001\EQN=8'00110000 for cells of type LUT3.
Using template $paramod$0dee8c45763e54f30353b4988d9129c450b64183\LUT3 for cells of type LUT3.
Using template $paramod$0d57a20297f7d814347a60e796eb37c1dbe1a686\LUT3 for cells of type LUT3.
Using template $paramod$599d262041b1d3a38da932c48ee6b03f5bd83570\LUT3 for cells of type LUT3.
Using template $paramod$5312816914ac0257eca33ac3be87fd42e64349ca\LUT3 for cells of type LUT3.
Using template $paramod$0f2fd2b798220ebbcca23b9943260f6d2cf446a4\LUT4 for cells of type LUT4.
Using template $paramod$d91484b999e8902d2634ed6ec2738d69a47a120a\LUT4 for cells of type LUT4.
Using template $paramod$adb3e2998d36d23e78e72d530fe94019908a146e\outpad for cells of type outpad.
Using template $paramod\LUT1\INIT=1'1\EQN=675885097 for cells of type LUT1.
Using template dffe for cells of type dffe.
Using template $paramod$1ff3cb955baebb34bce84175d8b64f00bac588c5\outpad for cells of type outpad.
Using template $paramod$e7e37961662412d7dd1961919c60cc96c5b16f01\LUT2 for cells of type LUT2.
Using template $paramod$d8b4ab69a8b5413c066ad38d899c9d4a3dedc93a\outpad for cells of type outpad.
Using template $paramod$02aa829d7bb4d3bbae67ad5ee2e5a326704559e9\outpad for cells of type outpad.
Using template $paramod$ef63bd70681be5b3e819b6bd602ed85f2e0ac430\LUT3 for cells of type LUT3.
Using template $paramod$479164122f6233c90fb1301d4db36001bb032146\outpad for cells of type outpad.
No more expansions possible.
<suppressed ~400 debug messages>

9. Executing TECHMAP pass (map to technology primitives).

9.1. Executing Verilog-2005 frontend: /root/symbiflow/quicklogic-arch-defs/bin/../share/arch/ql-eos-s3_wlcsp/cells/ram_map.v
Parsing Verilog input from `/root/symbiflow/quicklogic-arch-defs/bin/../share/arch/ql-eos-s3_wlcsp/cells/ram_map.v' to AST representation.
Generating RTLIL representation for module `\ram8k_2x1_cell_macro'.
Successfully finished Verilog frontend.

9.2. Continuing TECHMAP pass.
No more expansions possible.

10. Executing OPT_EXPR pass (perform const folding).
Optimizing module fsm.
<suppressed ~309 debug messages>

11. Executing OPT_CLEAN pass (remove unused cells and wires).
Finding unused cells or wires in module \fsm..
Removed 0 unused cells and 147 unused wires.
<suppressed ~1 debug messages>

12. Executing SETUNDEF pass (replace undef values with defined constants).

13. Printing statistics.

=== fsm ===

   Number of wires:                842
   Number of wire bits:            959
   Number of public wires:         818
   Number of public wire bits:     818
   Number of memories:               0
   Number of memory bits:            0
   Number of processes:              0
   Number of cells:                104
     ASSP                            1
     BIDIR_CELL                      5
     C_FRAG                          8
     F_FRAG                          1
     Q_FRAG                         30
     T_FRAG                         59

14. Executing JSON backend.

15. Executing Verilog backend.
Dumping module `\fsm'.

Warnings: 8 unique messages, 11 total
End of script. Logfile hash: b9f1f4f7a5, CPU: user 16.82s system 0.34s, MEM: 178.77 MB peak
Yosys 0.9+2406 (git sha1 ca763e6d5, gcc 12.2.0-14+deb12u1 -fPIC -Os)
Time spent: 60% 18x read_verilog (10 sec), 8% 26x opt_clean (1 sec), ...
