VPR FPGA Placement and Routing.
Version: 8.1.0-dev+dadca7ecf-dirty
Revision: v8.0.0-rc2-2909-gdadca7ecf-dirty
Compiled: 2025-09-16T09:59:15
Compiler: GNU 12.2.0 on Linux-6.2.1-PRoot-Distro armv8l
Build Info: release IPO VTR_ASSERT_LEVEL=2

University of Toronto
verilogtorouting.org
vtr-users@googlegroups.com
This is free open source code under MIT license.

VPR was run with the following command-line:
vpr /root/symbiflow/quicklogic-arch-defs/share/arch/ql-eos-s3_wlcsp/arch.timing.xml fsm.eblif --device ql-eos-s3 --max_router_iterations 500 --routing_failure_predictor off --router_high_fanout_threshold -1 --constant_net_method route --route_chan_width 100 --clock_modeling route --place_delay_model delta_override --router_lookahead map --check_route quick --strict_checks off --allow_dangling_combinational_nodes on --disable_errors check_unbuffered_edges:check_route --congested_routing_iteration_threshold 0.8 --incremental_reroute_delay_ripup off --base_cost_type delay_normalized_length_bounded --bb_factor 10 --initial_pres_fac 4.0 --check_rr_graph off --suppress_warnings ,sum_pin_class:check_unbuffered_edges:load_rr_indexed_data_T_values:check_rr_node:trans_per_R:check_route:set_rr_graph_tool_comment:warn_model_missing_timing --read_rr_graph /root/symbiflow/quicklogic-arch-defs/share/arch/ql-eos-s3_wlcsp/rr_graph_ql-eos-s3_wlcsp.rr_graph.real.bin --read_placement_delay_lookup /root/symbiflow/quicklogic-arch-defs/share/arch/ql-eos-s3_wlcsp/rr_graph_ql-eos-s3_wlcsp.place_delay.bin --sdc_file /root/vaman_task/fsm/build/fsm_dummy.sdc --pack


Architecture file: /root/symbiflow/quicklogic-arch-defs/share/arch/ql-eos-s3_wlcsp/arch.timing.xml
Circuit name: fsm

# Loading Architecture Description
# Loading Architecture Description took 2.13 seconds (max_rss 21.5 MiB, delta_rss +17.8 MiB)
# Building complex block graph
# Building complex block graph took 0.60 seconds (max_rss 22.2 MiB, delta_rss +0.6 MiB)
# Load circuit
# Load circuit took 0.05 seconds (max_rss 22.9 MiB, delta_rss +0.7 MiB)
# Clean circuit
Absorbed 715 LUT buffers
Inferred  106 additional primitive pins as constant generators since they have no combinationally connected inputs
Inferred   39 additional primitive pins as constant generators due to constant inputs
Inferred    0 additional primitive pins as constant generators since they have no combinationally connected inputs
Inferred    0 additional primitive pins as constant generators due to constant inputs
Inferred    0 additional primitive pins as constant generators since they have no combinationally connected inputs
Inferred    0 additional primitive pins as constant generators due to constant inputs
Swept input(s)      : 0
Swept output(s)     : 0 (0 dangling, 0 constant)
Swept net(s)        : 141
Swept block(s)      : 1
Constant Pins Marked: 145
# Clean circuit took 0.02 seconds (max_rss 23.5 MiB, delta_rss +0.6 MiB)
# Compress circuit
# Compress circuit took 0.00 seconds (max_rss 23.5 MiB, delta_rss +0.0 MiB)
# Verify circuit
# Verify circuit took 0.00 seconds (max_rss 23.5 MiB, delta_rss +0.0 MiB)
Circuit Statistics:
  Blocks: 111
    .output   :       5
    ASSP      :       1
    BIDIR_CELL:       5
    C_FRAG    :       8
    F_FRAG    :       1
    GND       :       1
    Q_FRAG    :      30
    T_FRAG    :      59
    VCC       :       1
  Nets  : 106
    Avg Fanout:     8.6
    Max Fanout:   446.0
    Min Fanout:     1.0
  Netlist Clocks: 1
# Build Timing Graph
  Timing Graph Nodes: 1017
  Timing Graph Edges: 1591
  Timing Graph Levels: 18
# Build Timing Graph took 0.01 seconds (max_rss 23.5 MiB, delta_rss +0.0 MiB)
Netlist contains 1 clocks
  Netlist Clock 'clk' Fanout: 30 pins (2.9%), 30 blocks (27.0%)
# Load Timing Constraints

SDC file '/root/vaman_task/fsm/build/fsm_dummy.sdc' contained no SDC commands
Setting default timing constraints:
   * constrain all primay inputs and primary outputs on netlist clock 'clk'
   * optimize netlist clock to run as fast as possible
Timing constraints created 1 clocks
  Constrained Clock 'clk' Source: 'u_qlal4s3b_cell_macro.Sys_Clk0[0]'

# Load Timing Constraints took 0.00 seconds (max_rss 23.5 MiB, delta_rss +0.0 MiB)
Timing analysis: ON
Circuit netlist file: fsm.net
Circuit placement file: fsm.place
Circuit routing file: fsm.route
Circuit SDC file: /root/vaman_task/fsm/build/fsm_dummy.sdc

Packer: ENABLED
Placer: DISABLED
Router: DISABLED
Analysis: DISABLED

NetlistOpts.abosrb_buffer_luts            : true
NetlistOpts.sweep_dangling_primary_ios    : true
NetlistOpts.sweep_dangling_nets           : true
NetlistOpts.sweep_dangling_blocks         : true
NetlistOpts.sweep_constant_primary_outputs: false
NetlistOpts.netlist_verbosity             : 1
NetlistOpts.const_gen_inference           : COMB_SEQ

PackerOpts.allow_unrelated_clustering: auto
PackerOpts.alpha_clustering: 0.750000
PackerOpts.beta_clustering: 0.900000
PackerOpts.cluster_seed_type: BLEND2
PackerOpts.connection_driven: true
PackerOpts.global_clocks: true
PackerOpts.hill_climbing_flag: false
PackerOpts.inter_cluster_net_delay: 1.000000
PackerOpts.timing_driven: true
PackerOpts.target_external_pin_util: auto

RoutingArch.directionality: BI_DIRECTIONAL
RoutingArch.switch_block_type: WILTON
RoutingArch.Fs: 3

# Packing
Begin packing 'fsm.eblif'.
Warning 1: All 2 clocks will be treated as global.

After removing unused inputs...
	total blocks: 111, total nets: 106, total inputs: 0, total outputs: 5
Begin prepacking.
Finish prepacking.
Using inter-cluster delay: 1.2e-14
Warning 2: Unable to determine most common block type (perhaps the device grid was empty?)
Warning 3: Unable to infer which block type is a logic block
Warning 4: Unable to identify logic block type to apply default pin utilization targets to; this may result in denser packing than desired
Warning 5: Unable to determine most common block type (perhaps the device grid was empty?)
Warning 6: Unable to infer which block type is a logic block
Warning 7: Unable to identify logic block type to apply default packer high fanout thresholds; this may result in denser packing than desired
Packing with pin utilization targets: TL-LOGIC:1,1 TL-RAM:1,1 TL-MULT:1,1 TL-BIDIR:1,1 TL-CLOCK:1,1 TL-SDIOMUX:1,1 TL-GMUX:1,1 TL-ASSP:1,1 TL-SYN_VCC:1,1 TL-SYN_GND:1,1
Packing with high fanout thresholds: TL-LOGIC:128 TL-RAM:128 TL-MULT:128 TL-BIDIR:128 TL-CLOCK:128 TL-SDIOMUX:128 TL-GMUX:128 TL-ASSP:128 TL-SYN_VCC:128 TL-SYN_GND:128
Not enough resources expand FPGA size to (39 x 35)
Complex block 0: 'u_qlal4s3b_cell_macro' (PB-ASSP) .
Complex block 1: 'delay_dff_Q_9_D_LUT4_O.c_frag' (PB-LOGIC) ..
Complex block 2: 'delay_dff_Q_9_D_LUT2_O_1.t_frag' (PB-LOGIC) ..
Complex block 3: 'delay_dff_Q_9_D_LUT2_O_2.t_frag' (PB-LOGIC) ..
Complex block 4: 'delay_dff_Q_9_D_LUT2_O_3.t_frag' (PB-LOGIC) ..
Complex block 5: 'delay_dff_Q_9_D_LUT3_O_2.t_frag' (PB-LOGIC) ..
Complex block 6: 'delay_dff_Q_9_D_LUT2_O.t_frag' (PB-LOGIC) ..
Complex block 7: 'delay_dff_Q_9_D_LUT3_O_7.t_frag' (PB-LOGIC) ..
Complex block 8: 'delay_dff_Q_9_D_LUT3_O_8.t_frag' (PB-LOGIC) ..
Complex block 9: 'delay_dff_Q_9_D_LUT3_O_9.t_frag' (PB-LOGIC) ..
Complex block 10: 'delay_dff_Q_9_D_LUT3_O_10.t_frag' (PB-LOGIC) ..
Complex block 11: 'delay_dff_Q_9_D_LUT3_O_11.t_frag' (PB-LOGIC) ..
Complex block 12: 'delay_dff_Q_9_D_LUT3_O_12.t_frag' (PB-LOGIC) ..
Complex block 13: 'delay_dff_Q_9_D_LUT3_O_13.t_frag' (PB-LOGIC) ..
Complex block 14: 'delay_dff_Q_9_D_LUT3_O_14.t_frag' (PB-LOGIC) ..
Complex block 15: 'delay_dff_Q_9_D_LUT3_O_15.t_frag' (PB-LOGIC) ..
Complex block 16: 'delay_dff_Q_9_D_LUT3_O_16.t_frag' (PB-LOGIC) ..
Complex block 17: 'delay_dff_Q_9_D_LUT3_O_17.t_frag' (PB-LOGIC) ..
Complex block 18: 'delay_dff_Q_9_D_LUT3_O_18.t_frag' (PB-LOGIC) ..
Complex block 19: 'delay_dff_Q_9_D_LUT3_O_19.t_frag' (PB-LOGIC) ..
Complex block 20: 'delay_dff_Q_9_D_LUT3_O.t_frag' (PB-LOGIC) ..
Complex block 21: 'delay_dff_Q_9_D_LUT3_O_1.t_frag' (PB-LOGIC) ..
Complex block 22: 'delay_dff_Q_9_D_LUT3_O_3.t_frag' (PB-LOGIC) ..
Complex block 23: 'delay_dff_Q_9_D_LUT3_O_4.t_frag' (PB-LOGIC) ..
Complex block 24: 'delay_dff_Q_9_D_LUT3_O_5.t_frag' (PB-LOGIC) ..
Complex block 25: 'delay_dff_Q_9_D_LUT3_O_6.t_frag' (PB-LOGIC) ..
Complex block 26: 'Q_LUT2_I0.t_frag' (PB-LOGIC) ..
Complex block 27: 'P_LUT3_I0.t_frag' (PB-LOGIC) ..
Complex block 28: '$iopadmap$fsm.led_f' (PB-BIDIR) .
Complex block 29: '$iopadmap$fsm.a' (PB-BIDIR) .
Complex block 30: '$iopadmap$fsm.b' (PB-BIDIR) .
Complex block 31: '$iopadmap$fsm.c' (PB-BIDIR) .
Complex block 32: 'R_dffe_Q_EN_LUT4_O.c_frag' (PB-LOGIC) ..
Complex block 33: 'delay_dff_Q_9_D_LUT3_O_14_I1_LUT4_I3.c_frag' (PB-LOGIC) .
Complex block 34: 'delay_dff_Q_9_D_LUT3_O_14_I1_LUT4_O.c_frag' (PB-LOGIC) .
Complex block 35: 'delay_dff_Q_9_D_LUT3_O_17_I1_LUT4_O.c_frag' (PB-LOGIC) .
Complex block 36: 'delay_dff_Q_9_D_LUT3_O_7_I1_LUT4_O.c_frag' (PB-LOGIC) .
Complex block 37: 'delay_dff_Q_9_D_LUT3_O_7_I1_LUT4_I3.c_frag' (PB-LOGIC) .
Complex block 38: 'delay_dff_Q_9_D_LUT3_O_I1_LUT4_O.c_frag' (PB-LOGIC) .
Complex block 39: 'R_dffe_Q_EN_LUT4_O_I3_LUT3_O_I2_LUT3_O.t_frag' (PB-LOGIC) ...
Complex block 40: '$iopadmap$fsm.d' (PB-BIDIR) .
Complex block 41: 'delay_dff_Q_9_D_LUT3_O_5_I1_LUT2_O_I0_LUT3_I0.t_frag' (PB-LOGIC) ...
Complex block 42: 'R_dffe_Q_EN_LUT4_O_I0_LUT2_O.t_frag' (PB-LOGIC) ..
Complex block 43: 'R_dffe_Q_EN_LUT4_O_I2_LUT2_O.t_frag' (PB-LOGIC) .
Complex block 44: '$false' (PB-SYN_GND) .
Complex block 45: '$true' (PB-SYN_VCC) .
	EMPTY: # blocks: 0, average # input + clock pins used: 0, average # output pins used: 0
	PB-GMUX: # blocks: 0, average # input + clock pins used: 0, average # output pins used: 0
	PB-LOGIC: # blocks: 38, average # input + clock pins used: 17.7368, average # output pins used: 1.86842
	PB-CLOCK: # blocks: 0, average # input + clock pins used: 0, average # output pins used: 0
	PB-MULT: # blocks: 0, average # input + clock pins used: 0, average # output pins used: 0
	PB-SDIOMUX: # blocks: 0, average # input + clock pins used: 0, average # output pins used: 0
	PB-RAM: # blocks: 0, average # input + clock pins used: 0, average # output pins used: 0
	PB-SYN_VCC: # blocks: 1, average # input + clock pins used: 0, average # output pins used: 1
	PB-BIDIR: # blocks: 5, average # input + clock pins used: 3, average # output pins used: 0
	PB-SYN_GND: # blocks: 1, average # input + clock pins used: 0, average # output pins used: 1
	PB-ASSP: # blocks: 1, average # input + clock pins used: 161, average # output pins used: 1
Absorbed logical nets 32 out of 106 nets, 74 nets not absorbed.
Incr Slack updates 1 in 0.000546539 sec
Full Max Req/Worst Slack updates 1 in 0.000598538 sec
Incr Max Req/Worst Slack updates 0 in 0 sec
Incr Criticality updates 0 in 0 sec
Full Criticality updates 1 in 0.000468077 sec
FPGA sized to 39 x 35 (ql-eos-s3)
Device Utilization: 0.03 (target 1.00)
	Block Utilization: 0.04 Type: PB-LOGIC
	Block Utilization: 1.00 Type: PB-SYN_VCC
	Block Utilization: 0.16 Type: PB-BIDIR
	Block Utilization: 1.00 Type: PB-SYN_GND
	Block Utilization: 1.00 Type: PB-ASSP


Netlist conversion complete.

# Packing took 0.30 seconds (max_rss 23.9 MiB, delta_rss +0.4 MiB)
# Load Packing
Begin loading packed FPGA netlist file.
Netlist generated from file 'fsm.net'.
Detected 2 constant generators (to see names run with higher pack verbosity)
Finished loading packed FPGA netlist file (took 0.096762 seconds).
# Load Packing took 0.11 seconds (max_rss 24.7 MiB, delta_rss +0.9 MiB)
Warning 8: Netlist contains 0 global net to non-global architecture pin connections
Warning 9: Logic block #44 ($false) has only 1 output pin '$false.GND0_GND[0]'. It may be a constant generator.
Warning 10: Logic block #45 ($true) has only 1 output pin '$true.VCC0_VCC[0]'. It may be a constant generator.

Netlist num_nets: 74
Netlist num_blocks: 46
Netlist EMPTY blocks: 0.
Netlist PB-GMUX blocks: 0.
Netlist PB-LOGIC blocks: 38.
Netlist PB-CLOCK blocks: 0.
Netlist PB-MULT blocks: 0.
Netlist PB-SDIOMUX blocks: 0.
Netlist PB-RAM blocks: 0.
Netlist PB-SYN_VCC blocks: 1.
Netlist PB-BIDIR blocks: 5.
Netlist PB-SYN_GND blocks: 1.
Netlist PB-ASSP blocks: 1.
Netlist inputs pins: 0
Netlist output pins: 15


Pb types usage...
  PB-LOGIC          : 38
   LOGIC            : 38
    FRAGS           : 38
     c_frag_modes   : 38
      SINGLE        : 8
       c_frag       : 8
      SPLIT         : 30
       b_frag       : 30
       t_frag       : 29
     f_frag         : 1
     q_frag_modes   : 30
      INT           : 27
       q_frag       : 27
      EXT           : 3
       q_frag       : 3
  PB-SYN_VCC        : 1
   VCC              : 1
  PB-BIDIR          : 5
   BIDIR            : 5
    OUTPUT          : 5
     bidir          : 5
     outpad         : 5
  PB-SYN_GND        : 1
   GND              : 1
  PB-ASSP           : 1
   ASSP             : 1

# Create Device
## Build Device Grid
FPGA sized to 39 x 35: 1365 grid tiles (ql-eos-s3)

Resource usage...
	Netlist
		0	blocks of type: PB-GMUX
	Architecture
		5	blocks of type: TL-GMUX
	Netlist
		38	blocks of type: PB-LOGIC
	Architecture
		891	blocks of type: TL-LOGIC
	Netlist
		0	blocks of type: PB-CLOCK
	Architecture
		5	blocks of type: TL-CLOCK
	Netlist
		0	blocks of type: PB-MULT
	Architecture
		2	blocks of type: TL-MULT
	Netlist
		0	blocks of type: PB-SDIOMUX
	Architecture
		14	blocks of type: TL-SDIOMUX
	Netlist
		0	blocks of type: PB-RAM
	Architecture
		4	blocks of type: TL-RAM
	Netlist
		1	blocks of type: PB-SYN_VCC
	Architecture
		1	blocks of type: TL-SYN_VCC
	Netlist
		5	blocks of type: PB-BIDIR
	Architecture
		32	blocks of type: TL-BIDIR
	Netlist
		1	blocks of type: PB-SYN_GND
	Architecture
		1	blocks of type: TL-SYN_GND
	Netlist
		1	blocks of type: PB-ASSP
	Architecture
		1	blocks of type: TL-ASSP

Device Utilization: 0.03 (target 1.00)
	Physical Tile TL-LOGIC:
	Block Utilization: 0.04 Logical Block: PB-LOGIC
	Physical Tile TL-RAM:
	Block Utilization: 0.00 Logical Block: PB-RAM
	Physical Tile TL-MULT:
	Block Utilization: 0.00 Logical Block: PB-MULT
	Physical Tile TL-BIDIR:
	Block Utilization: 0.16 Logical Block: PB-BIDIR
	Physical Tile TL-CLOCK:
	Block Utilization: 0.00 Logical Block: PB-CLOCK
	Physical Tile TL-SDIOMUX:
	Block Utilization: 0.00 Logical Block: PB-SDIOMUX
	Physical Tile TL-GMUX:
	Block Utilization: 0.00 Logical Block: PB-GMUX
	Physical Tile TL-ASSP:
	Block Utilization: 1.00 Logical Block: PB-ASSP
	Physical Tile TL-SYN_VCC:
	Block Utilization: 1.00 Logical Block: PB-SYN_VCC
	Physical Tile TL-SYN_GND:
	Block Utilization: 1.00 Logical Block: PB-SYN_GND

## Build Device Grid took 0.03 seconds (max_rss 24.7 MiB, delta_rss +0.0 MiB)
## Loading routing resource graph



Warning 11: This architecture version is for VPR 8.1.0-dev+dadca7ecf-dirty while your current VPR version is 8.1.0-dev+dadca7ecf compatability issues may arise

## Loading routing resource graph took 3.14 seconds (max_rss 331.5 MiB, delta_rss +306.7 MiB)
  RR Graph Nodes: 1396446
  RR Graph Edges: 2337988
# Create Device took 9.58 seconds (max_rss 331.5 MiB, delta_rss +306.7 MiB)


Flow timing analysis took 0.0109542 seconds (0.00794731 STA, 0.00300692 slack) (1 full updates: 1 setup, 0 hold, 0 combined).
VPR succeeded
The entire flow of VPR took 13.01 seconds (max_rss 331.5 MiB)
