VPR FPGA Placement and Routing.
Version: 8.1.0-dev+dadca7ecf-dirty
Revision: v8.0.0-rc2-2909-gdadca7ecf-dirty
Compiled: 2025-09-16T09:59:15
Compiler: GNU 12.2.0 on Linux-6.2.1-PRoot-Distro armv8l
Build Info: release IPO VTR_ASSERT_LEVEL=2

University of Toronto
verilogtorouting.org
vtr-users@googlegroups.com
This is free open source code under MIT license.

VPR was run with the following command-line:
vpr /root/symbiflow/quicklogic-arch-defs/share/arch/ql-eos-s3_wlcsp/arch.timing.xml ic_7474.eblif --device ql-eos-s3 --max_router_iterations 500 --routing_failure_predictor off --router_high_fanout_threshold -1 --constant_net_method route --route_chan_width 100 --clock_modeling route --place_delay_model delta_override --router_lookahead map --check_route quick --strict_checks off --allow_dangling_combinational_nodes on --disable_errors check_unbuffered_edges:check_route --congested_routing_iteration_threshold 0.8 --incremental_reroute_delay_ripup off --base_cost_type delay_normalized_length_bounded --bb_factor 10 --initial_pres_fac 4.0 --check_rr_graph off --suppress_warnings ,sum_pin_class:check_unbuffered_edges:load_rr_indexed_data_T_values:check_rr_node:trans_per_R:check_route:set_rr_graph_tool_comment:warn_model_missing_timing --read_rr_graph /root/symbiflow/quicklogic-arch-defs/share/arch/ql-eos-s3_wlcsp/rr_graph_ql-eos-s3_wlcsp.rr_graph.real.bin --read_placement_delay_lookup /root/symbiflow/quicklogic-arch-defs/share/arch/ql-eos-s3_wlcsp/rr_graph_ql-eos-s3_wlcsp.place_delay.bin --sdc_file /root/vaman_task/ic_7474/build/ic_7474_dummy.sdc --pack


Architecture file: /root/symbiflow/quicklogic-arch-defs/share/arch/ql-eos-s3_wlcsp/arch.timing.xml
Circuit name: ic_7474

# Loading Architecture Description
# Loading Architecture Description took 1.95 seconds (max_rss 21.6 MiB, delta_rss +17.9 MiB)
# Building complex block graph
# Building complex block graph took 0.61 seconds (max_rss 22.2 MiB, delta_rss +0.6 MiB)
# Load circuit
# Load circuit took 0.01 seconds (max_rss 22.2 MiB, delta_rss +0.0 MiB)
# Clean circuit
Absorbed 7 LUT buffers
Inferred  106 additional primitive pins as constant generators since they have no combinationally connected inputs
Inferred   35 additional primitive pins as constant generators due to constant inputs
Inferred    0 additional primitive pins as constant generators since they have no combinationally connected inputs
Inferred    0 additional primitive pins as constant generators due to constant inputs
Inferred    0 additional primitive pins as constant generators since they have no combinationally connected inputs
Inferred    0 additional primitive pins as constant generators due to constant inputs
Swept input(s)      : 0
Swept output(s)     : 0 (0 dangling, 0 constant)
Swept net(s)        : 141
Swept block(s)      : 1
Constant Pins Marked: 141
# Clean circuit took 0.00 seconds (max_rss 22.2 MiB, delta_rss +0.0 MiB)
# Compress circuit
# Compress circuit took 0.00 seconds (max_rss 22.2 MiB, delta_rss +0.0 MiB)
# Verify circuit
# Verify circuit took 0.00 seconds (max_rss 22.2 MiB, delta_rss +0.0 MiB)
Circuit Statistics:
  Blocks: 14
    .input    :       3
    .output   :       1
    ASSP      :       1
    BIDIR_CELL:       4
    GND       :       1
    Q_FRAG    :       2
    T_FRAG    :       1
    VCC       :       1
  Nets  : 13
    Avg Fanout:    15.0
    Max Fanout:   173.0
    Min Fanout:     1.0
  Netlist Clocks: 1
# Build Timing Graph
  Timing Graph Nodes: 208
  Timing Graph Edges: 220
  Timing Graph Levels: 6
# Build Timing Graph took 0.00 seconds (max_rss 22.2 MiB, delta_rss +0.0 MiB)
Netlist contains 1 clocks
  Netlist Clock 'clk' Fanout: 2 pins (1.0%), 2 blocks (14.3%)
# Load Timing Constraints

SDC file '/root/vaman_task/ic_7474/build/ic_7474_dummy.sdc' contained no SDC commands
Setting default timing constraints:
   * constrain all primay inputs and primary outputs on netlist clock 'clk'
   * optimize netlist clock to run as fast as possible
Timing constraints created 1 clocks
  Constrained Clock 'clk' Source: 'u_qlal4s3b_cell_macro.Sys_Clk0[0]'

# Load Timing Constraints took 0.00 seconds (max_rss 22.2 MiB, delta_rss +0.0 MiB)
Timing analysis: ON
Circuit netlist file: ic_7474.net
Circuit placement file: ic_7474.place
Circuit routing file: ic_7474.route
Circuit SDC file: /root/vaman_task/ic_7474/build/ic_7474_dummy.sdc

Packer: ENABLED
Placer: DISABLED
Router: DISABLED
Analysis: DISABLED

NetlistOpts.abosrb_buffer_luts            : true
NetlistOpts.sweep_dangling_primary_ios    : true
NetlistOpts.sweep_dangling_nets           : true
NetlistOpts.sweep_dangling_blocks         : true
NetlistOpts.sweep_constant_primary_outputs: false
NetlistOpts.netlist_verbosity             : 1
NetlistOpts.const_gen_inference           : COMB_SEQ

PackerOpts.allow_unrelated_clustering: auto
PackerOpts.alpha_clustering: 0.750000
PackerOpts.beta_clustering: 0.900000
PackerOpts.cluster_seed_type: BLEND2
PackerOpts.connection_driven: true
PackerOpts.global_clocks: true
PackerOpts.hill_climbing_flag: false
PackerOpts.inter_cluster_net_delay: 1.000000
PackerOpts.timing_driven: true
PackerOpts.target_external_pin_util: auto

RoutingArch.directionality: BI_DIRECTIONAL
RoutingArch.switch_block_type: WILTON
RoutingArch.Fs: 3

# Packing
Begin packing 'ic_7474.eblif'.
Warning 1: All 2 clocks will be treated as global.

After removing unused inputs...
	total blocks: 14, total nets: 13, total inputs: 3, total outputs: 1
Begin prepacking.
Finish prepacking.
Using inter-cluster delay: 1.2e-14
Warning 2: Unable to determine most common block type (perhaps the device grid was empty?)
Warning 3: Unable to infer which block type is a logic block
Warning 4: Unable to identify logic block type to apply default pin utilization targets to; this may result in denser packing than desired
Warning 5: Unable to determine most common block type (perhaps the device grid was empty?)
Warning 6: Unable to infer which block type is a logic block
Warning 7: Unable to identify logic block type to apply default packer high fanout thresholds; this may result in denser packing than desired
Packing with pin utilization targets: TL-LOGIC:1,1 TL-RAM:1,1 TL-MULT:1,1 TL-BIDIR:1,1 TL-CLOCK:1,1 TL-SDIOMUX:1,1 TL-GMUX:1,1 TL-ASSP:1,1 TL-SYN_VCC:1,1 TL-SYN_GND:1,1
Packing with high fanout thresholds: TL-LOGIC:128 TL-RAM:128 TL-MULT:128 TL-BIDIR:128 TL-CLOCK:128 TL-SDIOMUX:128 TL-GMUX:128 TL-ASSP:128 TL-SYN_VCC:128 TL-SYN_GND:128
Not enough resources expand FPGA size to (39 x 35)
Complex block 0: 'u_qlal4s3b_cell_macro' (PB-ASSP) .
Complex block 1: 'F_comb_LUT3_O.t_frag' (PB-LOGIC) .
Complex block 2: 'Q' (PB-BIDIR) .
Complex block 3: 'P' (PB-BIDIR) .
Complex block 4: 'R' (PB-BIDIR) .
Complex block 5: '$iopadmap$ic_7474.F_led' (PB-BIDIR) .
Complex block 6: 'F_led_dff_Q' (PB-LOGIC) .
Complex block 7: '$false' (PB-SYN_GND) .
Complex block 8: '$true' (PB-SYN_VCC) .
	EMPTY: # blocks: 0, average # input + clock pins used: 0, average # output pins used: 0
	PB-GMUX: # blocks: 0, average # input + clock pins used: 0, average # output pins used: 0
	PB-LOGIC: # blocks: 2, average # input + clock pins used: 10, average # output pins used: 1
	PB-CLOCK: # blocks: 0, average # input + clock pins used: 0, average # output pins used: 0
	PB-MULT: # blocks: 0, average # input + clock pins used: 0, average # output pins used: 0
	PB-SDIOMUX: # blocks: 0, average # input + clock pins used: 0, average # output pins used: 0
	PB-RAM: # blocks: 0, average # input + clock pins used: 0, average # output pins used: 0
	PB-SYN_VCC: # blocks: 1, average # input + clock pins used: 0, average # output pins used: 1
	PB-BIDIR: # blocks: 4, average # input + clock pins used: 2.25, average # output pins used: 0.75
	PB-SYN_GND: # blocks: 1, average # input + clock pins used: 0, average # output pins used: 1
	PB-ASSP: # blocks: 1, average # input + clock pins used: 161, average # output pins used: 1
Absorbed logical nets 5 out of 13 nets, 8 nets not absorbed.
Incr Slack updates 1 in 0.000115077 sec
Full Max Req/Worst Slack updates 1 in 0.000397462 sec
Incr Max Req/Worst Slack updates 0 in 0 sec
Incr Criticality updates 0 in 0 sec
Full Criticality updates 1 in 0.000422769 sec
FPGA sized to 39 x 35 (ql-eos-s3)
Device Utilization: 0.01 (target 1.00)
	Block Utilization: 0.00 Type: PB-LOGIC
	Block Utilization: 1.00 Type: PB-SYN_VCC
	Block Utilization: 0.12 Type: PB-BIDIR
	Block Utilization: 1.00 Type: PB-SYN_GND
	Block Utilization: 1.00 Type: PB-ASSP


Netlist conversion complete.

# Packing took 0.21 seconds (max_rss 22.2 MiB, delta_rss +0.0 MiB)
# Load Packing
Begin loading packed FPGA netlist file.
Netlist generated from file 'ic_7474.net'.
Detected 2 constant generators (to see names run with higher pack verbosity)
Finished loading packed FPGA netlist file (took 0.030169 seconds).
# Load Packing took 0.04 seconds (max_rss 22.3 MiB, delta_rss +0.1 MiB)
Warning 8: Netlist contains 0 global net to non-global architecture pin connections
Warning 9: Logic block #7 ($false) has only 1 output pin '$false.GND0_GND[0]'. It may be a constant generator.
Warning 10: Logic block #8 ($true) has only 1 output pin '$true.VCC0_VCC[0]'. It may be a constant generator.

Netlist num_nets: 8
Netlist num_blocks: 9
Netlist EMPTY blocks: 0.
Netlist PB-GMUX blocks: 0.
Netlist PB-LOGIC blocks: 2.
Netlist PB-CLOCK blocks: 0.
Netlist PB-MULT blocks: 0.
Netlist PB-SDIOMUX blocks: 0.
Netlist PB-RAM blocks: 0.
Netlist PB-SYN_VCC blocks: 1.
Netlist PB-BIDIR blocks: 4.
Netlist PB-SYN_GND blocks: 1.
Netlist PB-ASSP blocks: 1.
Netlist inputs pins: 3
Netlist output pins: 9


Pb types usage...
  PB-LOGIC          : 2
   LOGIC            : 2
    FRAGS           : 2
     c_frag_modes   : 1
      SPLIT         : 1
       b_frag       : 1
     q_frag_modes   : 2
      INT           : 1
       q_frag       : 1
      EXT           : 1
       q_frag       : 1
  PB-SYN_VCC        : 1
   VCC              : 1
  PB-BIDIR          : 4
   BIDIR            : 4
    INPUT           : 3
     bidir          : 3
     inpad          : 3
    OUTPUT          : 1
     bidir          : 1
     outpad         : 1
  PB-SYN_GND        : 1
   GND              : 1
  PB-ASSP           : 1
   ASSP             : 1

# Create Device
## Build Device Grid
FPGA sized to 39 x 35: 1365 grid tiles (ql-eos-s3)

Resource usage...
	Netlist
		0	blocks of type: PB-GMUX
	Architecture
		5	blocks of type: TL-GMUX
	Netlist
		2	blocks of type: PB-LOGIC
	Architecture
		891	blocks of type: TL-LOGIC
	Netlist
		0	blocks of type: PB-CLOCK
	Architecture
		5	blocks of type: TL-CLOCK
	Netlist
		0	blocks of type: PB-MULT
	Architecture
		2	blocks of type: TL-MULT
	Netlist
		0	blocks of type: PB-SDIOMUX
	Architecture
		14	blocks of type: TL-SDIOMUX
	Netlist
		0	blocks of type: PB-RAM
	Architecture
		4	blocks of type: TL-RAM
	Netlist
		1	blocks of type: PB-SYN_VCC
	Architecture
		1	blocks of type: TL-SYN_VCC
	Netlist
		4	blocks of type: PB-BIDIR
	Architecture
		32	blocks of type: TL-BIDIR
	Netlist
		1	blocks of type: PB-SYN_GND
	Architecture
		1	blocks of type: TL-SYN_GND
	Netlist
		1	blocks of type: PB-ASSP
	Architecture
		1	blocks of type: TL-ASSP

Device Utilization: 0.01 (target 1.00)
	Physical Tile TL-LOGIC:
	Block Utilization: 0.00 Logical Block: PB-LOGIC
	Physical Tile TL-RAM:
	Block Utilization: 0.00 Logical Block: PB-RAM
	Physical Tile TL-MULT:
	Block Utilization: 0.00 Logical Block: PB-MULT
	Physical Tile TL-BIDIR:
	Block Utilization: 0.12 Logical Block: PB-BIDIR
	Physical Tile TL-CLOCK:
	Block Utilization: 0.00 Logical Block: PB-CLOCK
	Physical Tile TL-SDIOMUX:
	Block Utilization: 0.00 Logical Block: PB-SDIOMUX
	Physical Tile TL-GMUX:
	Block Utilization: 0.00 Logical Block: PB-GMUX
	Physical Tile TL-ASSP:
	Block Utilization: 1.00 Logical Block: PB-ASSP
	Physical Tile TL-SYN_VCC:
	Block Utilization: 1.00 Logical Block: PB-SYN_VCC
	Physical Tile TL-SYN_GND:
	Block Utilization: 1.00 Logical Block: PB-SYN_GND

## Build Device Grid took 0.03 seconds (max_rss 22.4 MiB, delta_rss +0.0 MiB)
## Loading routing resource graph



Warning 11: This architecture version is for VPR 8.1.0-dev+dadca7ecf-dirty while your current VPR version is 8.1.0-dev+dadca7ecf compatability issues may arise

## Loading routing resource graph took 3.61 seconds (max_rss 330.4 MiB, delta_rss +308.0 MiB)
  RR Graph Nodes: 1396446
  RR Graph Edges: 2337988
# Create Device took 10.23 seconds (max_rss 330.4 MiB, delta_rss +308.0 MiB)


Flow timing analysis took 0.00778585 seconds (0.00559961 STA, 0.00218623 slack) (1 full updates: 1 setup, 0 hold, 0 combined).
VPR succeeded
The entire flow of VPR took 13.23 seconds (max_rss 330.4 MiB)
